07-23 02:39:14.240 I/ActivityTaskManager( 1821): START u0 {act=android.intent.action.MAIN cat=[android.intent.category.DEFAULT] flg=0x10040000 xflg=0x4 cmp=com.mi.android.globallauncher/com.miui.home.recents.RecentsActivity} with LAUNCH_SINGLE_TASK from uid 10150 from pid 2484 callingPackage com.mi.android.globallauncher (BAL_ALLOW_ALLOWLISTED_COMPONENT) result code=2
07-23 02:39:14.240 I/AppStartScenario( 1821): notifyScenarioChanged: active=true param=Bundle[{renderThreadId=2943, applicationThread=android.os.BinderProxy@7931cef, pid=2484, uid=10150, name=com.miui.home.recents.RecentsActivity, type=2, state=3, processName=com.mi.android.globallauncher, packageName=com.mi.android.globallauncher, homeApp=false, appSwitch=false}]
07-23 02:39:14.240 I/libPowerHal( 1097): [perfSetSysInfo] pid type:24, 2484
07-23 02:39:14.240 W/HWUI    ( 1821): Image decoding logging dropped!
07-23 02:39:14.240 I/MTK_APPList( 1087): [notifyAPPstate] pc:0, com.teslacoilsw.launcher => com.mi.android.globallauncher
07-23 02:39:14.240 D/WindowManager( 1821): Set transition=TransitionRecord{c56bd75 id=9381 type=OPEN flags=0x0 overrideAnimOptions={t=CUSTOM overrideTask=true enterResId=0 changeResId=0 exitResId=0 mUserId=0} c=[
07-23 02:39:14.240 D/WindowManager( 1821):    ChangeInfo{a3b57ae container=ActivityRecord{1650046 u0 com.teslacoilsw.launcher/.NovaLauncher t50020} flags=0x0}
07-23 02:39:14.240 D/WindowManager( 1821):    ChangeInfo{e8f894f container=WallpaperWindowToken{2dc2ac0 showWhenLocked=true} flags=0x0}
07-23 02:39:14.240 D/WindowManager( 1821):    ChangeInfo{10db8dc container=ActivityRecord{116164879 u0 com.mi.android.globallauncher/com.miui.home.recents.RecentsActivity t49867} flags=0x0}
07-23 02:39:14.240 D/WindowManager( 1821):    ChangeInfo{752ede5 container=DefaultTaskDisplayArea@123017438 flags=0x0}
07-23 02:39:14.240 D/WindowManager( 1821):    ChangeInfo{6e940ba container=Task{7ae3ae8 #50019 type=home} flags=0x0}
07-23 02:39:14.240 D/WindowManager( 1821):    ChangeInfo{ce56b6b container=Task{a96a38a #50020 type=home I=com.teslacoilsw.launcher/.NovaLauncher} flags=0x0}
07-23 02:39:14.240 D/WindowManager( 1821):    ChangeInfo{42b86c8 container=ActivityRecord{203849994 u0 com.mi.android.globallauncher/com.miui.home.recents.RecentsActivity t-1} flags=0x0}
07-23 02:39:14.240 D/WindowManager( 1821):    ChangeInfo{498361 container=Display{#0 state=ON size=1220x2712 ROTATION_0} flags=0x0}
07-23 02:39:14.240 D/WindowManager( 1821):    ChangeInfo{35aae86 container=Task{ff28b07 #49867 type=recents I=com.mi.android.globallauncher/com.miui.home.recents.RecentsActivity} flags=0x0}
07-23 02:39:14.240 D/WindowManager( 1821): ]
07-23 02:39:14.240 D/WindowManager( 1821): }, ready=true, SyncId=9381 info=used=true, override=false, defer=0, states=Display{#0 state=ON size=1220x2712 ROTATION_0}:true reason=com.android.server.wm.Transition.applyReady:1272 com.android.server.wm.Transition.start:898 com.android.server.wm.WindowOrganizerController.startTransition:540 com.android.server.wm.WindowOrganizerController.startTransition:415 android.window.IWindowOrganizerController$Stub.onTransact:295 com.android.server.wm.WindowOrganizerController.onTransact:269 android.os.Binder.execTransactInternal:1433 android.os.Binder.execTransact:1372 
07-23 02:39:14.240 D/SystemPerformanceHinter( 1821): startSession#HighPerfSession-d0-Transition
07-23 02:39:14.240 D/WmSystemUiDebug( 1821): on system bar attributes changed displayId=16777216 appearance= appearanceRegions=[AppearanceRegion{ bounds=[0,0][1220,2712]}] navbarColorManagedByIme=false behavior=1 requestedVisibleTypes=[statusBars navigationBars captionBar systemGestures mandatorySystemGestures tappableElement displayCutout windowDecor systemOverlays] packageName=com.teslacoilsw.launcher letterboxDetails=[]
07-23 02:39:14.241 I/MultiTaskingTaskRepository( 2784): needSkip::is home task
07-23 02:39:14.241 D/MiuiDecorationHomeController( 2784): relayout::taskId=50019, userId=0, visible=true, bounds=Rect(0, 0 - 1220, 2712), focused=false, activityType=2, displayId=0, baseActivity=ComponentInfo{com.teslacoilsw.launcher/com.teslacoilsw.launcher.NovaLauncher}, topActivity=ComponentInfo{com.teslacoilsw.launcher/com.teslacoilsw.launcher.NovaLauncher}, callers=com.android.wm.shell.multitasking.miuimultiwinswitch.miuiwindowdecor.decoration.MiuiDecorationController.relayout:4 com.android.wm.shell.multitasking.miuimultiwinswitch.miuiwindowdecor.MulWinSwitchDecorViewModel.onTaskInfoChanged:18 com.android.wm.shell.multitasking.common.taskmanager.MultiTaskingTaskListener.onTaskInfoChanged:47 com.android.wm.shell.ShellTaskOrganizer.onTaskInfoChanged:136 android.window.TaskOrganizer$1.lambda$onTaskInfoChanged$6:300 
07-23 02:39:14.241 D/MiuiDecorationHomeBottom( 2784): needHomeBottomCaption: needSupportNavigationHandle = false
07-23 02:39:14.241 D/MiuiDecorationBottom( 2784): releaseViews_HomeBottomCaption: taskId=50019
07-23 02:39:14.241 D/MiuiDecorationBottom( 2784): releaseViews_HomeBottomCaption: taskId=50019
07-23 02:39:14.241 I/MultiTaskingTaskRepository( 2784): needSkip::is home task
07-23 02:39:14.241 D/MiuiFreeformModeController( 2784): onFocusTaskChanged taskInfo: TaskInfo{userId=0 taskId=49867 effectiveUid=10150 displayId=0 isRunning=true baseIntent=Intent { act=android.intent.action.MAIN cat=[android.intent.category.DEFAULT] flg=0x10840000 cmp=com.mi.android.globallauncher/com.miui.home.recents.RecentsActivity } baseActivity=ComponentInfo{com.mi.android.globallauncher/com.miui.home.recents.RecentsActivity} topActivity=ComponentInfo{com.mi.android.globallauncher/com.miui.home.recents.RecentsActivity} origActivity=null realActivity=ComponentInfo{com.mi.android.globallauncher/com.miui.home.recents.RecentsActivity} numActivities=1 lastActiveTime=285294893 supportsSplitScreenMultiWindow=true mSoScDisplayMode=-1 supportsMultiWindow=true resizeMode=2 isResizeable=true minWidth=-1 minHeight=-1 defaultMinSize=200 token=WCT{android.window.IWindowContainerToken$Stub$Proxy@32ec9d9} topActivityType=3 pictureInPictureParams=null shouldDockBigOverlays=false launchIntoPipHostTaskId=-1 lastParentTaskIdBeforePip=-1 displayCutoutSafeInsets=Rect(0, 0 - 0, 0) topActivityInfo=ActivityInfo{3423f9e com.miui.home.recents.RecentsActivity} launchCookies=[] positionInParent=Point(0, 0) parentTaskId=-1 isFocused=true isVisible=false isVisibleRequested=true isTopActivityNoDisplay=false isSleeping=false locusId=null displayAreaFeatureId=1 isTopActivityTransparent=false isActivityStackTransparent=false lastNonFullscreenBounds=Rect(304, 726 - 916, 1946) capturedLink=null capturedLinkTimestamp=0 requestedVisibleTypes=-9 topActivityRequestOpenInBrowserEducationTimestamp=0 appCompatTaskInfo=AppCompatTaskInfo { topActivityInSizeCompat=false eligibleForLetterboxEducation= false topActivityInMiuiSizeCompat=false isLetterboxEducationEnabled= false isLetterboxDoubleTapEnabled= false eligibleForUserAspectRatioButton= false topActivityBoundsLetterboxed= false isFromLetterboxDoubleTap= false topActivityLetterboxVerticalPosition= -1 topActivityLetterboxHorizontalPosition= -1 topActivityLetterboxWidth=-1 topActivityLetterboxHeight=-1 topActivityAppBounds=Rect(0, 0 - 1220, 2712) isUserFullscreenOverrideEnabled=false isSystemFullscreenOverrideEnabled=false hasMinAspectRatioOverride=false topActivityLetterboxBounds=null cameraCompatTaskInfo=CameraCompatTaskInfo { freeformCameraCompatMode=inactive}} isImmersive=false mTopActivityRequestOrientation=-2 mStatusBarParent=null mNavBarParent=null mBehindAppLockPkg=null mOriginatingUid=0 isEmbedded=false shouldBeVisible=true isCreatedByOrganizer=false mIsCastMode=false mTopActivityMediaSize=null mTopActivityRecordName=ActivityRecord{116164879 u0 com.mi.android.globallauncher/com.miui.home.recents.RecentsActivity t49867} mTopActivityOrientation=3 topActivityMainWindowFrame=null}
07-23 02:39:14.242 D/ViewRootImpl( 2484): Skipping stats log for color mode
07-23 02:39:14.242 I/AnimationScenario( 1821): Big data animation scenario state changed to: true, type is 524
07-23 02:39:14.242 D/Activity( 2484): Activity = ActivityInfo{ed10ecb com.miui.home.recents.RecentsActivity}, Resume onConfigurationChanged = {1.0347275 234mcc20mnc [en_GB] ldltr sw360dp w360dp h801dp 561dpi nrml long widecg port night finger -keyb/v/h -nav/h winConfig={ mBounds=Rect(0, 0 - 1220, 2712) mAppBounds=Rect(0, 0 - 1220, 2712) mMaxBounds=Rect(0, 0 - 1220, 2712) mDisplayRotation=ROTATION_0 mWindowingMode=fullscreen mActivityType=recents mAlwaysOnTop=undefined mRotation=ROTATION_0 mInSplitScreen=false letterBoxed=false foScaled=false isSpecificEmbedded=false embeddingScale=1.0} s.3 fontWeightAdjustment=0/d/0 themeChanged=0 themeChangedFlags=0 display=0 extraData = Bundle[{}] screenType=0/0}
07-23 02:39:14.242 I/DisplayModeDirectorImpl( 1821): setSmartDisplayUpRefreshRatePolicy [0.0,120.0]
07-23 02:39:14.242 D/MI-SF   ( 1184): updateScene: module = 268 (Animation), value = 1, pkg = perf_interaction
07-23 02:39:14.243 D/HWUI    ( 2484): setMiShadow parameter is same
07-23 02:39:14.243 D/HWUI    ( 2484): setMiShadow parameter is same
07-23 02:39:14.243 D/HWUI    ( 2484): setMiShadow parameter is same
07-23 02:39:14.243 D/HWUI    ( 2484): setMiShadow parameter is same
07-23 02:39:14.243 D/HWUI    ( 2484): setMiShadow parameter is same
07-23 02:39:14.243 D/HWUI    ( 2484): setMiShadow parameter is same
07-23 02:39:14.243 D/OnGlobalListenerError( 2484): TaskStackView before requestLayout isParentLayoutRequested = true
07-23 02:39:14.243 D/OnGlobalListenerError( 2484): TaskStackView after requestLayout
07-23 02:39:14.243 E/Launcher.DeviceConfig( 2484): isInSplitSelectState: launcher is null
07-23 02:39:14.243 E/Launcher.DeviceConfig( 2484): isInSplitSelectState: recentsView is null
07-23 02:39:14.244 W/InsetsSource( 1821): Has no intersection or mTmpFrame.height(), return Insets.NONE mTmpFrame.height() =0 hasIntersection =false
07-23 02:39:14.244 D/TaskView( 2484): TaskView bind task, task=[TaskKey{id=50693, stackId=0, baseIntent=Intent { act=android.intent.action.MAIN cat=[android.intent.category.LAUNCHER] flg=0x10000000 pkg=com.tantantribe.tribe cmp=com.tantantribe.tribe/com.p1.mobile.putong.ui.splash.SplashProxyAct }, userId=0, lastActiveTime=285284950, windowingMode=1, isThumbnailBlur=false, isAccessLocked=false, isScreening=false, topActivity=null, mHashCode=1511118715}, title=tantan, titleDescription=tantan, bounds=null, isLaunchTarget=false, isStackTask=true, isSystemApp=false, isDockable=true, baseActivity=null, isLocked=false, mNeedHide=false, hasMultipleTasks=false, cti1Key=, cti2Key=, cti1Task=, cti2Task=] , isLock=false, is9_1Task= false
07-23 02:39:14.244 W/InsetsSource( 1821): Has no intersection or mTmpFrame.height(), return Insets.NONE mTmpFrame.height() =0 hasIntersection =false
07-23 02:39:14.244 D/TaskViewThumbnail( 2484): setThumbnail, invalid data, t=[TaskKey{id=50693, stackId=0, baseIntent=Intent { act=android.intent.action.MAIN cat=[android.intent.category.LAUNCHER] flg=0x10000000 pkg=com.tantantribe.tribe cmp=com.tantantribe.tribe/com.p1.mobile.putong.ui.splash.SplashProxyAct }, userId=0, lastActiveTime=285284950, windowingMode=1, isThumbnailBlur=false, isAccessLocked=false, isScreening=false, topActivity=null, mHashCode=1511118715}, title=tantan, titleDescription=tantan, bounds=null, isLaunchTarget=false, isStackTask=true, isSystemApp=false, isDockable=true, baseActivity=null, isLocked=false, mNeedHide=false, hasMultipleTasks=false, cti1Key=, cti2Key=, cti1Task=, cti2Task=] , bm=null, bm isRecycled=false, thumbnailInfo=null, hasOldThumbnail=true
07-23 02:39:14.244 D/BarFollowAnimation( 1821): pairAppearanceRegionAndWin win=Window{d696a89 u0 com.teslacoilsw.launcher/com.teslacoilsw.launcher.NovaLauncher} 0
07-23 02:39:14.244 D/TaskView( 2484): TaskView bind task, task=[TaskKey{id=50667, stackId=0, baseIntent=Intent { act=android.intent.action.MAIN cat=[android.intent.category.LAUNCHER] flg=0x10200000 cmp=app.morphe.manager/.MainActivity_Dark_2 }, userId=0, lastActiveTime=285273500, windowingMode=1, isThumbnailBlur=false, isAccessLocked=false, isScreening=false, topActivity=ComponentInfo{app.morphe.manager/app.morphe.manager.MainActivity}, mHashCode=1510344149}, title=Morphe, titleDescription=Morphe, bounds=null, isLaunchTarget=false, isStackTask=true, isSystemApp=false, isDockable=true, baseActivity=ComponentInfo{app.morphe.manager/app.morphe.manager.MainActivity}, isLocked=false, mNeedHide=false, hasMultipleTasks=false, cti1Key=, cti2Key=, cti1Task=, cti2Task=] , isLock=false, is9_1Task= false
07-23 02:39:14.244 D/TaskViewThumbnail( 2484): setThumbnail, t=[TaskKey{id=50667, stackId=0, baseIntent=Intent { act=android.intent.action.MAIN cat=[android.intent.category.LAUNCHER] flg=0x10200000 cmp=app.morphe.manager/.MainActivity_Dark_2 }, userId=0, lastActiveTime=285273500, windowingMode=1, isThumbnailBlur=false, isAccessLocked=false, isScreening=false, topActivity=ComponentInfo{app.morphe.manager/app.morphe.manager.MainActivity}, mHashCode=1510344149}, title=Morphe, titleDescription=Morphe, bounds=null, isLaunchTarget=false, isStackTask=true, isSystemApp=false, isDockable=true, baseActivity=ComponentInfo{app.morphe.manager/app.morphe.manager.MainActivity}, isLocked=false, mNeedHide=false, hasMultipleTasks=false, cti1Key=, cti2Key=, cti1Task=, cti2Task=] , mThumbnailInfo=TaskThumbnailInfo{isSnapshotInvalidate=false}, mThumbnailBitmapRect=Rect(0, 0 - 1220, 2552)
07-23 02:39:14.245 D/TaskViewThumbnail( 2484): updateThumbnailScale, t=[TaskKey{id=50667, stackId=0, baseIntent=Intent { act=android.intent.action.MAIN cat=[android.intent.category.LAUNCHER] flg=0x10200000 cmp=app.morphe.manager/.MainActivity_Dark_2 }, userId=0, lastActiveTime=285273500, windowingMode=1, isThumbnailBlur=false, isAccessLocked=false, isScreening=false, topActivity=ComponentInfo{app.morphe.manager/app.morphe.manager.MainActivity}, mHashCode=1510344149}, title=Morphe, titleDescription=Morphe, bounds=null, isLaunchTarget=false, isStackTask=true, isSystemApp=false, isDockable=true, baseActivity=ComponentInfo{app.morphe.manager/app.morphe.manager.MainActivity}, isLocked=false, mNeedHide=false, hasMultipleTasks=false, cti1Key=, cti2Key=, cti1Task=, cti2Task=] , mThumbnailBitmapSizeAfterScaled=(663.6708, 1388.2688)
07-23 02:39:14.245 D/TaskViewThumbnail( 2484): updateThumbnailDrawInfo: transX=0.0, transY=0.0
07-23 02:39:14.245 D/TaskView( 2484): TaskView bind task, task=[TaskKey{id=50689, stackId=0, baseIntent=Intent { act=android.intent.action.MAIN cat=[android.intent.category.LAUNCHER] flg=0x10200000 cmp=com.ubercab.eats/.core.activity.LauncherActivity }, userId=0, lastActiveTime=285172628, windowingMode=1, isThumbnailBlur=false, isAccessLocked=false, isScreening=false, topActivity=ComponentInfo{com.ubercab.eats/com.ubercab.eats.core.activity.RootActivity}, mHashCode=1510999551}, title=Uber Eats, titleDescription=Uber Eats, bounds=null, isLaunchTarget=false, isStackTask=true, isSystemApp=false, isDockable=true, baseActivity=ComponentInfo{com.ubercab.eats/com.ubercab.eats.core.activity.RootActivity}, isLocked=false, mNeedHide=false, hasMultipleTasks=false, cti1Key=, cti2Key=, cti1Task=, cti2Task=] , isLock=false, is9_1Task= false
07-23 02:39:14.245 D/BarFollowAnimation( 1821): isAppTaskBarOnTop win:Window{d696a89 u0 com.teslacoilsw.launcher/com.teslacoilsw.launcher.NovaLauncher} (mCurrentTopTask:Task{f7d7155 #50693 type=standard A=10714:com.tantantribe.tribe} : false); (mAssociatedTask:null : false); (mHomeTask:Task{7ae3ae8 #50019 type=home} : false); mReparentToOriginParent:true mLastAppBarVisible:false mLastHomeBarVisible:true
07-23 02:39:14.245 D/TaskViewThumbnail( 2484): setThumbnail, t=[TaskKey{id=50689, stackId=0, baseIntent=Intent { act=android.intent.action.MAIN cat=[android.intent.category.LAUNCHER] flg=0x10200000 cmp=com.ubercab.eats/.core.activity.LauncherActivity }, userId=0, lastActiveTime=285172628, windowingMode=1, isThumbnailBlur=false, isAccessLocked=false, isScreening=false, topActivity=ComponentInfo{com.ubercab.eats/com.ubercab.eats.core.activity.RootActivity}, mHashCode=1510999551}, title=Uber Eats, titleDescription=Uber Eats, bounds=null, isLaunchTarget=false, isStackTask=true, isSystemApp=false, isDockable=true, baseActivity=ComponentInfo{com.ubercab.eats/com.ubercab.eats.core.activity.RootActivity}, isLocked=false, mNeedHide=false, hasMultipleTasks=false, cti1Key=, cti2Key=, cti1Task=, cti2Task=] , mThumbnailInfo=TaskThumbnailInfo{isSnapshotInvalidate=false}, mThumbnailBitmapRect=Rect(0, 0 - 1220, 2552)
07-23 02:39:14.245 D/TaskViewThumbnail( 2484): updateThumbnailScale, t=[TaskKey{id=50689, stackId=0, baseIntent=Intent { act=android.intent.action.MAIN cat=[android.intent.category.LAUNCHER] flg=0x10200000 cmp=com.ubercab.eats/.core.activity.LauncherActivity }, userId=0, lastActiveTime=285172628, windowingMode=1, isThumbnailBlur=false, isAccessLocked=false, isScreening=false, topActivity=ComponentInfo{com.ubercab.eats/com.ubercab.eats.core.activity.RootActivity}, mHashCode=1510999551}, title=Uber Eats, titleDescription=Uber Eats, bounds=null, isLaunchTarget=false, isStackTask=true, isSystemApp=false, isDockable=true, baseActivity=ComponentInfo{com.ubercab.eats/com.ubercab.eats.core.activity.RootActivity}, isLocked=false, mNeedHide=false, hasMultipleTasks=false, cti1Key=, cti2Key=, cti1Task=, cti2Task=] , mThumbnailBitmapSizeAfterScaled=(663.6708, 1388.2688)
07-23 02:39:14.245 D/TaskViewThumbnail( 2484): updateThumbnailDrawInfo: transX=0.0, transY=0.0
07-23 02:39:14.245 D/OnGlobalListenerError( 2484): TaskStackView before requestLayout isParentLayoutRequested = true
07-23 02:39:14.245 D/OnGlobalListenerError( 2484): TaskStackView after requestLayout
07-23 02:39:14.245 D/OnGlobalListenerError( 2484): TaskStackView setVisibility :0
07-23 02:39:14.245 D/OnGlobalListenerError( 2484): RecentsView before requestLayout isParentLayoutRequested = true
07-23 02:39:14.245 I/libsensor-displayalgo( 1623): the value of channelCali C:2054.256728,R:1254.980835,G:778.462481,B:222.130970,scales C:1.068618,R:1.050294,G:1.078166,B:1.155102
07-23 02:39:14.245 D/OnGlobalListenerError( 2484): RecentsView after requestLayout
07-23 02:39:14.245 D/RecentsContainer( 2484): setSkipTouchWhenQuickSwitching=false
07-23 02:39:14.245 D/libsensor-displayalgo( 1623): brightness:2339.000000,flat_mode:0.000000,R1:3613.456639,G1:3181.301815,B1:195.372033,R2:3783.433323,G2:3505.729608,B2:1003.198531,R3:3688.563701,G3:3340.723397,B3:495.099557,R4:3621.059544,G4:3154.590589,B4:190.786711,EVENT C:768.000000,R:402.000000,G:330.000000,B:92.000000, lux: 0.000000
07-23 02:39:14.245 E/Launcher.DeviceConfig( 2484): isInSplitSelectState: launcher is null
07-23 02:39:14.245 E/Launcher.DeviceConfig( 2484): isInSplitSelectState: recentsView is null
07-23 02:39:14.245 E/Launcher.DeviceConfig( 2484): isInSplitSelectState: launcher is null
07-23 02:39:14.245 E/Launcher.DeviceConfig( 2484): isInSplitSelectState: recentsView is null
07-23 02:39:14.245 D/MiuiRefreshRatePolicy( 1821): reset
07-23 02:39:14.245 E/Launcher.DeviceConfig( 2484): isInSplitSelectState: launcher is null
07-23 02:39:14.245 E/Launcher.DeviceConfig( 2484): isInSplitSelectState: recentsView is null
07-23 02:39:14.245 D/OnGlobalListenerError( 2484): RecentsContainer setVisibility :0
07-23 02:39:14.245 D/OnGlobalListenerError( 2484): java.lang.Exception
07-23 02:39:14.245 D/OnGlobalListenerError( 2484): 	at com.miui.home.recents.views.RecentsContainer.setVisibility(RecentsContainer.java:319)
07-23 02:39:14.245 D/OnGlobalListenerError( 2484): 	at com.miui.home.recents.views.RecentsContainer.setOverviewStateEnabled(RecentsContainer.java:772)
07-23 02:39:14.245 D/OnGlobalListenerError( 2484): 	at com.miui.home.recents.RecentsActivity.onResume(RecentsActivity.java:60)
07-23 02:39:14.245 D/OnGlobalListenerError( 2484): 	at android.app.Instrumentation.callActivityOnResume(Instrumentation.java:1733)
07-23 02:39:14.245 D/OnGlobalListenerError( 2484): 	at android.app.Activity.performResume(Activity.java:9611)
07-23 02:39:14.245 D/OnGlobalListenerError( 2484): 	at android.app.ActivityThread.performResumeActivity(ActivityThread.java:6122)
07-23 02:39:14.245 D/OnGlobalListenerError( 2484): 	at android.app.ActivityThread.handleResumeActivity(ActivityThread.java:6170)
07-23 02:39:14.245 D/OnGlobalListenerError( 2484): 	at android.app.servertransaction.ResumeActivityItem.execute(ResumeActivityItem.java:73)
07-23 02:39:14.245 D/OnGlobalListenerError( 2484): 	at android.app.servertransaction.ActivityTransactionItem.execute(ActivityTransactionItem.java:63)
07-23 02:39:14.245 D/OnGlobalListenerError( 2484): 	at android.app.servertransaction.TransactionExecutor.executeLifecycleItem(TransactionExecutor.java:172)
07-23 02:39:14.245 D/OnGlobalListenerError( 2484): 	at android.app.servertransaction.TransactionExecutor.executeTransactionItems(TransactionExecutor.java:104)
07-23 02:39:14.245 D/OnGlobalListenerError( 2484): 	at android.app.servertransaction.TransactionExecutor.execute(TransactionExecutor.java:83)
07-23 02:39:14.245 D/OnGlobalListenerError( 2484): 	at android.app.ActivityThread$H.handleMessage(ActivityThread.java:3103)
07-23 02:39:14.245 D/OnGlobalListenerError( 2484): 	at android.os.Handler.dispatchMessage(Handler.java:114)
07-23 02:39:14.245 D/OnGlobalListenerError( 2484): 	at android.os.Looper.loopOnce(Looper.java:274)
07-23 02:39:14.245 D/OnGlobalListenerError( 2484): 	at android.os.Looper.loop(Looper.java:369)
07-23 02:39:14.245 D/OnGlobalListenerError( 2484): 	at android.app.ActivityThread.main(ActivityThread.java:10090)
07-23 02:39:14.245 D/OnGlobalListenerError( 2484): 	at java.lang.reflect.Method.invoke(Native Method)
07-23 02:39:14.245 D/OnGlobalListenerError( 2484): 	at com.android.internal.os.RuntimeInit$MethodAndArgsCaller.run(RuntimeInit.java:616)
07-23 02:39:14.245 D/OnGlobalListenerError( 2484): 	at com.android.internal.os.ZygoteInit.main(ZygoteInit.java:1137)
07-23 02:39:14.245 W/SpringAnimationUtils( 2484): startToRecentsAnim
07-23 02:39:14.245 I/ScenarioRecognitionUtil( 2484): setScenarioState, type: 318, isStart: true
07-23 02:39:14.245 I/BLASTSyncEngine( 1821): SyncGroup 9381:  Unfinished container:Task{ff28b07 #49867 type=recents I=com.mi.android.globallauncher/com.miui.home.recents.RecentsActivity}
07-23 02:39:14.245 I/BLASTSyncEngine( 1821): isActivitySyncFinished isSyncFinished false Task{ff28b07 #49867 type=recents I=com.mi.android.globallauncher/com.miui.home.recents.RecentsActivity}
07-23 02:39:14.245 E/RecentsContainer( 2484): setIsExitRecentsAnimating animating=false
07-23 02:39:14.245 D/RecentsContainer( 2484): notifyRecentTaskState: true
07-23 02:39:14.245 D/SchedBoost( 1821): handleSceneBoost type: 318, active :true
07-23 02:39:14.245 I/ProcessManager( 1821): getRenderThreadTidByPid, caller=1821
07-23 02:39:14.246 D/TaskStackLayoutAlgorithm( 2484): initialize: windowRect=Rect(0, 0 - 1220, 2712), mVisualRotationSystemInsets=Rect(0, 120 - 0, 160), mTaskStackViewRect=Rect(0, 120 - 1220, 2712), mTaskViewRect=RectF(278.15997, 120.0, 941.84, 1638.2881)
07-23 02:39:14.246 D/TaskStackLayoutAlgorithm( 2484): initialize: windowRect=Rect(0, 0 - 1220, 2712), mVisualRotationSystemInsets=Rect(0, 120 - 0, 160), mTaskStackViewRect=Rect(0, 120 - 1220, 2712), mTaskViewRect=RectF(278.15997, 120.0, 941.84, 1638.2881)
07-23 02:39:14.246 E/Launcher.DeviceConfig( 2484): isInSplitSelectState: launcher is null
07-23 02:39:14.246 E/Launcher.DeviceConfig( 2484): isInSplitSelectState: recentsView is null
07-23 02:39:14.246 D/SchedBoostThread( 1821): thread tid=2484, priority is set to 1
07-23 02:39:14.246 D/SchedBoostThread( 1821): thread tid=2943, priority is set to 1
07-23 02:39:14.246 D/PerfMTKStubImpl( 1821): perfLockAcquire
07-23 02:39:14.246 I/mtkpower_client( 1821): perf_lock_acq, hdl:232609, dur:5000, num:6, pid:1821, tid:2386
07-23 02:39:14.247 D/MiuiMemoryInfoImpl( 1821): MEMINFO_KRECLAIMABLE: 1098688, MEMINFO_SLAB_RECLAIMABLE: 459084, MEMINFO_BUFFERS: 2280, MEMINFO_CACHED: 3479648, MEMINFO_FREE: 179964
07-23 02:39:14.247 I/mtkpower_client( 1821): ret_hdl:232659
07-23 02:39:14.247 I/CameraActivitySceneMode( 1821): decideSceneMode: ActivityStateChange activityName = com.miui.home.recents.RecentsActivity, displayId = 0, state = 2
07-23 02:39:14.247 D/MTKSchedBoost( 1821): handleFreqBoost mode: 4, duration: 5000
07-23 02:39:14.247 I/libPowerHal( 1097): [perfLockAcq] idx:13 hdl:232659 hint:-1 pid:1821 tid:2386 duration:5000 lock_user:system_server => ret_hdl:232659
07-23 02:39:14.247 I/libPowerHal( 1097): [setClusterFreq] system_server set cpufreq[0] min:1000000 max:-1 cpufreq[1] min:1000000 max:-1 cpufreq[2] min:-1 max:-1 
07-23 02:39:14.247 I/libPowerHal( 1097): [setGPUFreq] system_server user set gpu freq min:39, max:-1
07-23 02:39:14.247 I/libPowerHal( 1097): system_server: set gpu opp level: 39
07-23 02:39:14.247 D/MiuiMemoryInfoImpl( 1821): cache: 4874833920, cachePss: 3481613312, lostcache: 0
07-23 02:39:14.248 D/RecentsContainer( 2484): getFreeMemory:8356447232
07-23 02:39:14.248 I/libPowerHal( 1097): system_server: set gpu opp level max: 0
07-23 02:39:14.248 I/libPowerHal( 1097): [setGPUFreq] Soft min/max = (39, 0); Hard min/max = (64, 0)
07-23 02:39:14.248 I/libPowerHal( 1097): [setGPUFreq] final min/max = (39, 0)
07-23 02:39:14.248 I/libPowerHal( 1097): system_server: set gpu opp level: 39
07-23 02:39:14.248 I/libPowerHal( 1097): system_server: set gpu opp level max: 0
07-23 02:39:14.248 I/system_server( 1821): AssetManager2(0xb400007525709a18) locale list changing from [] to [en-GB]
07-23 02:39:14.248 D/DisplayContentStubImpl( 1821): onNewImeFrame: isImeVisible = false, imeFrame = Rect(0, 0 - 0, 0)
07-23 02:39:14.248 W/InsetsSource( 1821): Has no intersection or mTmpFrame.height(), return Insets.NONE mTmpFrame.height() =0 hasIntersection =false
07-23 02:39:14.248 W/InsetsSource( 1821): Has no intersection or mTmpFrame.height(), return Insets.NONE mTmpFrame.height() =0 hasIntersection =false
07-23 02:39:14.249 D/BarFollowAnimation( 1821): pairAppearanceRegionAndWin win=Window{d696a89 u0 com.teslacoilsw.launcher/com.teslacoilsw.launcher.NovaLauncher} 0
07-23 02:39:14.249 D/BarFollowAnimation( 1821): isAppTaskBarOnTop win:Window{d696a89 u0 com.teslacoilsw.launcher/com.teslacoilsw.launcher.NovaLauncher} (mCurrentTopTask:Task{f7d7155 #50693 type=standard A=10714:com.tantantribe.tribe} : false); (mAssociatedTask:null : false); (mHomeTask:Task{7ae3ae8 #50019 type=home} : false); mReparentToOriginParent:true mLastAppBarVisible:false mLastHomeBarVisible:true
07-23 02:39:14.250 I/NetworkBoostStatusManager( 1821): onForegroundInfoChanged uid:10150, onLastForegroundInfoChanged uid:10617, isColdStart:false, mIgnoreUid:-1
07-23 02:39:14.250 I/SLM-SRV-SLAToast( 1821): foreground uid:10150, isColdStart:false, isLinkTurboEnable:false
07-23 02:39:14.250 D/NetworkSDKService( 1821): handleMultiAppsDualWifi isSet = false isEverOpened = false
07-23 02:39:14.251 D/EventReceiver( 1821): foregroundChange uid  uid=10150 pkg=com.mi.android.globallauncher
07-23 02:39:14.251 D/MiuiRefreshRatePolicy( 1821): reset
07-23 02:39:14.251 D/BluetoothAdapter( 1821): getActiveDevices(profile= A2DP)
07-23 02:39:14.252 I/BLASTSyncEngine( 1821): SyncGroup 9381:  Unfinished container:Task{ff28b07 #49867 type=recents I=com.mi.android.globallauncher/com.miui.home.recents.RecentsActivity}
07-23 02:39:14.252 I/BLASTSyncEngine( 1821): isActivitySyncFinished isSyncFinished false Task{ff28b07 #49867 type=recents I=com.mi.android.globallauncher/com.miui.home.recents.RecentsActivity}
07-23 02:39:14.252 D/HyperComm_AppMonitor( 2719): onForegroundInfoChanged: foregroundInfo = ForegroundInfo{mForegroundPackageName='com.mi.android.globallauncher', mForegroundUid=10150, mForegroundPid=2484, mForegroundDisplayId=0, mLastForegroundPackageName='com.teslacoilsw.launcher', mLastForegroundUid=10617, mLastForegroundPid=30868, mLastForegroundDisplayId=0, mMultiWindowForegroundPackageName='com.mi.android.globallauncher', mMultiWindowForegroundUid=10150, mFlags=0}
07-23 02:39:14.252 I/SceneObserver( 2719): notify event: EVENT_FOREGROUND_APP_CHANGED
07-23 02:39:14.252 I/ProcessMonitor( 5706): onForegroundInfoChanged: ForegroundInfo{mForegroundPackageName='com.mi.android.globallauncher', mForegroundUid=10150, mForegroundPid=2484, mForegroundDisplayId=0, mLastForegroundPackageName='com.teslacoilsw.launcher', mLastForegroundUid=10617, mLastForegroundPid=30868, mLastForegroundDisplayId=0, mMultiWindowForegroundPackageName='com.mi.android.globallauncher', mMultiWindowForegroundUid=10150, mFlags=0}
07-23 02:39:14.252 D/RecentsImpl( 2484): onForegroundChanged, foregroundPackageName=com.mi.android.globallauncher
07-23 02:39:14.252 D/PowerKeeper.Audio( 8200): onForegroundInfoChanged mSubScreenUid=-1
07-23 02:39:14.252 D/PerfEngineController( 8200): ForegroundInfo{mForegroundPackageName='com.mi.android.globallauncher', mForegroundUid=10150, mForegroundPid=2484, mForegroundDisplayId=0, mLastForegroundPackageName='com.teslacoilsw.launcher', mLastForegroundUid=10617, mLastForegroundPid=30868, mLastForegroundDisplayId=0, mMultiWindowForegroundPackageName='com.mi.android.globallauncher', mMultiWindowForegroundUid=10150, mFlags=0}
07-23 02:39:14.253 D/MiuiMirrorInputMethodImpl( 1821): InsetsControlTarget invalid!:Window{d696a89 u0 com.teslacoilsw.launcher/com.teslacoilsw.launcher.NovaLauncher}
07-23 02:39:14.253 I/GameBoosterService( 5706): onForegroundInfoChanged: Cur=com.mi.android.globallauncher	 last=com.teslacoilsw.launcher
07-23 02:39:14.253 I/BufferQueueProducer( 1184): [StatusBar1#121](this:0xb400006e1a7f5450,id:-1,api:0,p:-1,c:1184) queueBuffer: fps=0.53 dur=1900.32 max=1900.32 min=1900.32
07-23 02:39:14.253 D/BluetoothLatencyMode( 2655): ForegroundInfo{mForegroundPackageName='com.mi.android.globallauncher', mForegroundUid=10150, mForegroundPid=2484, mForegroundDisplayId=0, mLastForegroundPackageName='com.teslacoilsw.launcher', mLastForegroundUid=10617, mLastForegroundPid=30868, mLastForegroundDisplayId=0, mMultiWindowForegroundPackageName='com.mi.android.globallauncher', mMultiWindowForegroundUid=10150, mFlags=0}
07-23 02:39:14.253 D/MiuiMirrorInputMethodImpl( 1821): shouldUpdateImeParent:false,inputMethodParent.getParent() != touchedDisplay.getImeContainer()?false,touchedDisplay:Display{#0 state=ON size=1220x2712 ROTATION_0},ime window:86960703,imeParent:209010442
07-23 02:39:14.253 D/GameBoosterService( 5706): onGameStatusChange foreground:ForegroundInfo{mForegroundPackageName='com.mi.android.globallauncher', mForegroundUid=10150, mForegroundPid=2484, mForegroundDisplayId=0, mLastForegroundPackageName='com.teslacoilsw.launcher', mLastForegroundUid=10617, mLastForegroundPid=30868, mLastForegroundDisplayId=0, mMultiWindowForegroundPackageName='com.mi.android.globallauncher', mMultiWindowForegroundUid=10150, mFlags=0}
07-23 02:39:14.253 D/BarFollowAnimation( 1821): isAppTaskBarOnTop win:Window{8e75ad u0 com.mi.android.globallauncher/com.miui.home.recents.RecentsActivity} (mCurrentTopTask:Task{f7d7155 #50693 type=standard A=10714:com.tantantribe.tribe} : false); (mAssociatedTask:null : false); (mHomeTask:Task{7ae3ae8 #50019 type=home} : false); mReparentToOriginParent:true mLastAppBarVisible:false mLastHomeBarVisible:true
07-23 02:39:14.253 I/VideoBoxUtils( 5706): isSupportVideoBox: false
07-23 02:39:14.253 I/VideoToolBoxService( 5706): vtb is closed!!!
07-23 02:39:14.254 I/BeautyService( 5706): onForegroundInfoChanged: Cur=com.mi.android.globallauncher	 last=com.teslacoilsw.launcher
07-23 02:39:14.254 D/BluetoothLatencyMode( 2655): isWiredAudioHeadset.type: 1
07-23 02:39:14.254 D/BluetoothLatencyMode( 2655): isWiredAudioHeadset.type: 2
07-23 02:39:14.254 D/BluetoothLatencyMode( 2655): isWiredAudioHeadset.type: 7
07-23 02:39:14.254 D/BluetoothLatencyMode( 2655): isWiredAudioHeadset.type: 8
07-23 02:39:14.254 D/BluetoothLatencyMode( 2655): isWiredAudioHeadset.type: 18
07-23 02:39:14.249 W/surfaceflinger( 1184): type=1400 audit(0.0:1484909): avc:  denied  { ioctl } for  path="/proc/perfmgr/perf_ioctl" dev="proc" ino=4026535394 ioctlcmd=0x671d scontext=u:r:surfaceflinger:s0 tcontext=u:object_r:proc_perfmgr:s0 tclass=file permissive=0
07-23 02:39:14.254 D/BluetoothAdapter( 1821): getActiveDevices(profile= HEADSET)
07-23 02:39:14.255 D/BluetoothAdapter( 1821): getActiveDevices(profile= LE_AUDIO)
07-23 02:39:14.255 D/TaskSnapshotCompatVV( 2484): getIsInvalidateFromTaskSnapshot, isInvalidate=false
07-23 02:39:14.255 D/AudioSystem( 1821): +setParameters(): foregroundUid=10150;bluetoothlowlatencystatus=false 
07-23 02:39:14.255 D/BackgroundTaskLoader( 2484): getThumbnailData, getTaskThumbnail from AMS, key=null, cachedThumbnailData=ThumbnailData{thumbnail=android.graphics.Bitmap@c47eb34, isAccessLocked=false, thumbnailInfo=TaskThumbnailInfo{isSnapshotInvalidate=false}, isDeterminedWhetherBlur=false}
07-23 02:39:14.255 D/BackgroundTaskLoader( 2484): getThumbnailData key=50693 pkg=com.tantantribe.tribe source=ThumbnailCache isBlur=false bm=1220x2712@206039860
07-23 02:39:14.255 D/AudioFlingerImpl( 1168): setGameParameters keyvalue: bluetoothlowlatencystatus=false;foregroundUid=10150
07-23 02:39:14.255 D/AudioFlinger( 1168): +mAudioHwDevs(primary)->setParameters(): bluetoothlowlatencystatus=false;foregroundUid=10150
07-23 02:39:14.256 W/libc    ( 1048): Access denied finding property "AUDIO_FEATURE_REVERSE_MIC_DIRECTION_SUPPORT"
07-23 02:39:14.253 W/HwBinder:1048_1( 1048): type=1400 audit(0.0:1484910): avc:  denied  { read } for  name="u:object_r:default_prop:s0" dev="tmpfs" ino=191 scontext=u:r:mtk_hal_audio:s0 tcontext=u:object_r:default_prop:s0 tclass=file permissive=0
07-23 02:39:14.256 D/AudioALSAHardware( 1048): -setParameters(): bluetoothlowlatencystatus=false;foregroundUid=10150
07-23 02:39:14.256 D/AudioFlinger( 1168): -mAudioHwDevs(primary)->setParameters(): bluetoothlowlatencystatus=false;foregroundUid=10150
07-23 02:39:14.256 D/AudioFlinger( 1168): +mAudioHwDevs(bluetooth)->setParameters(): bluetoothlowlatencystatus=false;foregroundUid=10150
07-23 02:39:14.256 D/AudioFlinger( 1168): -mAudioHwDevs(bluetooth)->setParameters(): bluetoothlowlatencystatus=false;foregroundUid=10150
07-23 02:39:14.256 D/AudioFlinger( 1168): +mAudioHwDevs(usb)->setParameters(): bluetoothlowlatencystatus=false;foregroundUid=10150
07-23 02:39:14.256 D/BarFollowAnimation( 1821): current status bar control target is : Window{8e75ad u0 com.mi.android.globallauncher/com.miui.home.recents.RecentsActivity}
07-23 02:39:14.257 D/AudioFlinger( 1168): -mAudioHwDevs(usb)->setParameters(): bluetoothlowlatencystatus=false;foregroundUid=10150
07-23 02:39:14.257 D/AudioFlinger( 1168): +mAudioHwDevs(r_submix)->setParameters(): bluetoothlowlatencystatus=false;foregroundUid=10150
07-23 02:39:14.257 D/r_submix( 1048): adev_set_parameters() kvpairs='bluetoothlowlatencystatus=false;foregroundUid=10150'
07-23 02:39:14.257 D/AudioFlinger( 1168): -mAudioHwDevs(r_submix)->setParameters(): bluetoothlowlatencystatus=false;foregroundUid=10150
07-23 02:39:14.257 I/AudioGameEffect( 1821): foreground change to com.mi.android.globallauncher, last foreground is com.teslacoilsw.launcher
07-23 02:39:14.258 I/GST     ( 8219): forePkg: com.mi.android.globallauncher, preForePkg: com.teslacoilsw.launcher
07-23 02:39:14.258 D/VENUS_GAMEAI_START_GameAiStartManager( 8219): 高能时刻未安装
07-23 02:39:14.258 D/WindowManager( 1821): updateSystemBarAttributes displayId: 16777216 Window{8e75ad u0 com.mi.android.globallauncher/com.miui.home.recents.RecentsActivity} winAppearance=LIGHT_STATUS_BARS LIGHT_NAVIGATION_BARS
07-23 02:39:14.258 D/WindowManager( 1821): wms.Input focus has changed to Window{8e75ad u0 com.mi.android.globallauncher/com.miui.home.recents.RecentsActivity} display=0 updateInputWindows = true
07-23 02:39:14.258 I/MultiSenceManagerInternalStub( 1821): getInstance
07-23 02:39:14.258 D/VolumePanelViewController_false( 2784): onDismissRequested reason =2
07-23 02:39:14.258 I/VolumeShowHideAnimator( 2784): isRunning: false, mExpanded: false
07-23 02:39:14.258 I/VolumeExpandCollapsedAnimator( 2784): isRunning: false, mExpanded: false
07-23 02:39:14.258 I/VolumePanelViewController_false( 2784): dismissH mShowing:false, reason:volume_controller, isAnimating: false, needShowDialog=false, KeyAnimatingStream=-1, disableVolumeDialog=false, mVolumeView.isShown:false
07-23 02:39:14.258 D/WmSystemUiDebug( 1821): on system bar attributes changed displayId=16777216 appearance=LIGHT_STATUS_BARS appearanceRegions=[AppearanceRegion{ bounds=[0,0][1220,2712]}] navbarColorManagedByIme=false behavior=1 requestedVisibleTypes=[statusBars navigationBars captionBar systemGestures mandatorySystemGestures tappableElement displayCutout windowDecor systemOverlays] packageName=com.mi.android.globallauncher letterboxDetails=[]
07-23 02:39:14.258 D/EmptyNotif( 2784): setContractedChild: -1|android|0|-1|android|g:Aggregate_AlertingSection|1000|-1|android|g:Aggregate_AlertingSection  null
07-23 02:39:14.258 D/NotificationRowContentBinderInjectorImpl( 2784): changeToFullAodContext: not need change full aod style
07-23 02:39:14.258 D/EmptyNotif( 2784): setContractedChild: -1|android|26|null|1000  null
07-23 02:39:14.258 D/NotificationRowContentBinderInjectorImpl( 2784): changeToFullAodContext: not need change full aod style
07-23 02:39:14.258 D/EmptyNotif( 2784): setContractedChild: -1|android|27|null|1000  null
07-23 02:39:14.258 D/NotificationRowContentBinderInjectorImpl( 2784): changeToFullAodContext: not need change full aod style
07-23 02:39:14.259 I/SensorService( 1821): 	>>> actuating h/w activate handle=0x6b enabled=0
07-23 02:39:14.259 D/ActionExecute( 1821): setPkgData uid = 10617 time=3000
07-23 02:39:14.259 W/InsetsSource( 2484): Has no intersection or mTmpFrame.height(), return Insets.NONE mTmpFrame.height() =0 hasIntersection =false
07-23 02:39:14.259 W/InsetsSource( 2484): Has no intersection or mTmpFrame.height(), return Insets.NONE mTmpFrame.height() =0 hasIntersection =false
07-23 02:39:14.259 W/InsetsSource( 2484): Has no intersection or mTmpFrame.height(), return Insets.NONE mTmpFrame.height() =0 hasIntersection =false
07-23 02:39:14.259 I/mtkSubHal( 1063): mtkSubHal activate handle(107) enable(0).
07-23 02:39:14.260 I/OriginChannel( 1063): activate: [107,0]
07-23 02:39:14.260 D/BufferQueueConsumer( 2484): [](id:9b4000003b3,api:0,p:-1,c:2484) connect: controlledByApp=false
07-23 02:39:14.260 D/BLASTBufferQueue( 2484): [VRI[RecentsActivity]#939](f:0,a:0) constructor()
07-23 02:39:14.260 D/BLASTBufferQueue( 2484): [VRI[RecentsActivity]#939](f:0,a:0) update width=1220 height=2712 format=-2 mTransformHint=0
07-23 02:39:14.260 I/BoostHelper( 2784): increaseMainAndRenderThreadPriority mLastMainPriority:0,mLastRenderPriority: -4
07-23 02:39:14.260 D/BoostHelper( 2784): thread tid=3182, priority is set to -20
07-23 02:39:14.260 D/BoostHelper( 2784): thread tid=2784, priority is set to -20
07-23 02:39:14.260 D/CommandQueueCallback( 2784): onSystemBarAttributesChanged (16777216, 0)
07-23 02:39:14.261 D/TaskViewThumbnail( 2484): updateThumbnailScale, t=[TaskKey{id=50693, stackId=0, baseIntent=Intent { act=android.intent.action.MAIN cat=[android.intent.category.LAUNCHER] flg=0x10000000 pkg=com.tantantribe.tribe cmp=com.tantantribe.tribe/com.p1.mobile.putong.ui.splash.SplashProxyAct }, userId=0, lastActiveTime=285284950, windowingMode=1, isThumbnailBlur=false, isAccessLocked=false, isScreening=false, topActivity=null, mHashCode=1511118715}, title=tantan, titleDescription=tantan, bounds=null, isLaunchTarget=false, isStackTask=true, isSystemApp=false, isDockable=true, baseActivity=null, isLocked=false, mNeedHide=false, hasMultipleTasks=false, cti1Key=, cti2Key=, cti1Task=, cti2Task=] , mThumbnailBitmapSizeAfterScaled=(664.14886, 1389.2687)
07-23 02:39:14.261 D/TaskViewThumbnail( 2484): updateThumbnailDrawInfo: transX=0.0, transY=0.0
07-23 02:39:14.261 D/TaskViewThumbnail( 2484): updateThumbnailScale, t=[TaskKey{id=50667, stackId=0, baseIntent=Intent { act=android.intent.action.MAIN cat=[android.intent.category.LAUNCHER] flg=0x10200000 cmp=app.morphe.manager/.MainActivity_Dark_2 }, userId=0, lastActiveTime=285273500, windowingMode=1, isThumbnailBlur=false, isAccessLocked=false, isScreening=false, topActivity=ComponentInfo{app.morphe.manager/app.morphe.manager.MainActivity}, mHashCode=1510344149}, title=Morphe, titleDescription=Morphe, bounds=null, isLaunchTarget=false, isStackTask=true, isSystemApp=false, isDockable=true, baseActivity=ComponentInfo{app.morphe.manager/app.morphe.manager.MainActivity}, isLocked=false, mNeedHide=false, hasMultipleTasks=false, cti1Key=, cti2Key=, cti1Task=, cti2Task=] , mThumbnailBitmapSizeAfterScaled=(664.14886, 1389.2687)
07-23 02:39:14.261 D/TaskViewThumbnail( 2484): updateThumbnailDrawInfo: transX=0.0, transY=0.0
07-23 02:39:14.261 D/SecurityManagerService( 1821): onResumeActivity flag 0
07-23 02:39:14.261 I/BufferQueueProducer( 1184): [StatusBar#116](this:0xb400006e1a7ecba0,id:-1,api:0,p:-1,c:1184) queueBuffer: fps=25.67 dur=1908.62 max=1510.91 min=7.74
07-23 02:39:14.261 D/TaskViewThumbnail( 2484): updateThumbnailScale, t=[TaskKey{id=50689, stackId=0, baseIntent=Intent { act=android.intent.action.MAIN cat=[android.intent.category.LAUNCHER] flg=0x10200000 cmp=com.ubercab.eats/.core.activity.LauncherActivity }, userId=0, lastActiveTime=285172628, windowingMode=1, isThumbnailBlur=false, isAccessLocked=false, isScreening=false, topActivity=ComponentInfo{com.ubercab.eats/com.ubercab.eats.core.activity.RootActivity}, mHashCode=1510999551}, title=Uber Eats, titleDescription=Uber Eats, bounds=null, isLaunchTarget=false, isStackTask=true, isSystemApp=false, isDockable=true, baseActivity=ComponentInfo{com.ubercab.eats/com.ubercab.eats.core.activity.RootActivity}, isLocked=false, mNeedHide=false, hasMultipleTasks=false, cti1Key=, cti2Key=, cti1Task=, cti2Task=] , mThumbnailBitmapSizeAfterScaled=(664.14886, 1389.2687)
07-23 02:39:14.261 D/TaskViewThumbnail( 2484): updateThumbnailDrawInfo: transX=0.0, transY=0.0
07-23 02:39:14.262 D/TaskViewThumbnail( 2484): updateThumbnailScale, t=[TaskKey{id=50693, stackId=0, baseIntent=Intent { act=android.intent.action.MAIN cat=[android.intent.category.LAUNCHER] flg=0x10000000 pkg=com.tantantribe.tribe cmp=com.tantantribe.tribe/com.p1.mobile.putong.ui.splash.SplashProxyAct }, userId=0, lastActiveTime=285284950, windowingMode=1, isThumbnailBlur=false, isAccessLocked=false, isScreening=false, topActivity=null, mHashCode=1511118715}, title=tantan, titleDescription=tantan, bounds=null, isLaunchTarget=false, isStackTask=true, isSystemApp=false, isDockable=true, baseActivity=null, isLocked=false, mNeedHide=false, hasMultipleTasks=false, cti1Key=, cti2Key=, cti1Task=, cti2Task=] , mThumbnailBitmapSizeAfterScaled=(663.6708, 1388.2688)
07-23 02:39:14.262 D/L0      ( 5706): myUserId = 0	currentUserId0
07-23 02:39:14.262 D/TaskViewThumbnail( 2484): updateThumbnailDrawInfo: transX=0.0, transY=0.0
07-23 02:39:14.262 D/SurfaceComposerClient( 1821): Transaction::apply InputWindowCommands.focusRequests timestamp=262190637217549, windowName=<null>
07-23 02:39:14.262 D/SurfaceComposerClient( 1821): Transaction::apply InputWindowCommands.focusRequests timestamp=262190654360396, windowName=8e75ad com.mi.android.globallauncher/com.miui.home.recents.RecentsActivity
07-23 02:39:14.262 D/TaskViewThumbnail( 2484): updateThumbnailScale, t=[TaskKey{id=50667, stackId=0, baseIntent=Intent { act=android.intent.action.MAIN cat=[android.intent.category.LAUNCHER] flg=0x10200000 cmp=app.morphe.manager/.MainActivity_Dark_2 }, userId=0, lastActiveTime=285273500, windowingMode=1, isThumbnailBlur=false, isAccessLocked=false, isScreening=false, topActivity=ComponentInfo{app.morphe.manager/app.morphe.manager.MainActivity}, mHashCode=1510344149}, title=Morphe, titleDescription=Morphe, bounds=null, isLaunchTarget=false, isStackTask=true, isSystemApp=false, isDockable=true, baseActivity=ComponentInfo{app.morphe.manager/app.morphe.manager.MainActivity}, isLocked=false, mNeedHide=false, hasMultipleTasks=false, cti1Key=, cti2Key=, cti1Task=, cti2Task=] , mThumbnailBitmapSizeAfterScaled=(663.6708, 1388.2688)
07-23 02:39:14.262 D/TaskViewThumbnail( 2484): updateThumbnailDrawInfo: transX=0.0, transY=0.0
07-23 02:39:14.262 D/TaskViewThumbnail( 2484): updateThumbnailScale, t=[TaskKey{id=50689, stackId=0, baseIntent=Intent { act=android.intent.action.MAIN cat=[android.intent.category.LAUNCHER] flg=0x10200000 cmp=com.ubercab.eats/.core.activity.LauncherActivity }, userId=0, lastActiveTime=285172628, windowingMode=1, isThumbnailBlur=false, isAccessLocked=false, isScreening=false, topActivity=ComponentInfo{com.ubercab.eats/com.ubercab.eats.core.activity.RootActivity}, mHashCode=1510999551}, title=Uber Eats, titleDescription=Uber Eats, bounds=null, isLaunchTarget=false, isStackTask=true, isSystemApp=false, isDockable=true, baseActivity=ComponentInfo{com.ubercab.eats/com.ubercab.eats.core.activity.RootActivity}, isLocked=false, mNeedHide=false, hasMultipleTasks=false, cti1Key=, cti2Key=, cti1Task=, cti2Task=] , mThumbnailBitmapSizeAfterScaled=(663.6708, 1388.2688)
07-23 02:39:14.262 D/TaskViewThumbnail( 2484): updateThumbnailDrawInfo: transX=0.0, transY=0.0
07-23 02:39:14.262 E/HwcComposer( 1184): presentOrValidateDisplay 0 presentFence:-1
07-23 02:39:14.263 D/VRI[RecentsActivity]( 2484): vri.Setup new sync=wmsSync-VRI[RecentsActivity]#42
07-23 02:39:14.263 D/WallpaperControllerImpl( 1821): findWallpapers, containsMiuiDesktop = true, isSameMiuiWallpaper = false
07-23 02:39:14.263 D/WallpaperControllerImpl( 1821): findWallpapers, descriptor = miui.miwallpaper.desktop.Wallpaper, canShowWhenLocked = true
07-23 02:39:14.263 D/WindowManager( 1821): Collecting in transition 9381: WallpaperWindowToken{2dc2ac0 showWhenLocked=true} init visibleRequested:false dc:Display{#0 state=ON size=1220x2712 ROTATION_0}
07-23 02:39:14.263 D/DisplayContentStubImpl( 1821): onNewImeFrame: isImeVisible = false, imeFrame = Rect(0, 0 - 0, 0)
07-23 02:39:14.264 W/InsetsSource( 1821): Has no intersection or mTmpFrame.height(), return Insets.NONE mTmpFrame.height() =0 hasIntersection =false
07-23 02:39:14.264 W/InsetsSource( 1821): Has no intersection or mTmpFrame.height(), return Insets.NONE mTmpFrame.height() =0 hasIntersection =false
07-23 02:39:14.264 D/BarFollowAnimation( 1821): pairAppearanceRegionAndWin win=Window{d696a89 u0 com.teslacoilsw.launcher/com.teslacoilsw.launcher.NovaLauncher} 0
07-23 02:39:14.264 D/BarFollowAnimation( 1821): isAppTaskBarOnTop win:Window{8e75ad u0 com.mi.android.globallauncher/com.miui.home.recents.RecentsActivity} (mCurrentTopTask:Task{f7d7155 #50693 type=standard A=10714:com.tantantribe.tribe} : false); (mAssociatedTask:null : false); (mHomeTask:Task{7ae3ae8 #50019 type=home} : false); mReparentToOriginParent:true mLastAppBarVisible:false mLastHomeBarVisible:true
07-23 02:39:14.264 D/MiuiRefreshRatePolicy( 1821): reset
07-23 02:39:14.264 I/BLASTSyncEngine( 1821): SyncGroup 9381:  Unfinished container:Task{ff28b07 #49867 type=recents I=com.mi.android.globallauncher/com.miui.home.recents.RecentsActivity}
07-23 02:39:14.264 I/BLASTSyncEngine( 1821): isActivitySyncFinished isSyncFinished false Task{ff28b07 #49867 type=recents I=com.mi.android.globallauncher/com.miui.home.recents.RecentsActivity}
07-23 02:39:14.265 I/PowerHalWrapper( 1821): amsBoostNotify pid:2484,activity:com.miui.home.recents.RecentsActivity, package:com.mi.android.globallauncher, mProcessCreatePackcom.tantantribe.tribe 
07-23 02:39:14.265 I/PowerHalWrapper( 1821): state: 1 
07-23 02:39:14.265 D/DeskTopModeUtils( 2784): Failed to read MIUI_DESKTOP_MODE settings android.provider.Settings$SettingNotFoundException: miui_dkt_mode
07-23 02:39:14.267 E/BoostHelper( 2784): increaseMainAndRenderThreadPriority current, don't increase
07-23 02:39:14.267 D/CommandQueueCallback( 2784): onSystemBarAttributesChanged (16777216, 8)
07-23 02:39:14.268 D/MI-SF   ( 1184): updateScene: module = 258 (TpIdle), value = 1, pkg = com.mi.android.globallauncher
07-23 02:39:14.268 D/MI-SF   ( 1184): updateScene mSetTpIdleFlag 1
07-23 02:39:14.268 D/NotificationHeaderExpandController( 2784): onExpansionChanged: progress =  0.0
07-23 02:39:14.268 D/HWUI    ( 2484): setMiShadow drawMiuiShadow::return1 getAlpha [0.000000],Outline.getAlpha [0.000000],!Outline.getPath [1],Outline.getScaleX [1.000000],Outline.getScaleY [1.000000]
07-23 02:39:14.268 D/HWUI    ( 2484): setMiShadow drawMiuiShadow::return1 getAlpha [0.000000],Outline.getAlpha [0.000000],!Outline.getPath [1],Outline.getScaleX [1.000000],Outline.getScaleY [1.000000]
07-23 02:39:14.268 D/HWUI    ( 2484): setMiShadow drawMiuiShadow::return1 getAlpha [0.000000],Outline.getAlpha [0.000000],!Outline.getPath [1],Outline.getScaleX [1.000000],Outline.getScaleY [1.000000]
07-23 02:39:14.269 D/BLASTBufferQueue( 2484): [VRI[RecentsActivity]#939](f:0,a:1) acquireNextBufferLocked size=1220x2712 mFrameNumber=1 applyTransaction=true mTimestamp=262190661797319(auto) mPendingTransactions.size=0 graphicBufferId=10668698776096 transform=0
07-23 02:39:14.270 D/VRI[RecentsActivity]( 2484): vri.reportDrawFinished 0 0 Rect(0, 0 - 1220, 2712)
07-23 02:39:14.270 I/mtkpower_client( 1821): [PowerHal_Wrap_notifyAppState] com.mi.android.globallauncher/com.miui.home.recents.RecentsActivity pid=2484 activityId:116164879 state:1
07-23 02:39:14.270 I/MTK_APPList( 1087): [getForegroundAPPInfo]  com.mi.android.globallauncher/com.miui.home.recents.RecentsActivity (pid=2484)
07-23 02:39:14.270 I/vendor.mediatek.hardware.mtkpower_applist-service.mediatek( 1087): MIUI ADDpackName: com.mi.android.globallauncher actName: com.miui.home.recents.RecentsActivity
07-23 02:39:14.270 I/vendor.mediatek.hardware.mtkpower_applist-service.mediatek( 1087): powerhal get success
07-23 02:39:14.270 I/vendor.mediatek.hardware.mtkpower_applist-service.mediatek( 1087): packName: com.mi.android.globallauncher actName: com.miui.home.recents.RecentsActivity pid: 2484 uid: 10150 state: 1
07-23 02:39:14.270 I/MTK_APPList( 1087): [notifyAPPstate] com.mi.android.globallauncher/com.miui.home.recents.RecentsActivity, pid=2484, uid=10150, state:RESUMED, fps:-1, win:1
