07-23 02:39:14.368 D/HWUI    ( 2484): setMiShadow drawMiuiShadow::return1 getAlpha [0.978895],Outline.getAlpha [0.000000],!Outline.getPath [1],Outline.getScaleX [1.000000],Outline.getScaleY [1.000000]
07-23 02:39:14.368 D/HWUI    ( 2484): setMiShadow drawMiuiShadow::return1 getAlpha [0.978895],Outline.getAlpha [0.000000],!Outline.getPath [1],Outline.getScaleX [1.000000],Outline.getScaleY [1.000000]
07-23 02:39:14.370 E/HwcComposer( 1184): presentOrValidateDisplay 0 presentFence:-1
07-23 02:39:14.370 D/libcomposer_ext( 1055): DeviceImplAidl::DeviceClientContextAidl::NotifyDispDumpReady()
07-23 02:39:14.370 D/libcomposer_ext( 1623): ClientCallbackAidl::asyncPerform(15)
07-23 02:39:14.370 D/libcomposer_ext( 1623): ClientImplAidl::ParseNotifyDispDumpReady()
07-23 02:39:14.371 V/GrammaticalInflectionUtils( 1821): AttributionSource: android.content.AttributionSource@4636f01 does not have READ_SYSTEM_GRAMMATICAL_GENDER permission.
07-23 02:39:14.372 I/NetworkScheduler(29708): (REDACTED) Error inserting %s
07-23 02:39:14.372 I/libPerfCtl( 1087): xgfGetFPS pid:2484 fps:-1
07-23 02:39:14.372 I/libPerfCtl( 1087): xgfGetFPS pid:2784 fps:120
07-23 02:39:14.372 I/libPerfCtl( 1087): xgfGetFPS pid:16926 fps:-1
07-23 02:39:14.372 I/libPerfCtl( 1087): xgfGetFPS pid:30868 fps:-1
07-23 02:39:14.375 I/whetstone.activity( 1821): Power Event callback listener is empty for resId=256
07-23 02:39:14.375 D/BatteryStatsManagerStub( 1821): notifyEvent for resId=256 used 0ms
07-23 02:39:14.375 E/AlarmManager( 1821): not align this alarm: Alarm{300732a type 3 origWhen 285297030 whenElapsed 285300033 com.google.android.gms}, reason=0
07-23 02:39:14.376 D/HWUI    ( 2484): setMiShadow drawMiuiShadow::return1 getAlpha [0.988670],Outline.getAlpha [0.000000],!Outline.getPath [1],Outline.getScaleX [1.000000],Outline.getScaleY [1.000000]
07-23 02:39:14.376 D/HWUI    ( 2484): setMiShadow drawMiuiShadow::return1 getAlpha [0.988670],Outline.getAlpha [0.000000],!Outline.getPath [1],Outline.getScaleX [1.000000],Outline.getScaleY [1.000000]
07-23 02:39:14.376 D/HWUI    ( 2484): setMiShadow drawMiuiShadow::return1 getAlpha [0.988670],Outline.getAlpha [0.000000],!Outline.getPath [1],Outline.getScaleX [1.000000],Outline.getScaleY [1.000000]
07-23 02:39:14.380 I/adbd    (22363): adbd service requested 'shell,v2:export ANDROID_LOG_TAGS="''"; exec logcat '-v' 'time''
07-23 02:39:14.381 W/JobScheduler.JobStatus( 1821): Exempted app com.beint.zangi considered buggy
07-23 02:39:14.381 W/JobScheduler.JobStatus( 1821): Exempted app com.beint.zangi considered buggy
07-23 02:39:14.381 W/JobScheduler.JobStatus( 1821): Exempted app com.beint.zangi considered buggy
07-23 02:39:14.381 W/JobScheduler.JobStatus( 1821): Exempted app com.beint.zangi considered buggy
07-23 02:39:14.384 D/HWUI    ( 2484): setMiShadow drawMiuiShadow::return1 getAlpha [0.996082],Outline.getAlpha [0.000000],!Outline.getPath [1],Outline.getScaleX [1.000000],Outline.getScaleY [1.000000]
07-23 02:39:14.385 D/HWUI    ( 2484): setMiShadow drawMiuiShadow::return1 getAlpha [0.996082],Outline.getAlpha [0.000000],!Outline.getPath [1],Outline.getScaleX [1.000000],Outline.getScaleY [1.000000]
07-23 02:39:14.385 D/HWUI    ( 2484): setMiShadow drawMiuiShadow::return1 getAlpha [0.996082],Outline.getAlpha [0.000000],!Outline.getPath [1],Outline.getScaleX [1.000000],Outline.getScaleY [1.000000]
07-23 02:39:14.391 D/Zygote  ( 1036): Forked child process 29257
07-23 02:39:14.392 D/libsensor-parseRGB( 1623): the value of RGB [41.359313 38.979392 9.382408]
07-23 02:39:14.393 D/HWUI    ( 2484): setMiShadow drawMiuiShadow::return1 getAlpha [1.000000],Outline.getAlpha [0.000000],!Outline.getPath [1],Outline.getScaleX [1.000000],Outline.getScaleY [1.000000]
07-23 02:39:14.393 D/HWUI    ( 2484): setMiShadow drawMiuiShadow::return1 getAlpha [1.000000],Outline.getAlpha [0.000000],!Outline.getPath [1],Outline.getScaleX [1.000000],Outline.getScaleY [1.000000]
07-23 02:39:14.393 D/HWUI    ( 2484): setMiShadow drawMiuiShadow::return1 getAlpha [1.000000],Outline.getAlpha [0.000000],!Outline.getPath [1],Outline.getScaleX [1.000000],Outline.getScaleY [1.000000]
07-23 02:39:14.395 W/libc    ( 1184): Access denied finding property "ro.vendor.display.max_hdr_luminance"
07-23 02:39:14.396 I/ActivityManager( 1821): Start proc 29257:com.google.android.apps.translate/u0a385 for service {com.google.android.apps.translate/androidx.work.impl.background.systemjob.SystemJobService} caller=android
07-23 02:39:14.396 I/ActivityManager( 1821): ProcessObserver broadcast disabled
07-23 02:39:14.397 E/Zygote  (29257): process_name_ptr:29257 com.google.android.apps.translate
07-23 02:39:14.398 E/Zygote  (29257): SetMemoryProtected process_name_ptr:29257 com.google.android.apps.translate
07-23 02:39:14.402 D/HWUI    ( 2484): setMiShadow drawMiuiShadow::return1 getAlpha [1.000000],Outline.getAlpha [0.000000],!Outline.getPath [1],Outline.getScaleX [1.000000],Outline.getScaleY [1.000000]
07-23 02:39:14.403 D/HWUI    ( 2484): setMiShadow drawMiuiShadow::return1 getAlpha [1.000000],Outline.getAlpha [0.000000],!Outline.getPath [1],Outline.getScaleX [1.000000],Outline.getScaleY [1.000000]
07-23 02:39:14.403 D/HWUI    ( 2484): setMiShadow drawMiuiShadow::return1 getAlpha [1.000000],Outline.getAlpha [0.000000],!Outline.getPath [1],Outline.getScaleX [1.000000],Outline.getScaleY [1.000000]
07-23 02:39:14.405 I/.apps.translate(29257): Using generational CollectorTypeCMC GC.
07-23 02:39:14.410 D/HWUI    ( 2484): setMiShadow drawMiuiShadow::return1 getAlpha [1.000000],Outline.getAlpha [0.000000],!Outline.getPath [1],Outline.getScaleX [1.000000],Outline.getScaleY [1.000000]
07-23 02:39:14.410 D/HWUI    ( 2484): setMiShadow drawMiuiShadow::return1 getAlpha [1.000000],Outline.getAlpha [0.000000],!Outline.getPath [1],Outline.getScaleX [1.000000],Outline.getScaleY [1.000000]
07-23 02:39:14.410 D/HWUI    ( 2484): setMiShadow drawMiuiShadow::return1 getAlpha [1.000000],Outline.getAlpha [0.000000],!Outline.getPath [1],Outline.getScaleX [1.000000],Outline.getScaleY [1.000000]
07-23 02:39:14.413 D/nativeloader(29257): Load libframework-connectivity-tiramisu-jni.so using APEX ns com_android_tethering for caller /apex/com.android.tethering/javalib/framework-connectivity-t.jar: ok
07-23 02:39:14.417 D/MiuiForceVkService( 1821): shouldUseVk, pkg=com.google.android.apps.translate useVk 0
07-23 02:39:14.418 I/ActivityThread(29257): Current dynamic renderEngine type=0
07-23 02:39:14.418 D/HWUI    ( 2484): setMiShadow drawMiuiShadow::return1 getAlpha [1.000000],Outline.getAlpha [0.000000],!Outline.getPath [1],Outline.getScaleX [1.000000],Outline.getScaleY [1.000000]
07-23 02:39:14.418 D/HWUI    ( 2484): setMiShadow drawMiuiShadow::return1 getAlpha [1.000000],Outline.getAlpha [0.000000],!Outline.getPath [1],Outline.getScaleX [1.000000],Outline.getScaleY [1.000000]
07-23 02:39:14.418 D/HWUI    ( 2484): setMiShadow drawMiuiShadow::return1 getAlpha [1.000000],Outline.getAlpha [0.000000],!Outline.getPath [1],Outline.getScaleX [1.000000],Outline.getScaleY [1.000000]
07-23 02:39:14.423 I/SmartPower: com.google.android.apps.translate/10385(29257)( 1821): died->background(101181ms) R(process start ) adj=-10000.
07-23 02:39:14.426 D/HWUI    ( 2484): setMiShadow drawMiuiShadow::return1 getAlpha [1.000000],Outline.getAlpha [0.000000],!Outline.getPath [1],Outline.getScaleX [1.000000],Outline.getScaleY [1.000000]
07-23 02:39:14.426 D/HWUI    ( 2484): setMiShadow drawMiuiShadow::return1 getAlpha [1.000000],Outline.getAlpha [0.000000],!Outline.getPath [1],Outline.getScaleX [1.000000],Outline.getScaleY [1.000000]
07-23 02:39:14.426 D/HWUI    ( 2484): setMiShadow drawMiuiShadow::return1 getAlpha [1.000000],Outline.getAlpha [0.000000],!Outline.getPath [1],Outline.getScaleX [1.000000],Outline.getScaleY [1.000000]
07-23 02:39:14.428 D/CompatibilityInfo( 1821): mCompatibilityFlags - 0
07-23 02:39:14.428 D/CompatibilityInfo( 1821): applicationDensity - 542
07-23 02:39:14.428 D/CompatibilityInfo( 1821): applicationScale - 1.0
07-23 02:39:14.434 D/DouyinContentPagePolicy( 1821):  setRefreshRate:-1
07-23 02:39:14.435 D/HWUI    ( 2484): setMiShadow drawMiuiShadow::return1 getAlpha [1.000000],Outline.getAlpha [0.000000],!Outline.getPath [1],Outline.getScaleX [1.000000],Outline.getScaleY [1.000000]
07-23 02:39:14.435 D/HWUI    ( 2484): setMiShadow drawMiuiShadow::return1 getAlpha [1.000000],Outline.getAlpha [0.000000],!Outline.getPath [1],Outline.getScaleX [1.000000],Outline.getScaleY [1.000000]
07-23 02:39:14.435 D/HWUI    ( 2484): setMiShadow drawMiuiShadow::return1 getAlpha [1.000000],Outline.getAlpha [0.000000],!Outline.getPath [1],Outline.getScaleX [1.000000],Outline.getScaleY [1.000000]
07-23 02:39:14.435 D/HidDeviceService( 2655): handleMessage(): msg.what=8
07-23 02:39:14.435 D/HidDeviceService( 2655): unregisterAppUid(): uid=10385
07-23 02:39:14.435 D/HidDeviceService( 2655): unregisterAppUid(): caller UID doesn't match user UID
07-23 02:39:14.435 I/MiuiNetworkPolicy( 1821): updateUidState uid = 10385, uidState = 19
07-23 02:39:14.436 D/MiuiDownscaleImpl(29257): set override inverted scale : 1.0
07-23 02:39:14.436 D/ForegroundUtils( 4674): onUidImportance: Foreground UID status
07-23 02:39:14.436 D/ForegroundUtils( 4674): onUidImportance: UID: 10095 is in foreground: false
07-23 02:39:14.436 D/ForegroundUtils( 4674): onUidImportance: UID: 10135 is in foreground: false
07-23 02:39:14.436 D/ForegroundUtils( 4674): onUidImportance: UID: 10148 is in foreground: true
07-23 02:39:14.436 D/ForegroundUtils( 4674): onUidImportance: UID: 10150 is in foreground: true
07-23 02:39:14.436 D/ForegroundUtils( 4674): onUidImportance: UID: 10157 is in foreground: false
07-23 02:39:14.436 D/ForegroundUtils( 4674): onUidImportance: UID: 10168 is in foreground: false
07-23 02:39:14.436 D/ForegroundUtils( 4674): onUidImportance: UID: 10169 is in foreground: false
07-23 02:39:14.436 D/ForegroundUtils( 4674): onUidImportance: UID: 10170 is in foreground: true
07-23 02:39:14.436 D/ForegroundUtils( 4674): onUidImportance: UID: 10256 is in foreground: true
07-23 02:39:14.436 D/ForegroundUtils( 4674): onUidImportance: UID: 10258 is in foreground: false
07-23 02:39:14.436 D/ForegroundUtils( 4674): onUidImportance: UID: 10263 is in foreground: false
07-23 02:39:14.436 D/ForegroundUtils( 4674): onUidImportance: UID: 10299 is in foreground: false
07-23 02:39:14.436 D/ForegroundUtils( 4674): onUidImportance: UID: 10373 is in foreground: false
07-23 02:39:14.436 D/ForegroundUtils( 4674): onUidImportance: UID: 10387 is in foreground: false
07-23 02:39:14.436 D/ForegroundUtils( 4674): onUidImportance: UID: 10525 is in foreground: false
07-23 02:39:14.436 D/ForegroundUtils( 4674): onUidImportance: UID: 10611 is in foreground: false
07-23 02:39:14.436 D/ForegroundUtils( 4674): onUidImportance: UID: 10617 is in foreground: false
07-23 02:39:14.436 D/ForegroundUtils( 4674): onUidImportance: UID: 10687 is in foreground: false
07-23 02:39:14.436 D/ForegroundUtils( 4674): onUidImportance: UID: 10691 is in foreground: false
07-23 02:39:14.436 D/ForegroundUtils( 4674): onUidImportance: UID: 10692 is in foreground: false
07-23 02:39:14.436 D/ForegroundUtils( 4674): onUidImportance: UID: 10720 is in foreground: false
07-23 02:39:14.438 I/RENDER_TURBO(29257): onActivityThreadCreate not in white list, pkg=com.google.android.apps.translate, type=duchamp
07-23 02:39:14.442 D/ActivityThread(29257): setEmbeddedParam packageName=com.google.android.apps.translate processName=com.google.android.apps.translate isEmbedded=false isIsolated=false
07-23 02:39:14.443 D/HWUI    ( 2484): setMiShadow drawMiuiShadow::return1 getAlpha [1.000000],Outline.getAlpha [0.000000],!Outline.getPath [1],Outline.getScaleX [1.000000],Outline.getScaleY [1.000000]
07-23 02:39:14.443 D/HWUI    ( 2484): setMiShadow drawMiuiShadow::return1 getAlpha [1.000000],Outline.getAlpha [0.000000],!Outline.getPath [1],Outline.getScaleX [1.000000],Outline.getScaleY [1.000000]
07-23 02:39:14.443 D/HWUI    ( 2484): setMiShadow drawMiuiShadow::return1 getAlpha [1.000000],Outline.getAlpha [0.000000],!Outline.getPath [1],Outline.getScaleX [1.000000],Outline.getScaleY [1.000000]
07-23 02:39:14.443 D/ApplicationLoaders(29257): Returning zygote-cached class loader: /system/framework/org.apache.http.legacy.jar
07-23 02:39:14.443 D/ApplicationLoaders(29257): Returning zygote-cached class loader: /system_ext/framework/androidx.window.extensions.jar
07-23 02:39:14.443 D/ApplicationLoaders(29257): Returning zygote-cached class loader: /system_ext/framework/androidx.window.sidecar.jar
07-23 02:39:14.444 I/libsensor-displayalgo( 1623): the value of channelCali C:1984.020035,R:1227.972464,G:744.297085,B:210.030221,scales C:1.068618,R:1.050294,G:1.078166,B:1.155102
07-23 02:39:14.444 D/libsensor-displayalgo( 1623): brightness:2339.000000,flat_mode:0.000000,R1:3601.316580,G1:3161.091899,B1:137.749958,R2:3607.320267,G2:3201.229673,B2:139.936557,R3:3615.606224,G3:3221.161021,B3:144.356736,R4:3610.491515,G4:3135.459656,B4:139.610696,EVENT C:1691.000000,R:905.000000,G:723.000000,B:195.000000, lux: 0.000000
07-23 02:39:14.451 D/HWUI    ( 2484): setMiShadow drawMiuiShadow::return1 getAlpha [1.000000],Outline.getAlpha [0.000000],!Outline.getPath [1],Outline.getScaleX [1.000000],Outline.getScaleY [1.000000]
07-23 02:39:14.451 D/HWUI    ( 2484): setMiShadow drawMiuiShadow::return1 getAlpha [1.000000],Outline.getAlpha [0.000000],!Outline.getPath [1],Outline.getScaleX [1.000000],Outline.getScaleY [1.000000]
07-23 02:39:14.451 D/HWUI    ( 2484): setMiShadow drawMiuiShadow::return1 getAlpha [1.000000],Outline.getAlpha [0.000000],!Outline.getPath [1],Outline.getScaleX [1.000000],Outline.getScaleY [1.000000]
07-23 02:39:14.454 D/HidDeviceService( 2655): handleMessage(): msg.what=8
07-23 02:39:14.454 I/MiuiNetworkPolicy( 1821): updateUidState uid = 10277, uidState = 15
07-23 02:39:14.454 D/HidDeviceService( 2655): unregisterAppUid(): uid=10277
07-23 02:39:14.454 D/HidDeviceService( 2655): unregisterAppUid(): caller UID doesn't match user UID
07-23 02:39:14.459 I/HeavyPackageIdentify( 8219): splitMode: false, splitPackages: null, foregroundPkg: com.mi.android.globallauncher
07-23 02:39:14.459 D/HWUI    ( 2484): setMiShadow drawMiuiShadow::return1 getAlpha [1.000000],Outline.getAlpha [0.000000],!Outline.getPath [1],Outline.getScaleX [1.000000],Outline.getScaleY [1.000000]
07-23 02:39:14.459 D/HWUI    ( 2484): setMiShadow drawMiuiShadow::return1 getAlpha [1.000000],Outline.getAlpha [0.000000],!Outline.getPath [1],Outline.getScaleX [1.000000],Outline.getScaleY [1.000000]
07-23 02:39:14.459 D/HWUI    ( 2484): setMiShadow drawMiuiShadow::return1 getAlpha [1.000000],Outline.getAlpha [0.000000],!Outline.getPath [1],Outline.getScaleX [1.000000],Outline.getScaleY [1.000000]
07-23 02:39:14.461 I/BoostHelper( 2784): restore Mainthread priority to 0,RenderThread to-4
07-23 02:39:14.463 D/BoostHelper( 2784): thread tid=2784, priority is set to 0
07-23 02:39:14.463 D/BoostHelper( 2784): thread tid=3182, priority is set to -4
07-23 02:39:14.466 D/nativeloader(29257): Configuring clns-10 for other apk /data/app/~~58XizfyZuJQ9l28pTEk7jw==/com.google.android.apps.translate-wXvrj9i6iMkSp8IwXi0Ucg==/base.apk. target_sdk_version=36, uses_libraries=, library_path=/data/app/~~58XizfyZuJQ9l28pTEk7jw==/com.google.android.apps.translate-wXvrj9i6iMkSp8IwXi0Ucg==/lib/arm64:/data/app/~~58XizfyZuJQ9l28pTEk7jw==/com.google.android.apps.translate-wXvrj9i6iMkSp8IwXi0Ucg==/base.apk!/lib/arm64-v8a, permitted_path=/data:/mnt/expand:/data/user/0/com.google.android.apps.translate
07-23 02:39:14.469 D/HWUI    ( 2484): setMiShadow drawMiuiShadow::return1 getAlpha [1.000000],Outline.getAlpha [0.000000],!Outline.getPath [1],Outline.getScaleX [1.000000],Outline.getScaleY [1.000000]
07-23 02:39:14.469 D/HWUI    ( 2484): setMiShadow drawMiuiShadow::return1 getAlpha [1.000000],Outline.getAlpha [0.000000],!Outline.getPath [1],Outline.getScaleX [1.000000],Outline.getScaleY [1.000000]
07-23 02:39:14.469 D/HWUI    ( 2484): setMiShadow drawMiuiShadow::return1 getAlpha [1.000000],Outline.getAlpha [0.000000],!Outline.getPath [1],Outline.getScaleX [1.000000],Outline.getScaleY [1.000000]
07-23 02:39:14.471 I/ActivityManager( 1821): unbindService com.android.server.am.ActiveServices@94dfb39 conn=android.os.BinderProxy@7985d48 callingPid=29166
07-23 02:39:14.472 D/BoundBrokerSvc( 7088): onUnbind: Intent { act=com.google.android.gms.signin.service.START xflg=0x4 pkg=com.google.android.gms }
07-23 02:39:14.475 I/.apps.translate(29257): AssetManager2(0xb40000752562cbb8) locale list changing from [] to [en-GB]
07-23 02:39:14.475 I/ActivityManager( 1821): unbindService com.android.server.am.ActiveServices@94dfb39 conn=android.os.BinderProxy@ec1a878 callingPid=7088
07-23 02:39:14.476 D/HWUI    ( 2484): setMiShadow drawMiuiShadow::return1 getAlpha [1.000000],Outline.getAlpha [0.000000],!Outline.getPath [1],Outline.getScaleX [1.000000],Outline.getScaleY [1.000000]
07-23 02:39:14.476 D/HWUI    ( 2484): setMiShadow drawMiuiShadow::return1 getAlpha [1.000000],Outline.getAlpha [0.000000],!Outline.getPath [1],Outline.getScaleX [1.000000],Outline.getScaleY [1.000000]
07-23 02:39:14.476 D/HWUI    ( 2484): setMiShadow drawMiuiShadow::return1 getAlpha [1.000000],Outline.getAlpha [0.000000],!Outline.getPath [1],Outline.getScaleX [1.000000],Outline.getScaleY [1.000000]
07-23 02:39:14.478 E/MiuiPreloadClassImpl(29257): invoke error.
07-23 02:39:14.478 D/MiuiMonitorThread(29257): Shared singleton Thread for stability monitor start
07-23 02:39:14.479 D/HWUI    (29257): [HWUI] Flag vulkan_enhance_pipeline_cache enabled
07-23 02:39:14.479 D/HWUI    (29257): [HWUI] EnhanceVkPipelineCache is disabled
07-23 02:39:14.479 D/HWUI    (29257): [HWUI] Flag ddre enabled
07-23 02:39:14.480 V/GraphicsEnvironment(29257): Currently set values for:
07-23 02:39:14.480 V/GraphicsEnvironment(29257):   angle_gl_driver_selection_pkgs=[com.android.angle, com.linecorp.b612.android, com.campmobile.snow, com.google.android.apps.tachyon]
07-23 02:39:14.480 V/GraphicsEnvironment(29257):   angle_gl_driver_selection_values=[angle, native, native, native]
07-23 02:39:14.480 V/GraphicsEnvironment(29257): com.google.android.apps.translate is not listed in per-application setting
07-23 02:39:14.480 V/GraphicsEnvironment(29257): ANGLE allowlist from config: 
07-23 02:39:14.480 V/GraphicsEnvironment(29257): com.google.android.apps.translate is not listed in ANGLE allowlist or settings, returning default
07-23 02:39:14.480 V/GraphicsEnvironment(29257): App is not on the allowlist for updatable production driver.
07-23 02:39:14.482 I/ActivityThread(29257): TrafficStats init done
07-23 02:39:14.485 D/HWUI    ( 2484): setMiShadow drawMiuiShadow::return1 getAlpha [1.000000],Outline.getAlpha [0.000000],!Outline.getPath [1],Outline.getScaleX [1.000000],Outline.getScaleY [1.000000]
07-23 02:39:14.485 D/HWUI    ( 2484): setMiShadow drawMiuiShadow::return1 getAlpha [1.000000],Outline.getAlpha [0.000000],!Outline.getPath [1],Outline.getScaleX [1.000000],Outline.getScaleY [1.000000]
07-23 02:39:14.485 D/HWUI    ( 2484): setMiShadow drawMiuiShadow::return1 getAlpha [1.000000],Outline.getAlpha [0.000000],!Outline.getPath [1],Outline.getScaleX [1.000000],Outline.getScaleY [1.000000]
07-23 02:39:14.485 E/ashmem  (29257): Pinning is deprecated since Android Q. Please use trim or other methods.
07-23 02:39:14.487 I/ForceDarkHelperStubImpl(29257): initialize for com.google.android.apps.translate , ForceDarkOrigin
07-23 02:39:14.488 D/nativeloader(29257): Load libforcedarkimpl.so using system ns (caller=/system_ext/framework/miui-framework.jar): ok
07-23 02:39:14.488 D/HWUI    (29257): JNI_OnLoad success
07-23 02:39:14.488 I/MiuiForceDarkConfig(29257): setConfig density:3.387500, mainRule:0, secondaryRule:0, tertiaryRule:0
07-23 02:39:14.489 I/ActivityManager( 1821): unbindService com.android.server.am.ActiveServices@94dfb39 conn=android.os.BinderProxy@c3c83bc callingPid=29708
07-23 02:39:14.490 D/DynamicIslandSafeguardsController( 2784): delayExitApp: com.mi.android.globallauncher com.mi.android.globallauncher count = 0
07-23 02:39:14.492 D/HWUI    ( 2484): setMiShadow drawMiuiShadow::return1 getAlpha [1.000000],Outline.getAlpha [0.000000],!Outline.getPath [1],Outline.getScaleX [1.000000],Outline.getScaleY [1.000000]
07-23 02:39:14.492 D/HWUI    ( 2484): setMiShadow drawMiuiShadow::return1 getAlpha [1.000000],Outline.getAlpha [0.000000],!Outline.getPath [1],Outline.getScaleX [1.000000],Outline.getScaleY [1.000000]
07-23 02:39:14.492 D/HWUI    ( 2484): setMiShadow drawMiuiShadow::return1 getAlpha [1.000000],Outline.getAlpha [0.000000],!Outline.getPath [1],Outline.getScaleX [1.000000],Outline.getScaleY [1.000000]
07-23 02:39:14.495 I/ActivityThread(29257): Miui Feature Init done
07-23 02:39:14.498 D/ResMonitorStub(29257): The current process type is: third_party_app, process name is: com.google.android.apps.translate
07-23 02:39:14.502 D/HWUI    ( 2484): setMiShadow drawMiuiShadow::return1 getAlpha [1.000000],Outline.getAlpha [0.000000],!Outline.getPath [1],Outline.getScaleX [1.000000],Outline.getScaleY [1.000000]
07-23 02:39:14.502 D/HWUI    ( 2484): setMiShadow drawMiuiShadow::return1 getAlpha [1.000000],Outline.getAlpha [0.000000],!Outline.getPath [1],Outline.getScaleX [1.000000],Outline.getScaleY [1.000000]
07-23 02:39:14.502 D/HWUI    ( 2484): setMiShadow drawMiuiShadow::return1 getAlpha [1.000000],Outline.getAlpha [0.000000],!Outline.getPath [1],Outline.getScaleX [1.000000],Outline.getScaleY [1.000000]
07-23 02:39:14.509 I/ScenarioRecognitionUtil( 2484): setScenarioState, type: 318, isStart: false
07-23 02:39:14.510 D/SchedBoost( 1821): handleSceneBoost type: 318, active :false
07-23 02:39:14.510 I/ProcessManager( 1821): getRenderThreadTidByPid, caller=1821
07-23 02:39:14.510 D/SchedBoostThread( 1821): thread tid=2484, priority is set to -10
07-23 02:39:14.510 D/SchedBoostThread( 1821): thread tid=2943, priority is set to -10
07-23 02:39:14.510 D/HWUI    ( 2484): setMiShadow drawMiuiShadow::return1 getAlpha [1.000000],Outline.getAlpha [0.000000],!Outline.getPath [1],Outline.getScaleX [1.000000],Outline.getScaleY [1.000000]
07-23 02:39:14.510 D/HWUI    ( 2484): setMiShadow drawMiuiShadow::return1 getAlpha [1.000000],Outline.getAlpha [0.000000],!Outline.getPath [1],Outline.getScaleX [1.000000],Outline.getScaleY [1.000000]
07-23 02:39:14.510 D/HWUI    ( 2484): setMiShadow drawMiuiShadow::return1 getAlpha [1.000000],Outline.getAlpha [0.000000],!Outline.getPath [1],Outline.getScaleX [1.000000],Outline.getScaleY [1.000000]
07-23 02:39:14.510 D/PerfMTKStubImpl( 1821): perfLockReleaseHandler: 232659
07-23 02:39:14.510 I/mtkpower_client( 1821): perf_lock_rel, hdl:232659, pid: 1821, tid:2386
07-23 02:39:14.511 D/MTKSchedBoost( 1821): stopFreqBoost
07-23 02:39:14.511 I/libPowerHal( 1097): [perfLockRel] hdl:232659, idx:13
07-23 02:39:14.512 I/libPowerHal( 1097): [unsetGPUFreq] current min:39, max:0; scn_gpu_min:39, scn_gpu_max:-1; scn_gpu_min(HL):-1, scn_gpu_max(HL):-1
07-23 02:39:14.512 I/libPowerHal( 1097): system_server: set gpu opp level: 62
07-23 02:39:14.512 I/libPowerHal( 1097): system_server: set gpu opp level max: 0
07-23 02:39:14.512 I/libPowerHal( 1097): [setGPUFreq] Soft min/max = (62, 0); Hard min/max = (64, 0)
07-23 02:39:14.512 I/libPowerHal( 1097): [setGPUFreq] final min/max = (62, 0)
07-23 02:39:14.512 I/libPowerHal( 1097): system_server: set gpu opp level: 62
07-23 02:39:14.512 I/libPowerHal( 1097): system_server: set gpu opp level max: 0
07-23 02:39:14.516 D/JavaheapMonitor( 2502): Java heap used=2M max=256M, proc: com.android.keychain
07-23 02:39:14.516 V/JavaheapMonitor( 2502): Check java heap usage finished! Next check delay: 300000
07-23 02:39:14.520 I/GTR_TranslateApplication(29257): Initialized Translate client.
07-23 02:39:14.520 I/GTR_TranslateApplication(29257): Initializing Phenotype...
07-23 02:39:14.530 I/GTR_TranslateApplication(29257): Initialized Phenotype.
07-23 02:39:14.532 I/GTR_TranslateApplication(29257): Initializing Loggers...
07-23 02:39:14.537 I/GTR_OfflinePackageManagerV4(29257): local initialization started
07-23 02:39:14.543 I/cn_HttpFlagsLoader(29257): HTTP flags log line (API): Using live production flag values from Google
07-23 02:39:14.549 I/cn_HttpFlagsLoader(29257): HTTP flags log line (Impl): Using live production flag values from Google
07-23 02:39:14.550 D/ConnectivityService( 1821): Returning BLOCKED NetworkInfo to uid=10385
07-23 02:39:14.551 D/ConnectivityService( 1821): requestNetwork for uid/pid:10385/29257 activeRequest: null callbackRequest: 43933 [NetworkRequest [ REQUEST id=43934, [ Capabilities: INTERNET&NOT_RESTRICTED&TRUSTED&NOT_VCN_MANAGED&NOT_BANDWIDTH_CONSTRAINED Uid: 10385 RequestorUid: 10385 RequestorPkg: com.google.android.apps.translate UnderlyingNetworks: Null] ]] callback flags: 0 order: 2147483647 isUidTracked: false declaredMethods: AVAIL|LOST|NC|LP
07-23 02:39:14.554 W/BpBinder( 1821): Large outgoing transaction of 43792 bytes, interface descriptor android.os.IMessenger, code 1 was sent
07-23 02:39:14.555 I/cn_CronetLibraryLoader(29257): Cronet version: 150.0.7871.57, arch: aarch64
07-23 02:39:14.555 D/Aurogon ( 1821):  onForegroundActivitiesChanged packageName = com.teslacoilsw.launcher
07-23 02:39:14.555 D/ActionExecute( 1821): setPkgData uid = 10617 time=3000
07-23 02:39:14.558 D/UntrustedWifiNetworkFactory( 1821): got request NetworkRequest [ REQUEST id=43934, [ Capabilities: INTERNET&NOT_RESTRICTED&TRUSTED&NOT_VCN_MANAGED&NOT_BANDWIDTH_CONSTRAINED Uid: 10385 RequestorUid: 10385 RequestorPkg: com.google.android.apps.translate UnderlyingNetworks: Null] ]
07-23 02:39:14.559 D/OemPaidWifiNetworkFactory( 1821): got request NetworkRequest [ REQUEST id=43934, [ Capabilities: INTERNET&NOT_RESTRICTED&TRUSTED&NOT_VCN_MANAGED&NOT_BANDWIDTH_CONSTRAINED Uid: 10385 RequestorUid: 10385 RequestorPkg: com.google.android.apps.translate UnderlyingNetworks: Null] ]
07-23 02:39:14.559 D/MultiInternetWifiNetworkFactory( 1821): got request NetworkRequest [ REQUEST id=43934, [ Capabilities: INTERNET&NOT_RESTRICTED&TRUSTED&NOT_VCN_MANAGED&NOT_BANDWIDTH_CONSTRAINED Uid: 10385 RequestorUid: 10385 RequestorPkg: com.google.android.apps.translate UnderlyingNetworks: Null] ]
07-23 02:39:14.560 D/ConnectivityService( 1821): NetReassign [43934 : null → 253] [c 1] [a 3] [i 4]
07-23 02:39:14.562 I/GTR_LocalDataController(29257): Initializing a local data controller.
07-23 02:39:14.562 I/GTR_CopyBundledProfileToMddTask(29257): Copying bundled profiles into MDD
07-23 02:39:14.562 I/GTR_TranslateApplication(29257): Initializing Primes...
07-23 02:39:14.563 W/.apps.translate(29257): Method void ovs.c(android.app.Activity) failed lock verification and will run slower.
07-23 02:39:14.563 W/.apps.translate(29257): Common causes for lock verification issues are non-optimized dex code
07-23 02:39:14.563 W/.apps.translate(29257): and incorrect proguard optimizations.
07-23 02:39:14.563 I/GTR_TranslateApplication(29257): Initializing GrowthKit...
07-23 02:39:14.564 I/GTR_TranslateApplication(29257): Starting non-blocking background initialization tasks...
07-23 02:39:14.565 W/BpBinder( 1821): Large outgoing transaction of 43780 bytes, interface descriptor android.os.IMessenger, code 1 was sent
07-23 02:39:14.566 D/ConnectivityService( 1821): NetReassign [no changes] [c 0] [a 4] [i 1]
07-23 02:39:14.567 I/hwcomposer( 1055): [HWC] (0)fire a callback of refresh to SF[4]  
07-23 02:39:14.570 I/GTR_TranslateApplication(29257): Starting blocking background initialization tasks...
07-23 02:39:14.577 E/HwcComposer( 1184): presentOrValidateDisplay 0 presentFence:-1
07-23 02:39:14.577 W/surfaceflinger( 1184): type=1400 audit(0.0:1484913): avc:  denied  { ioctl } for  path="/proc/perfmgr/perf_ioctl" dev="proc" ino=4026535394 ioctlcmd=0x671d scontext=u:r:surfaceflinger:s0 tcontext=u:object_r:proc_perfmgr:s0 tclass=file permissive=0
07-23 02:39:14.579 I/BufferQueueProducer( 1184): [FramebufferSurface](this:0xb400006eaa423f60,id:-1,api:1,p:1184,c:1184) queueBuffer: fps=1.21 dur=1653.11 max=1429.17 min=223.94
07-23 02:39:14.579 I/android.hardware.graphics.composer@3.2-service( 1055): Sensor: notify citsensorservice to trigger cwb
07-23 02:39:14.580 I/libsensor-frameBufferManager( 1623): request dump start
07-23 02:39:14.580 D/libcomposer_ext( 1623): ClientImplAidl::getDispDump(), dpy 1, dst (160, 120), dump_point 1, release_fence -1
07-23 02:39:14.584 D/nativeloader(29257): Load /data/app/~~58XizfyZuJQ9l28pTEk7jw==/com.google.android.apps.translate-wXvrj9i6iMkSp8IwXi0Ucg==/lib/arm64/libgeller_jni_lite_lib.so using class loader ns clns-10 (caller=/data/app/~~58XizfyZuJQ9l28pTEk7jw==/com.google.android.apps.translate-wXvrj9i6iMkSp8IwXi0Ucg==/base.apk): ok
07-23 02:39:14.584 D/CameraExtStub(29257): init android.hardware.camera2.impl.CameraExtImplXiaoMi
07-23 02:39:14.585 D/CameraInjector(29257): waitForResult: 
07-23 02:39:14.586 I/GTR_TranslateApplication(29257): Successfully Initialized GrowthKit!
07-23 02:39:14.586 D/CameraInjector(29257): updateCloudCameraControllerInfoAsync: E
07-23 02:39:14.586 I/GTR_HistoryService(29257): Initializing HistoryService; useCloudHistory=true
07-23 02:39:14.591 I/GTR_TranslateApplication(29257): Blocking background initialization completed in 21 ms.
07-23 02:39:14.591 I/GTR_TranslateApplication(29257): Initializing Tap to Translate...
07-23 02:39:14.591 I/GTR_TranslateApplication(29257): Material Dynamic Colors enabled.
07-23 02:39:14.597 D/PackageManager( 1821): set app component=ComponentInfo{com.google.android.apps.translate/com.google.android.apps.translate.appwidget.LensAppWidgetProvider} enabled state: 1 from com.google.android.apps.translate,uid=10385,pid=29257
07-23 02:39:14.597 D/PackageManager( 1821): set app component=ComponentInfo{com.google.android.apps.translate/com.google.android.apps.translate.appwidget.DictationAppWidgetProvider} enabled state: 1 from com.google.android.apps.translate,uid=10385,pid=29257
07-23 02:39:14.598 D/PackageManager( 1821): set app component=ComponentInfo{com.google.android.apps.translate/com.google.android.apps.translate.appwidget.OpenMicAppWidgetProvider} enabled state: 1 from com.google.android.apps.translate,uid=10385,pid=29257
07-23 02:39:14.598 D/PackageManager( 1821): set app component=ComponentInfo{com.google.android.apps.translate/com.google.android.apps.translate.appwidget.ClipboardAppWidgetProvider} enabled state: 1 from com.google.android.apps.translate,uid=10385,pid=29257
07-23 02:39:14.598 D/PackageManager( 1821): set app component=ComponentInfo{com.google.android.apps.translate/com.google.android.apps.translate.appwidget.TextTranslationAppWidgetProvider} enabled state: 1 from com.google.android.apps.translate,uid=10385,pid=29257
07-23 02:39:14.599 I/htmlviewercloudcontrol(23226): isStagingEnv:false param =  camera_framework  uriMatch = 1, cluster: global, version: 547377, traceId: 5956bf3be9ef2371881422e7099bc6cb, regId: 
07-23 02:39:14.599 W/JobInfo (29257): Requested important-while-foreground flag for job26649 is ignored and takes no effect
07-23 02:39:14.599 D/PackageManager( 1821): set app component=ComponentInfo{com.google.android.apps.translate/com.google.android.apps.translate.appwidget.SpeakEasyAppWidgetProvider} enabled state: 1 from com.google.android.apps.translate,uid=10385,pid=29257
07-23 02:39:14.599 D/libcomposer_ext( 1055): DeviceImplAidl::syncPerform(14), client_handle: 1
07-23 02:39:14.599 D/libcomposer_ext( 1055): DeviceImplAidl::DeviceClientContextAidl::ParseGetDispDump()
07-23 02:39:14.599 D/libcomposer_ext( 1055): DeviceImplAidl::ParseGetDispDump(), dpy 1, dst (160, 120), dump_point 1
07-23 02:39:14.599 I/hwcomposer( 1055): [HWC] getDispDump(), dpy 1, (822,7,982,127), (160, 120), (1, 2), (-1), (-1), (0xb40000718ec60230)  
07-23 02:39:14.599 I/hwcomposer( 1055): [DRMDEV] isSupportWbParams(), id_crtc 103, id_connector 34, dump_point 1, src(160, 120), dst(160, 120), config 2  
07-23 02:39:14.599 E/hwcomposer( 1055): [DRMDEV] isSupportWbParams(), disp(1220, 2712)  
07-23 02:39:14.599 I/hwcomposer( 1055): [DISP_DUMP] setDumpBuf(), dpy(0), src(822, 7, 982, 127), dst(160, 120), (1, 2), -1, (-1), (0xb40000718ec60230)  
07-23 02:39:14.599 I/hwcomposer( 1055): [HWC] (0)fire a callback of refresh to SF[9]  
07-23 02:39:14.600 W/GTR_Languages(29257): A non null language must be returned. shortName=sco
07-23 02:39:14.601 W/GTR_Languages(29257): A non null language must be returned. shortName=kw
07-23 02:39:14.602 E/HwcComposer( 1184): presentOrValidateDisplay 0 presentFence:-1
07-23 02:39:14.602 D/libcomposer_ext( 1055): DeviceImplAidl::DeviceClientContextAidl::NotifyDispDumpReady()
07-23 02:39:14.603 D/libcomposer_ext( 1623): ClientCallbackAidl::asyncPerform(15)
07-23 02:39:14.603 D/libcomposer_ext( 1623): ClientImplAidl::ParseNotifyDispDumpReady()
07-23 02:39:14.603 W/libc    ( 1184): Access denied finding property "ro.vendor.display.max_hdr_luminance"
07-23 02:39:14.603 W/JobInfo (29257): Requested important-while-foreground flag for job26650 is ignored and takes no effect
07-23 02:39:14.606 I/GTR_NetworkAvailabilityMonitor(29257): updateAvailability: state changed to UNAVAILABLE
07-23 02:39:14.609 I/htmlviewercloudcontrol(23226): isStagingEnv:false param =  camera_v4  uriMatch = 2, cluster: global, version: 547377, traceId: 5956bf3be9ef2371881422e7099bc6cb, regId: 
07-23 02:39:14.609 W/JobInfo (29257): Requested important-while-foreground flag for job26651 is ignored and takes no effect
07-23 02:39:14.610 I/GTR_CopyBundledProfileToMddTask(29257): OPMv4 bundled profiles: newly found: [] already tracked: [6.0.0, 8.3.0]
07-23 02:39:14.613 W/JobInfo (29257): Requested important-while-foreground flag for job26652 is ignored and takes no effect
07-23 02:39:14.616 D/BoundBrokerSvc( 7088): onBind: Intent { act=com.google.android.gms.auth.service.START xflg=0x4 pkg=com.google.android.gms }
07-23 02:39:14.616 D/BoundBrokerSvc( 7088): Loading bound service for intent: Intent { act=com.google.android.gms.auth.service.START xflg=0x4 pkg=com.google.android.gms }
07-23 02:39:14.616 D/MiuiInputManagerService( 1821): registerSrollToTopListener, windowId: 87886000, listener: miui.hardware.input.IScrollToTopListener$Stub$Proxy@3bc2bbf
07-23 02:39:14.617 I/GTR_NetworkAvailabilityMonitor(29257): updateAvailability: state changed to UNAVAILABLE
07-23 02:39:14.617 D/ConnectivityService( 1821): requestNetwork for uid/pid:10385/29257 activeRequest: null callbackRequest: 43936 [NetworkRequest [ REQUEST id=43937, [ Capabilities: INTERNET&NOT_RESTRICTED&TRUSTED&NOT_VCN_MANAGED&NOT_BANDWIDTH_CONSTRAINED Uid: 10385 RequestorUid: 10385 RequestorPkg: com.google.android.apps.translate UnderlyingNetworks: Null] ]] callback flags: 0 order: 2147483647 isUidTracked: false declaredMethods: AVAIL|LOST|NC|BLK
07-23 02:39:14.617 D/CameraInjector(29257): updateCloudCameraControllerInfoAsync: X
07-23 02:39:14.618 W/BpBinder( 1821): Large outgoing transaction of 43792 bytes, interface descriptor android.os.IMessenger, code 1 was sent
07-23 02:39:14.619 D/ConnectivityService( 1821): NetReassign [43937 : null → 253] [c 0] [a 1] [i 0]
07-23 02:39:14.619 D/UntrustedWifiNetworkFactory( 1821): got request NetworkRequest [ REQUEST id=43937, [ Capabilities: INTERNET&NOT_RESTRICTED&TRUSTED&NOT_VCN_MANAGED&NOT_BANDWIDTH_CONSTRAINED Uid: 10385 RequestorUid: 10385 RequestorPkg: com.google.android.apps.translate UnderlyingNetworks: Null] ]
07-23 02:39:14.620 D/OemPaidWifiNetworkFactory( 1821): got request NetworkRequest [ REQUEST id=43937, [ Capabilities: INTERNET&NOT_RESTRICTED&TRUSTED&NOT_VCN_MANAGED&NOT_BANDWIDTH_CONSTRAINED Uid: 10385 RequestorUid: 10385 RequestorPkg: com.google.android.apps.translate UnderlyingNetworks: Null] ]
07-23 02:39:14.620 D/MultiInternetWifiNetworkFactory( 1821): got request NetworkRequest [ REQUEST id=43937, [ Capabilities: INTERNET&NOT_RESTRICTED&TRUSTED&NOT_VCN_MANAGED&NOT_BANDWIDTH_CONSTRAINED Uid: 10385 RequestorUid: 10385 RequestorPkg: com.google.android.apps.translate UnderlyingNetworks: Null] ]
07-23 02:39:14.620 I/AttributionAndPermissionUtils( 1398): checkPermission (forDataDelivery 0 startDataDelivery 0): Permission hard denied for client attribution [uid 10385, pid 29257, packageName "<unknown>"]
07-23 02:39:14.621 D/CameraInjector(29257): updateCloudCameraControllerInfoAsync: has aleardy start update task.
07-23 02:39:14.621 D/CameraInjector(29257): waitForResult: 
07-23 02:39:14.621 I/AttributionAndPermissionUtils( 1398): checkPermission (forDataDelivery 0 startDataDelivery 0): Permission hard denied for client attribution [uid 10385, pid 29257, packageName "<unknown>"]
07-23 02:39:14.622 D/DesktopModeFlags(29257): Toggle override initialized to: OVERRIDE_UNSET
07-23 02:39:14.622 I/AttributionAndPermissionUtils( 1398): checkPermission (forDataDelivery 0 startDataDelivery 0): Permission hard denied for client attribution [uid 10385, pid 29257, packageName "<unknown>"]
07-23 02:39:14.623 D/libsensor-parseRGB( 1623): the value of RGB [41.359313 38.979392 9.382408]
07-23 02:39:14.623 I/AttributionAndPermissionUtils( 1398): checkPermission (forDataDelivery 0 startDataDelivery 0): Permission hard denied for client attribution [uid 10385, pid 29257, packageName "<unknown>"]
07-23 02:39:14.624 I/AttributionAndPermissionUtils( 1398): checkPermission (forDataDelivery 0 startDataDelivery 0): Permission hard denied for client attribution [uid 10385, pid 29257, packageName "<unknown>"]
07-23 02:39:14.626 D/CameraInjector(29257): updateCloudCameraControllerInfoAsync: has aleardy start update task.
07-23 02:39:14.626 D/CameraInjector(29257): waitForResult: 
07-23 02:39:14.627 I/GTR_TranslateApplication(29257): onCreate finished
07-23 02:39:14.628 I/AttributionAndPermissionUtils( 1398): checkPermission (forDataDelivery 0 startDataDelivery 0): Permission hard denied for client attribution [uid 10385, pid 29257, packageName "<unknown>"]
07-23 02:39:14.629 D/CameraInjector(29257): updateCloudCameraControllerInfoAsync: has aleardy start update task.
07-23 02:39:14.629 D/CameraInjector(29257): waitForResult: 
07-23 02:39:14.629 I/MiuiNetworkPolicy( 1821): updateUidState uid = 10385, uidState = 8
07-23 02:39:14.630 I/MiuiNetworkPolicy( 1821): updateUidState uid = 10155, uidState = 8
07-23 02:39:14.630 I/MiuiNetworkPolicy( 1821): updateUidState uid = 10097, uidState = 8
07-23 02:39:14.630 I/epag    ( 8499): (REDACTED) HDM. appOpsListener %s %s
07-23 02:39:14.630 I/epag    ( 8499): (REDACTED) HDM. Ignoring irrelevant audio permission changes for package %s
07-23 02:39:14.631 I/AttributionAndPermissionUtils( 1398): checkPermission (forDataDelivery 0 startDataDelivery 0): Permission hard denied for client attribution [uid 10385, pid 29257, packageName "<unknown>"]
07-23 02:39:14.634 W/JobServiceContext( 1821): Sending onNetworkChanged for a job that isn't started. JobStatus{b331f2f androidx.work.systemjobscheduler:u0a385/26648 @androidx.work.systemjobscheduler@com.google.android.apps.translate/androidx.work.impl.background.systemjob.SystemJobService u=0 s=10385 TIME=-1s934ms:none NET READY}
07-23 02:39:14.634 D/GnssSsruImpl( 1821): onLocationPermissionsChanged provider:network packageName:com.android.camera
07-23 02:39:14.634 D/GnssSsruImpl( 1821): onLocationPermissionsChanged provider:passive packageName:com.android.camera
07-23 02:39:14.634 I/epag    ( 8499): (REDACTED) HDM. appOpsListener %s %s
07-23 02:39:14.634 I/epag    ( 8499): (REDACTED) HDM. Ignoring irrelevant audio permission changes for package %s
07-23 02:39:14.635 I/AttributionAndPermissionUtils( 1398): checkPermission (forDataDelivery 0 startDataDelivery 0): Permission hard denied for client attribution [uid 10385, pid 29257, packageName "<unknown>"]
07-23 02:39:14.636 I/AttributionAndPermissionUtils( 1398): checkPermission (forDataDelivery 0 startDataDelivery 0): Permission hard denied for client attribution [uid 10385, pid 29257, packageName "<unknown>"]
07-23 02:39:14.636 I/AttributionAndPermissionUtils( 1398): checkPermission (forDataDelivery 0 startDataDelivery 0): Permission hard denied for client attribution [uid 10385, pid 29257, packageName "<unknown>"]
07-23 02:39:14.644 I/libsensor-displayalgo( 1623): the value of channelCali C:1984.020035,R:1227.972464,G:744.297085,B:210.030221,scales C:1.068618,R:1.050294,G:1.078166,B:1.155102
07-23 02:39:14.644 D/libsensor-displayalgo( 1623): brightness:2339.000000,flat_mode:0.000000,R1:3601.316580,G1:3161.091899,B1:137.749958,R2:3607.320267,G2:3201.229673,B2:139.936557,R3:3615.606224,G3:3221.161021,B3:144.356736,R4:3610.491515,G4:3135.459656,B4:139.610696,EVENT C:1694.000000,R:908.000000,G:725.000000,B:195.000000, lux: 0.000000
07-23 02:39:14.659 I/MIUIInput( 1821): [MotionEvent] notifyMotion - eventTime=262191052199000, deviceId=6, source=0x1002, policyFlags=0x0, action=0x0, flags=0x0, downTime=262191052199000
07-23 02:39:14.659 I/touch_boost( 1282): enable=1, boost_up=0, boost_down=1, render_deboost=0, active_time=100, duration=50, idleprefer(TA,FG)=(1,1), util(TA,FG)=(1,1), freq(c0,c1,c2)=(1100000,1400000,400000)
07-23 02:39:14.659 I/mtkpower_client( 1282): perf_lock_acq, hdl:0, dur:50, num:14, pid:1282, tid:1282
07-23 02:39:14.659 I/MiuiInputUtil( 1821): MiuiSpecialWindowInfo: 8e75ad com.mi.android.globallauncher/com.miui.home.recents.RecentsActivity(6,0x20,0x0,[0,0,1220,2712],1.00);GestureStubLeft<none>;GestureStubRight<none>;GestureStubHome<none>;GestureStub<none>;StatusBar1(5,0x106,0x0,[0,0,1220,120],0.00);StatusBar(13,0x106,0x0,[0,0,1220,120],1.00);
07-23 02:39:14.660 I/MIUIInput( 1821): [MotionEvent] publisher action=0x0, deviceId=6, 262191052, channel '8e75ad com.mi.android.globallauncher/com.miui.home.recents.RecentsActivity'
07-23 02:39:14.660 I/MIUIInput( 1821): [MotionEvent] publisher action=0x0, deviceId=6, 262191052, channel 'c777ba com.miui.miwallpaper.wallpaperservice.ImageWallpaper'
07-23 02:39:14.660 I/MIUIInput( 1821): [MotionEvent] publisher action=0x0, deviceId=6, 262191052, channel '[Gesture Monitor] WMShell'
07-23 02:39:14.660 I/mtkpower_client( 1282): IMtkPowerService_isDeclared 1
07-23 02:39:14.660 I/MIUIInput( 1821): [MotionEvent] publisher action=0x0, deviceId=6, 262191052, channel '[Gesture Monitor] miui-gesture'
07-23 02:39:14.660 I/MiuiSplitInputMethodImpl( 1821): Skip onPointerDownOutsideFocusLocked
07-23 02:39:14.660 I/mtkpower_client( 1282): ret_hdl:232663
07-23 02:39:14.660 D/SchedBoost( 1821): handleSceneBoost type: 17, active :true
07-23 02:39:14.660 I/ProcessManager( 1821): getRenderThreadTidByPid, caller=1821
07-23 02:39:14.660 D/SchedBoostThread( 1821): thread tid=2484, priority is set to 1
07-23 02:39:14.660 D/SchedBoostThread( 1821): thread tid=2943, priority is set to 1
07-23 02:39:14.660 I/DisplayModeDirectorImpl( 1821): setSmartDisplayUpRefreshRatePolicy [0.0,120.0]
07-23 02:39:14.660 I/MIUIInput( 2484): [MotionEvent] ViewRootImpl windowName 'com.mi.android.globallauncher/com.miui.home.recents.RecentsActivity', { action=ACTION_DOWN, id[0]=0, pointerCount=1, eventTime=262191052, downTime=262191052, phoneEventTime=1784770754659 } moveCount:0
07-23 02:39:14.660 D/MI-SF   ( 1184): updateScene: module = 268 (Animation), value = 1, pkg = perf_interaction
07-23 02:39:14.660 D/VRI[RecentsActivity]( 2484): getMiuiFreeformStackInfo mTmpFrames.miuiFreeFormStackInfo: null
07-23 02:39:14.661 D/TaskStackViewTouchHandler( 2484): handleTouchEvent, mActiveTaskView=com.miui.home.recents.views.TaskView{583f9f VFE...CL. ........ 278,651-941,2169}
07-23 02:39:14.661 I/MiuiSplitInputMethodImpl( 1821): Skip onPointerDownOutsideFocusLocked
07-23 02:39:14.661 I/MiuiSplitInputMethodImpl( 1821): Skip onPointerDownOutsideFocusLocked
07-23 02:39:14.661 I/MiuiSplitInputMethodImpl( 1821): Skip onPointerDownOutsideFocusLocked
07-23 02:39:14.661 D/DisplayModeDirectorImpl( 1821): use smart display refresh rate policy false
07-23 02:39:14.661 I/DisplayModeDirectorImpl( 1821): updateRefreshRateResultIfNeeded after:baseModeId=3 allowGroupSwitching=false primary=physical: (0.0 Infinity) render:  (0.0 120.0) appRequest=physical: (0.0 Infinity) render:  (0.0 120.0) idleScreenRefreshRateConfig=null mNormalModeSkipOveride: false
07-23 02:39:14.663 I/libPowerHal( 1097): [perfLockAcq] idx:11 hdl:232662 hint:25 pid:1097 tid:1097 duration:10000 lock_user:vendor.mediatek => ret_hdl:232662
07-23 02:39:14.664 I/libPowerHal( 1097): [perfLockAcq] idx:12 hdl:232663 hint:-1 pid:1282 tid:1282 duration:50 lock_user:touch_boost => ret_hdl:232663
07-23 02:39:14.664 I/libPowerHal( 1097): [setClusterFreq] touch_boost set cpufreq[0] min:1100000 max:-1 cpufreq[1] min:1400000 max:-1 cpufreq[2] min:400000 max:-1 
07-23 02:39:14.664 I/libPowerHal( 1097): [PE] touch_boost update cmd:1404100, param:1
07-23 02:39:14.664 I/libPowerHal( 1097): [PE] touch_boost update cmd:1404300, param:1
07-23 02:39:14.664 D/MiuiFreeformModeGestureHandler( 2784): start handle MotionEvents:(711.71387,1444.7793)
07-23 02:39:14.665 D/MiuiFreeformModeGestureHandler( 2784): handleMotionEvents mActiveMiuiFreeformTask null x: 711.71387 y: 1444.7793 current miuiFreeformModeTaskInfo: 
07-23 02:39:14.665 D/MultiTaskingTaskRepository( 2784): getTopFullscreenTaskInfo: taskId=50667 windowingMode=1 isVisible=false isTopActivityTransparent=false
07-23 02:39:14.665 D/MultiTaskingTaskRepository( 2784): getTopFullscreenTaskInfo: taskId=50689 windowingMode=1 isVisible=false isTopActivityTransparent=false
07-23 02:39:14.665 D/MultiTaskingTaskRepository( 2784): getTopFullscreenTaskInfo: taskId=50683 windowingMode=1 isVisible=false isTopActivityTransparent=false
07-23 02:39:14.665 D/MultiTaskingTaskRepository( 2784): getTopFullscreenTaskInfo: taskId=49877 windowingMode=1 isVisible=false isTopActivityTransparent=false
07-23 02:39:14.665 D/MultiTaskingTaskRepository( 2784): getTopFullscreenTaskInfo: taskId=50682 windowingMode=1 isVisible=false isTopActivityTransparent=false
07-23 02:39:14.665 D/MultiTaskingTaskRepository( 2784): getTopFullscreenTaskInfo: taskId=50674 windowingMode=1 isVisible=false isTopActivityTransparent=false
07-23 02:39:14.665 D/MultiTaskingTaskRepository( 2784): getTopFullscreenTaskInfo: taskId=50627 windowingMode=1 isVisible=false isTopActivityTransparent=false
07-23 02:39:14.665 D/MultiTaskingTaskRepository( 2784): getTopFullscreenTaskInfo: taskId=50314 windowingMode=1 isVisible=false isTopActivityTransparent=false
07-23 02:39:14.665 D/MultiTaskingTaskRepository( 2784): getTopFullscreenTaskInfo: taskId=50387 windowingMode=1 isVisible=false isTopActivityTransparent=false
07-23 02:39:14.665 D/MultiTaskingTaskRepository( 2784): getTopFullscreenTaskInfo: taskId=50236 windowingMode=1 isVisible=false isTopActivityTransparent=false
07-23 02:39:14.665 D/MultiTaskingTaskRepository( 2784): getTopFullscreenTaskInfo: taskId=50457 windowingMode=1 isVisible=false isTopActivityTransparent=false
07-23 02:39:14.665 D/MulWinSwitchDecorViewModel( 2784): touchedInSplitOrFullTaskId::topVisibleFullscreenTaskInfo = null
07-23 02:39:14.665 D/MulWinSwitchEventHandler( 2784): dispatchToFullOrSplitDecorationDot: touchedTaskId=-1
07-23 02:39:14.665 D/MulWinSwitchEventHandler( 2784): handleReceivedMotionEvent: mTouchedBottomTaskId=-1
07-23 02:39:14.667 I/libPowerHal( 1097): [PE] touch_boost update cmd:1408100, param:1
07-23 02:39:14.667 I/hwcomposer( 1055): [HWC] (0)fire a callback of refresh to SF[4]  
07-23 02:39:14.668 E/HwcComposer( 1184): presentOrValidateDisplay 0 presentFence:-1
07-23 02:39:14.672 D/ConnectivityService( 1821): Returning UNBLOCKED NetworkInfo to uid=10385
07-23 02:39:14.674 I/GTR_NetworkAvailabilityMonitor(29257): updateAvailability: state changed to AVAILABLE
07-23 02:39:14.680 I/okhttp.OkHttpClient(29257): --> GET https://translate-pa.googleapis.com/v1/supportedLanguages?display_language=en-GB&client=at
07-23 02:39:14.686 W/GTR_GellerSyncWorker(29257): Geller sync failed.
07-23 02:39:14.686 W/GTR_GellerSyncWorker(29257): java.lang.IllegalStateException: SyncRequestReason param not set
07-23 02:39:14.686 W/GTR_GellerSyncWorker(29257): 	at kzq.a(PG:831)
07-23 02:39:14.686 W/GTR_GellerSyncWorker(29257): 	at tkw.a(PG:3)
07-23 02:39:14.686 W/GTR_GellerSyncWorker(29257): 	at tkc.run(PG:19)
07-23 02:39:14.686 W/GTR_GellerSyncWorker(29257): 	at tky.run(PG:5)
07-23 02:39:14.686 W/GTR_GellerSyncWorker(29257): 	at java.util.concurrent.ThreadPoolExecutor.runWorker(ThreadPoolExecutor.java:1100)
07-23 02:39:14.686 W/GTR_GellerSyncWorker(29257): 	at java.util.concurrent.ThreadPoolExecutor$Worker.run(ThreadPoolExecutor.java:624)
07-23 02:39:14.686 W/GTR_GellerSyncWorker(29257): 	at java.lang.Thread.run(Thread.java:1572)
07-23 02:39:14.686 I/GTR_NetworkAvailabilityMonitor(29257): updateAvailability: state changed to AVAILABLE
07-23 02:39:14.693 I/DynamiteModule(29257): Considering local module com.google.android.gms.cronet_dynamite:0 and remote module com.google.android.gms.cronet_dynamite:4911
07-23 02:39:14.693 I/DynamiteModule(29257): Selected remote version of com.google.android.gms.cronet_dynamite, version >= 4911
07-23 02:39:14.702 I/WM-WorkerWrapper(29257): Worker result FAILURE for Work [ id=e1002134-d13c-48d4-be8d-19ea6d3f2571, class=com.google.android.apps.translate.history.geller.GellerSyncWorker, tags={ com.google.android.apps.translate.history.geller.GellerSyncWorker } ]
07-23 02:39:14.706 I/whetstone.activity( 1821): Power Event callback listener is empty for resId=256
07-23 02:39:14.706 D/BatteryStatsManagerStub( 1821): notifyEvent for resId=256 used 0ms
07-23 02:39:14.707 I/ActivityManager( 1821): unbindService com.android.server.am.ActiveServices@94dfb39 conn=android.app.LoadedApk$ServiceDispatcher$InnerConnection@25a8834 callingPid=1821 callers: com.android.server.job.JobServiceContext.handleFinishedLocked:1412 com.android.server.job.JobServiceContext.doCallbackLocked:1288 com.android.server.job.JobServiceContext.doJobFinished:848 com.android.server.job.JobServiceContext$JobCallback.jobFinished:315 android.app.job.IJobCallback$Stub.onTransact:313 android.os.Binder.execTransactInternal:1433 android.os.Binder.execTransact:1372 <bottom of call stack> <bottom of call stack> <bottom of call stack> 
