07-23 02:39:14.270 I/MTK_APPList( 1087): [notifyAPPstate] multi_resumed_app_count: 3
07-23 02:39:14.270 I/MTK_APPList( 1087): [notifyAPPstate] multi_resumed_app_info[0] android/android._31211484, pid:1821, fps:-1, isMultiWindow:0
07-23 02:39:14.270 I/MTK_APPList( 1087): [notifyAPPstate] multi_resumed_app_info[1] android/android._246910122, pid:1821, fps:-1, isMultiWindow:1
07-23 02:39:14.270 I/MTK_APPList( 1087): [notifyAPPstate] multi_resumed_app_info[2] com.mi.android.globallauncher/com.miui.home.recents.RecentsActivity, pid:2484, fps:-1, isMultiWindow:1
07-23 02:39:14.270 I/MTK_APPList( 1087): [getForegroundAPPCount] 3
07-23 02:39:14.270 I/MTK_APPList( 1087): [notifyAPPstate] foreground:com.mi.android.globallauncher, pid:2484, uid:10150
07-23 02:39:14.270 I/MTK_APPList( 1087): [notifyNetdUID] 10150
07-23 02:39:14.270 D/OnGlobalListenerError( 2484): RecentsContainer before requestLayout isParentLayoutRequested = false
07-23 02:39:14.270 D/OnGlobalListenerError( 2484): RecentsContainer after requestLayout
07-23 02:39:14.271 I/MTK_APPList( 1087): [notifyPID] 2484
07-23 02:39:14.271 I/libPowerHal( 1097): [perfSetSysInfo] pid type:24, 2484
07-23 02:39:14.271 I/MTK_APPList( 1087): [notifyAPPstate] act com.teslacoilsw.launcher.NovaLauncher => com.miui.home.recents.RecentsActivity
07-23 02:39:14.271 D/SurfaceFlinger( 1184): updateWinowInfo=1, setFocusedWindow timestamp=262190637217549, windowName=<null>
07-23 02:39:14.271 I/PowerHalWrapper( 1821): amsBoostNotify AMS_BOOST_PROCESS_CREATE_BOOST:false 
07-23 02:39:14.271 D/SurfaceFlinger( 1184): updateWinowInfo=1, setFocusedWindow timestamp=262190654360396, windowName=8e75ad com.mi.android.globallauncher/com.miui.home.recents.RecentsActivity
07-23 02:39:14.272 I/DisplayPolicyStubImpl( 1821): com.android.server.wm.WindowState hide ime, enable touchboost
07-23 02:39:14.273 I/DisplayPolicyStubImpl( 1821): com.android.server.wm.WindowState hide ime, enable touchboost
07-23 02:39:14.273 D/WindowManager( 1821): wms.finishDrawingLocked: mDrawState=COMMIT_DRAW_PENDING Window{8e75ad u0 com.mi.android.globallauncher/com.miui.home.recents.RecentsActivity} in Surface(name=com.mi.android.globallauncher/com.miui.home.recents.RecentsActivity#138576)/@0xdd64774
07-23 02:39:14.273 D/WallpaperControllerImpl( 1821): findWallpapers, containsMiuiDesktop = true, isSameMiuiWallpaper = false
07-23 02:39:14.273 D/WallpaperControllerImpl( 1821): findWallpapers, descriptor = miui.miwallpaper.desktop.Wallpaper, canShowWhenLocked = true
07-23 02:39:14.273 D/DisplayContentStubImpl( 1821): onNewImeFrame: isImeVisible = false, imeFrame = Rect(0, 0 - 0, 0)
07-23 02:39:14.273 W/InsetsSource( 1821): Has no intersection or mTmpFrame.height(), return Insets.NONE mTmpFrame.height() =0 hasIntersection =false
07-23 02:39:14.274 W/InsetsSource( 1821): Has no intersection or mTmpFrame.height(), return Insets.NONE mTmpFrame.height() =0 hasIntersection =false
07-23 02:39:14.293 W/android.fg( 1821): type=1400 audit(0.0:1484911): avc:  denied  { search } for  name="iorapd" dev="dm-60" ino=1601018 scontext=u:r:system_server:s0 tcontext=u:object_r:iorapd_data_file:s0 tclass=dir permissive=0
07-23 02:39:14.274 D/BarFollowAnimation( 1821): pairAppearanceRegionAndWin win=Window{d696a89 u0 com.teslacoilsw.launcher/com.teslacoilsw.launcher.NovaLauncher} 0
07-23 02:39:14.274 D/BarFollowAnimation( 1821): isAppTaskBarOnTop win:Window{8e75ad u0 com.mi.android.globallauncher/com.miui.home.recents.RecentsActivity} (mCurrentTopTask:Task{f7d7155 #50693 type=standard A=10714:com.tantantribe.tribe} : false); (mAssociatedTask:null : false); (mHomeTask:Task{7ae3ae8 #50019 type=home} : false); mReparentToOriginParent:true mLastAppBarVisible:false mLastHomeBarVisible:true
07-23 02:39:14.274 D/MiuiRefreshRatePolicy( 1821): reset
07-23 02:39:14.274 D/WindowManager( 1821): wms.commitFinishDrawingLocked: mDrawState=READY_TO_SHOW Window{8e75ad u0 com.mi.android.globallauncher/com.miui.home.recents.RecentsActivity} in Surface(name=com.mi.android.globallauncher/com.miui.home.recents.RecentsActivity#138576)/@0xdd64774
07-23 02:39:14.275 I/SmartPower: com.mi.android.globallauncher/10150(2484)( 1821): invisible->visible(49ms) R(become visible) adj=100.
07-23 02:39:14.275 D/BarFollowAnimation( 1821): onTaskInfoChanedForCaptionBar Task{ff28b07 #49867 type=recents I=com.mi.android.globallauncher/com.miui.home.recents.RecentsActivity} shouldbeVisible:true isVisible:true isOnTop:true windowMode:1 preDisplayId:-1 displayId:0 mCaptionAssociatedTask:null mIsTouchedInCaption:false
07-23 02:39:14.275 D/WindowManager( 1821): wms.commitFinishDrawingLocked: mDrawState=READY_TO_SHOW Window{8e75ad u0 com.mi.android.globallauncher/com.miui.home.recents.RecentsActivity} in Surface(name=com.mi.android.globallauncher/com.miui.home.recents.RecentsActivity#138576)/@0xdd64774
07-23 02:39:14.275 I/WindowManager( 1821): wms.showSurfaceRobustly mWin:Window{8e75ad u0 com.mi.android.globallauncher/com.miui.home.recents.RecentsActivity} in Surface(name=com.mi.android.globallauncher/com.miui.home.recents.RecentsActivity#138576)/@0xdd64774
07-23 02:39:14.275 D/OneHandedController( 2784): stopOneHanded state is 0
07-23 02:39:14.275 I/Transition( 1821): calculateTargets isHomeOpen = false, isHomeLaunchApp = false
07-23 02:39:14.275 D/WindowManager( 1821): Final targets: [ChangeInfo{35aae86 container=Task{ff28b07 #49867 type=recents I=com.mi.android.globallauncher/com.miui.home.recents.RecentsActivity} flags=0x30}, ChangeInfo{6e940ba container=Task{7ae3ae8 #50019 type=home} flags=0x10}]
07-23 02:39:14.275 D/EventBus( 2484): No subscribers registered for event class com.miui.home.recents.messages.RecentTasksChangedEvent
07-23 02:39:14.275 D/EventBus( 2484): No subscribers registered for event class org.greenrobot.eventbus.NoSubscriberEvent
07-23 02:39:14.275 D/InputDispatcher( 1821): setFocusedWindow <null> on display 0 ignored, reason: already focused
07-23 02:39:14.275 I/SurfaceFlinger( 1184): [SF-ColorSample] Transition anim start
07-23 02:39:14.276 I/MiBridge( 2484): requestThreadLevelPro ret: 408747
07-23 02:39:14.276 D/Launcher.Boost( 2484): setDynamicVIPTaskIfNeeded::tid = 71 duration = 500
07-23 02:39:14.276 I/DynamicIslandService( 1821): elementSurfaceTransition is null for:com.mi.android.globallauncher
07-23 02:39:14.276 W/MiuiBooster( 1498): "MiuiBoosterService requestThreadPriority: 10150, 2, 500, 408747"
07-23 02:39:14.277 D/WindowManager( 1821): Calling onTransitionReady info={id=9381 t=OPEN f=0x0 trk=0 r=[0@Point(0, 0)] c=[{WCT{RemoteToken{f431324 Task{ff28b07 #49867 type=recents I=com.mi.android.globallauncher/com.miui.home.recents.RecentsActivity}}} m=TO_FRONT f=SHOW_WALLPAPER|MOVE_TO_TOP leash=Surface(name=Task=49867#18158)/@0x6d6ed46 sb=Rect(0, 0 - 1220, 2712) eb=Rect(0, 0 - 1220, 2712) epz=Point(1220, 2712) d=0 taskParent=-1 opt={t=CUSTOM overrideTask=true enterResId=0 changeResId=0 exitResId=0 mUserId=0} v=trueMiuiChangeImpl {miuiEmbedding:false, scale:1.0}},{WCT{RemoteToken{7b454a1 Task{7ae3ae8 #50019 type=home}}} m=TO_BACK f=SHOW_WALLPAPER leash=Surface(name=Task=50019#54111)/@0x5efdc0b sb=Rect(0, 0 - 1220, 2712) eb=Rect(0, 0 - 1220, 2712) epz=Point(1220, 2712) d=0 taskParent=-1 opt={t=CUSTOM overrideTask=true enterResId=0 changeResId=0 exitResId=0 mUserId=0} v=falseMiuiChangeImpl {miuiEmbedding:false, scale:1.0}}] mk=[false] noAni=[false] df=[false] rsa=[false] oa=[false] nc=[0] ho=[false] hla=[false] iSync=[-1]}, mToken=Token{ba69c72 TransitionRecord{c56bd75 id=9381 type=OPEN flags=0x0 overrideAnimOptions={t=CUSTOM overrideTask=true enterResId=0 changeResId=0 exitResId=0 mUserId=0} c=[
07-23 02:39:14.277 D/WindowManager( 1821):    ChangeInfo{a3b57ae container=ActivityRecord{1650046 u0 com.teslacoilsw.launcher/.NovaLauncher t50020} flags=0x0}
07-23 02:39:14.277 D/WindowManager( 1821):    ChangeInfo{e8f894f container=WallpaperWindowToken{2dc2ac0 showWhenLocked=true} flags=0x0}
07-23 02:39:14.277 D/WindowManager( 1821):    ChangeInfo{10db8dc container=ActivityRecord{116164879 u0 com.mi.android.globallauncher/com.miui.home.recents.RecentsActivity t49867} flags=0x0}
07-23 02:39:14.277 D/WindowManager( 1821):    ChangeInfo{752ede5 container=DefaultTaskDisplayArea@123017438 flags=0x0}
07-23 02:39:14.277 D/WindowManager( 1821):    ChangeInfo{6e940ba container=Task{7ae3ae8 #50019 type=home} flags=0x10}
07-23 02:39:14.277 D/WindowManager( 1821):    ChangeInfo{ce56b6b container=Task{a96a38a #50020 type=home I=com.teslacoilsw.launcher/.NovaLauncher} flags=0x10}
07-23 02:39:14.277 D/WindowManager( 1821):    ChangeInfo{42b86c8 container=ActivityRecord{203849994 u0 com.mi.android.globallauncher/com.miui.home.recents.RecentsActivity t-1} flags=0x0}
07-23 02:39:14.277 D/WindowManager( 1821):    ChangeInfo{498361 container=Display{#0 state=ON size=1220x2712 ROTATION_0} flags=0x0}
07-23 02:39:14.277 D/WindowManager( 1821):    ChangeInfo{35aae86 container=Task{ff28b07 #49867 type=recents I=com.mi.android.globallauncher/com.miui.home.recents.RecentsActivity} flags=0x30}
07-23 02:39:14.277 D/WindowManager( 1821): ]
07-23 02:39:14.277 D/WindowManager( 1821): }}
07-23 02:39:14.277 W/BpBinder( 1821): Large outgoing transaction of 22048 bytes, interface descriptor android.window.ITransitionPlayer, code 1 was sent
07-23 02:39:14.277 I/SmartPower( 1821): Miui monitor launch : com.mi.android.globallauncher/com.miui.home.recents.RecentsActivity  transitionTime:54  launchTime:51  launchFrom:com.teslacoilsw.launcher  launchType:3
07-23 02:39:14.277 I/AppStartScenario( 1821): notifyScenarioChanged: active=false param=Bundle[{renderThreadId=2943, pid=2484, uid=10150, name=com.miui.home.recents.RecentsActivity, type=2, state=3, processName=com.mi.android.globallauncher, packageName=com.mi.android.globallauncher}]
07-23 02:39:14.278 D/BLASTSyncEngine( 1821): [DH_DEBUG]remove timeout #9381 callback=com.android.server.wm.BLASTSyncEngine$SyncGroup$$ExternalSyntheticLambda2@a27ccac
07-23 02:39:14.278 D/SchedBoost( 1821): handleSceneBoost type: 20, active :false
07-23 02:39:14.278 I/ProcessManager( 1821): getRenderThreadTidByPid, caller=1821
07-23 02:39:14.278 D/WallpaperControllerImpl( 1821): findWallpapers, containsMiuiDesktop = true, isSameMiuiWallpaper = false
07-23 02:39:14.278 D/WallpaperControllerImpl( 1821): findWallpapers, descriptor = miui.miwallpaper.desktop.Wallpaper, canShowWhenLocked = true
07-23 02:39:14.278 W/SchedBoostThread( 1821): handleThreadSched, mode: 12 for tid: 2951 is still work
07-23 02:39:14.278 E/TransitionController( 1821): Set visible without transition WallpaperWindowToken{2dc2ac0 showWhenLocked=true} playing=true caller=com.android.server.wm.WallpaperControllerImpl.updateWallpaperTokens:181 
07-23 02:39:14.278 D/DisplayContentStubImpl( 1821): onNewImeFrame: isImeVisible = false, imeFrame = Rect(0, 0 - 0, 0)
07-23 02:39:14.278 W/InsetsSource( 1821): Has no intersection or mTmpFrame.height(), return Insets.NONE mTmpFrame.height() =0 hasIntersection =false
07-23 02:39:14.278 W/InsetsSource( 1821): Has no intersection or mTmpFrame.height(), return Insets.NONE mTmpFrame.height() =0 hasIntersection =false
07-23 02:39:14.278 D/BarFollowAnimation( 1821): pairAppearanceRegionAndWin win=Window{8e75ad u0 com.mi.android.globallauncher/com.miui.home.recents.RecentsActivity} 8
07-23 02:39:14.278 D/BarFollowAnimation( 1821): isAppTaskBarOnTop win:Window{8e75ad u0 com.mi.android.globallauncher/com.miui.home.recents.RecentsActivity} (mCurrentTopTask:Task{f7d7155 #50693 type=standard A=10714:com.tantantribe.tribe} : false); (mAssociatedTask:null : false); (mHomeTask:Task{7ae3ae8 #50019 type=home} : false); mReparentToOriginParent:true mLastAppBarVisible:false mLastHomeBarVisible:true
07-23 02:39:14.279 D/WindowManager( 1821): updateSystemBarAttributes displayId: 16777216 Window{8e75ad u0 com.mi.android.globallauncher/com.miui.home.recents.RecentsActivity} winAppearance=LIGHT_STATUS_BARS LIGHT_NAVIGATION_BARS
07-23 02:39:14.279 D/MiuiRefreshRatePolicy( 1821): reset
07-23 02:39:14.279 I/MultiTaskingTaskRepository( 2784): needSkip::is home task
07-23 02:39:14.279 W/MultiTaskingTaskRepository( 2784): putOrUpdateTaskInfo skip
07-23 02:39:14.279 D/MulWinSwitchDecorViewModel( 2784): onTaskChanging taskId:49867 decoration = null
07-23 02:39:14.279 D/MulWinSwitchDecorViewModel( 2784): createWindowDecoration: already exist home bottom decoration. homeTaskId = 50019, taskId = 49867
07-23 02:39:14.279 D/MulWinSwitchDecorViewModel( 2784): onTaskChanging taskId:50019 decoration = com.android.wm.shell.multitasking.miuimultiwinswitch.miuiwindowdecor.decoration.MiuiDecorationHomeController@b2b9f41
07-23 02:39:14.279 D/MiuiDecorationHomeController( 2784): relayout::taskId=50019, userId=0, visible=true, bounds=Rect(0, 0 - 1220, 2712), focused=false, activityType=2, displayId=0, baseActivity=ComponentInfo{com.teslacoilsw.launcher/com.teslacoilsw.launcher.NovaLauncher}, topActivity=ComponentInfo{com.teslacoilsw.launcher/com.teslacoilsw.launcher.NovaLauncher}, callers=com.android.wm.shell.multitasking.miuimultiwinswitch.miuiwindowdecor.MulWinSwitchDecorViewModel.onTaskChanging:110 com.android.wm.shell.freeform.FreeformTaskTransitionObserver.onTransitionReady:187 com.android.wm.shell.transition.Transitions.dispatchReady:241 com.android.wm.shell.transition.Transitions.onTransitionReady:280 com.android.wm.shell.transition.Transitions$TransitionPlayerImpl$$ExternalSyntheticLambda1.run:48 
07-23 02:39:14.279 D/MiuiDecorationHomeBottom( 2784): needHomeBottomCaption: needSupportNavigationHandle = false
07-23 02:39:14.279 D/MiuiDecorationBottom( 2784): releaseViews_HomeBottomCaption: taskId=50019
07-23 02:39:14.279 D/MiuiDecorationBottom( 2784): releaseViews_HomeBottomCaption: taskId=50019
07-23 02:39:14.279 D/MultiTaskingTransitionHandler( 2784): canHandleTransition try handler: com.android.wm.shell.multitasking.miuifreeform.MiuiFreeformModeAnimation@aa70d74
07-23 02:39:14.279 D/MultiTaskingTransitionHandler( 2784): canHandleTransition try handler: com.android.wm.shell.multitasking.miuimultiwinswitch.MulWinSwitchTransition@a037514
07-23 02:39:14.279 I/ShellTransitions( 2784): getMaybeHandlerType active = (#9381) android.os.BinderProxy@f8188b4@0, type = 0
07-23 02:39:14.279 I/ShellTransitions( 2784): Is abandon offsetY: false
07-23 02:39:14.279 I/ShellTransitions( 2784): Is abandon offsetY: false
07-23 02:39:14.279 D/ShellSplitScreen( 2784): startAnimation: transition=9381 isSplitActive=false
07-23 02:39:14.279 D/SoScStageCoordinator( 2784): inCloseTransition:false inSoScUnactivie:true mDeferUpdateSoScStateCount:0
07-23 02:39:14.279 D/MultiTaskingTransitionHandler( 2784): startAnimation try handler: com.android.wm.shell.multitasking.miuifreeform.MiuiFreeformModeAnimation@aa70d74
07-23 02:39:14.279 D/MultiTaskingTransitionHandler( 2784): startAnimation try handler: com.android.wm.shell.multitasking.miuimultiwinswitch.MulWinSwitchTransition@a037514
07-23 02:39:14.279 W/MulWinSwitchTransition( 2784): startAnimation::receive an unknown transition:: token = android.os.BinderProxy@f8188b4 type = OPEN
07-23 02:39:14.279 D/MultiTaskingTransitionHandler( 2784): startAnimation no handler
07-23 02:39:14.280 I/IPCThreadState( 2484): oneway function results for code 5 on binder at 0xb4000074d567a7c0 will be dropped but finished with status UNKNOWN_TRANSACTION
07-23 02:39:14.280 D/TransitionUtil( 2784): Should no animation! change = {m=TO_FRONT f=SHOW_WALLPAPER|MOVE_TO_TOP leash=Surface(name=Task=49867#18158)/@0x80395d6 sb=Rect(0, 0 - 1220, 2712) eb=Rect(0, 0 - 1220, 2712) epz=Point(1220, 2712) d=0 taskParent=-1 opt={t=CUSTOM overrideTask=true enterResId=0 changeResId=0 exitResId=0 mUserId=0} v=trueMiuiChangeImpl {miuiEmbedding:false, scale:1.0}}
07-23 02:39:14.280 D/WmSystemUiDebug( 1821): on system bar attributes changed displayId=16777216 appearance=LIGHT_STATUS_BARS LIGHT_NAVIGATION_BARS appearanceRegions=[AppearanceRegion{LIGHT_STATUS_BARS bounds=[0,0][1220,2712]}] navbarColorManagedByIme=false behavior=1 requestedVisibleTypes=[statusBars navigationBars captionBar systemGestures mandatorySystemGestures tappableElement displayCutout windowDecor systemOverlays] packageName=com.mi.android.globallauncher letterboxDetails=[]
07-23 02:39:14.280 D/MultiTaskingTransitionObserver( 2784): onTransitionFinished::mRunningTransitions = 0 mRemoteOpenFreeformTransitions = []
07-23 02:39:14.280 D/SoScUtils( 2784): monitorTransitionFinished transition:android.os.BinderProxy@f8188b4 transaction: android.view.SurfaceControl$Transaction@a4cd34f mRequestCloseTransition:null mRequestOpenTransition:null mPairsOpenTransition:null mPairsOpenTransitionNull:null mRequestOpenTriggerTask:-1 mRequestCloseTriggerTask:-1 mOrientationTransition: null mPendingChange:null mMainStartingTask:-1 mSideStartingTask:-1
07-23 02:39:14.280 I/SurfaceFlinger( 1184): [SF-ColorSample] Transition anim end
07-23 02:39:14.281 D/BarFollowAnimation( 1821): disableBarAnimation change={WCT{RemoteToken{f431324 Task{ff28b07 #49867 type=recents I=com.mi.android.globallauncher/com.miui.home.recents.RecentsActivity}}} m=TO_FRONT f=SHOW_WALLPAPER|MOVE_TO_TOP leash=Surface(name=Task=49867#18158)/@0x6d6ed46 sb=Rect(0, 0 - 1220, 2712) eb=Rect(0, 0 - 1220, 2712) epz=Point(1220, 2712) d=0 taskParent=-1 opt={t=CUSTOM overrideTask=true enterResId=0 changeResId=0 exitResId=0 mUserId=0} v=trueMiuiChangeImpl {miuiEmbedding:false, scale:1.0}} 1 1
07-23 02:39:14.281 D/BarFollowAnimation( 1821): disableBarAnimation change={WCT{RemoteToken{7b454a1 Task{7ae3ae8 #50019 type=home}}} m=TO_BACK f=SHOW_WALLPAPER leash=Surface(name=Task=50019#54111)/@0x5efdc0b sb=Rect(0, 0 - 1220, 2712) eb=Rect(0, 0 - 1220, 2712) epz=Point(1220, 2712) d=0 taskParent=-1 opt={t=CUSTOM overrideTask=true enterResId=0 changeResId=0 exitResId=0 mUserId=0} v=falseMiuiChangeImpl {miuiEmbedding:false, scale:1.0}} 1 1
07-23 02:39:14.281 D/BarFollowAnimation( 1821): startStatusBarAnimation change= {WCT{RemoteToken{f431324 Task{ff28b07 #49867 type=recents I=com.mi.android.globallauncher/com.miui.home.recents.RecentsActivity}}} m=TO_FRONT f=SHOW_WALLPAPER|MOVE_TO_TOP leash=Surface(name=Task=49867#18158)/@0x6d6ed46 sb=Rect(0, 0 - 1220, 2712) eb=Rect(0, 0 - 1220, 2712) epz=Point(1220, 2712) d=0 taskParent=-1 opt={t=CUSTOM overrideTask=true enterResId=0 changeResId=0 exitResId=0 mUserId=0} v=trueMiuiChangeImpl {miuiEmbedding:false, scale:1.0}} isRecent=false startWindowMode=1 endWindowMode=1 statusState=-1 isRotationAnimation=false
07-23 02:39:14.281 D/BarFollowAnimation( 1821): startStatusBarAnimation hometask=Task{ff28b07 #49867 type=recents I=com.mi.android.globallauncher/com.miui.home.recents.RecentsActivity}
07-23 02:39:14.281 D/BarFollowAnimation( 1821): startStatusBarAnimation mHomeSurface=Surface(name=StatusBar Container of Task = 49867#18161)/@0x87d3ff
07-23 02:39:14.281 D/BarFollowAnimation( 1821): startStatusBarAnimation change= {WCT{RemoteToken{7b454a1 Task{7ae3ae8 #50019 type=home}}} m=TO_BACK f=SHOW_WALLPAPER leash=Surface(name=Task=50019#54111)/@0x5efdc0b sb=Rect(0, 0 - 1220, 2712) eb=Rect(0, 0 - 1220, 2712) epz=Point(1220, 2712) d=0 taskParent=-1 opt={t=CUSTOM overrideTask=true enterResId=0 changeResId=0 exitResId=0 mUserId=0} v=falseMiuiChangeImpl {miuiEmbedding:false, scale:1.0}} isRecent=false startWindowMode=1 endWindowMode=1 statusState=-1 isRotationAnimation=false
07-23 02:39:14.281 D/BarFollowAnimation( 1821): whoops,nodbody?
07-23 02:39:14.281 I/SurfaceFlinger( 1184): [SF-ColorSample] Transition anim end
07-23 02:39:14.281 D/HWUI    ( 2484): setMiShadow drawMiuiShadow::return1 getAlpha [0.231173],Outline.getAlpha [0.000000],!Outline.getPath [1],Outline.getScaleX [1.000000],Outline.getScaleY [1.000000]
07-23 02:39:14.281 D/HWUI    ( 2484): setMiShadow drawMiuiShadow::return1 getAlpha [0.231173],Outline.getAlpha [0.000000],!Outline.getPath [1],Outline.getScaleX [1.000000],Outline.getScaleY [1.000000]
07-23 02:39:14.281 D/HWUI    ( 2484): setMiShadow drawMiuiShadow::return1 getAlpha [0.231173],Outline.getAlpha [0.000000],!Outline.getPath [1],Outline.getScaleX [1.000000],Outline.getScaleY [1.000000]
07-23 02:39:14.281 D/BarFollowAnimation( 1821): onTaskInfoChanedForCaptionBar Task{7ae3ae8 #50019 type=home} shouldbeVisible:false isVisible:false isOnTop:false windowMode:1 preDisplayId:-1 displayId:0 mCaptionAssociatedTask:null mIsTouchedInCaption:false
07-23 02:39:14.282 I/TransitionImpl( 1821): finishTransition: updateLastSurfacePosition tf=Task{ff28b07 #49867 type=recents I=com.mi.android.globallauncher/com.miui.home.recents.RecentsActivity}
07-23 02:39:14.282 D/DynamicIslandWindowViewController( 2784): handleDynamicIsland: action_update_light
07-23 02:39:14.282 D/DynamicIslandWindowViewController( 2784): handleDynamicIsland: isLight true
07-23 02:39:14.282 D/SystemPerformanceHinter( 1821): endSession#HighPerfSession-d0-Transition
07-23 02:39:14.282 I/SurfaceFlinger( 1184): onHandleDestroyed: layerId=138565, name=Surface(name=248010a StatusBar1#114)/@0x588798 - animation-leash of insets_animation#138565
07-23 02:39:14.282 I/SurfaceFlinger( 1184): onHandleDestroyed: layerId=138567, name=Surface(name=cda3356 StatusBar#110)/@0x4a8e0c4 - animation-leash of insets_animation#138567
07-23 02:39:14.282 W/InsetsSource(30868): Has no intersection or mTmpFrame.height(), return Insets.NONE mTmpFrame.height() =0 hasIntersection =false
07-23 02:39:14.283 W/InsetsSource(30868): Has no intersection or mTmpFrame.height(), return Insets.NONE mTmpFrame.height() =0 hasIntersection =false
07-23 02:39:14.283 W/InsetsSource(30868): Has no intersection or mTmpFrame.height(), return Insets.NONE mTmpFrame.height() =0 hasIntersection =false
07-23 02:39:14.283 I/AnimationScenario( 1821): Big data animation scenario state changed to: false, type is 524
07-23 02:39:14.283 I/SurfaceFlinger( 1184): onHandleDestroyed: layerId=138566, name=Surface(name=5f0518 NavigationBar0#108)/@0x9d58dad - animation-leash of insets_animation#138566
07-23 02:39:14.283 D/MiuiInputManagerService( 1821): unregisterSrollToTopListener, windowId: 67941163
07-23 02:39:14.283 D/BarFollowAnimation( 1821): checkBarStatus mReparentToOriginParent:true hasTopFullAppTask:false mHomeTask:Task{7ae3ae8 #50019 type=home} mCurrentTopTask: Task{f7d7155 #50693 type=standard A=10714:com.tantantribe.tribe} mAssociatedTask: null homeTaskonTop:false mCurrentTaskIsTop: false mLastAppBarVisible:false mLastHomeBarVisible:true isInSplitScreen:false
07-23 02:39:14.283 I/RemoteTransitionHandlerStubImpl( 2784): invokeAndRemoveWctCB transition is null, curWctCB: null
07-23 02:39:14.284 I/MultiTaskingTaskRepository( 2784): needSkip::is home task
07-23 02:39:14.284 D/TaskViewThumbnail( 2484): setThumbnail, t=[TaskKey{id=50693, stackId=0, baseIntent=Intent { act=android.intent.action.MAIN cat=[android.intent.category.LAUNCHER] flg=0x10000000 pkg=com.tantantribe.tribe cmp=com.tantantribe.tribe/com.p1.mobile.putong.ui.splash.SplashProxyAct }, userId=0, lastActiveTime=285284950, windowingMode=1, isThumbnailBlur=false, isAccessLocked=false, isScreening=false, topActivity=null, mHashCode=1511118715}, title=tantan, titleDescription=tantan, bounds=null, isLaunchTarget=false, isStackTask=true, isSystemApp=false, isDockable=true, baseActivity=null, isLocked=false, mNeedHide=false, hasMultipleTasks=false, cti1Key=, cti2Key=, cti1Task=, cti2Task=] , mThumbnailInfo=TaskThumbnailInfo{isSnapshotInvalidate=false}, mThumbnailBitmapRect=Rect(0, 0 - 1220, 2552)
07-23 02:39:14.284 D/TaskViewThumbnail( 2484): updateThumbnailScale, t=[TaskKey{id=50693, stackId=0, baseIntent=Intent { act=android.intent.action.MAIN cat=[android.intent.category.LAUNCHER] flg=0x10000000 pkg=com.tantantribe.tribe cmp=com.tantantribe.tribe/com.p1.mobile.putong.ui.splash.SplashProxyAct }, userId=0, lastActiveTime=285284950, windowingMode=1, isThumbnailBlur=false, isAccessLocked=false, isScreening=false, topActivity=null, mHashCode=1511118715}, title=tantan, titleDescription=tantan, bounds=null, isLaunchTarget=false, isStackTask=true, isSystemApp=false, isDockable=true, baseActivity=null, isLocked=false, mNeedHide=false, hasMultipleTasks=false, cti1Key=, cti2Key=, cti1Task=, cti2Task=] , mThumbnailBitmapSizeAfterScaled=(663.6708, 1388.2688)
07-23 02:39:14.284 D/LocalImageResolver( 2784): Couldn't use ImageDecoder for drawable, falling back to non-resized load.
07-23 02:39:14.284 D/TaskViewThumbnail( 2484): updateThumbnailDrawInfo: transX=0.0, transY=0.0
07-23 02:39:14.284 D/TaskViewThumbnail( 2484): setThumbnail, t=[TaskKey{id=50693, stackId=0, baseIntent=Intent { act=android.intent.action.MAIN cat=[android.intent.category.LAUNCHER] flg=0x10000000 pkg=com.tantantribe.tribe cmp=com.tantantribe.tribe/com.p1.mobile.putong.ui.splash.SplashProxyAct }, userId=0, lastActiveTime=285284950, windowingMode=1, isThumbnailBlur=false, isAccessLocked=false, isScreening=false, topActivity=null, mHashCode=1511118715}, title=tantan, titleDescription=tantan, bounds=null, isLaunchTarget=false, isStackTask=true, isSystemApp=false, isDockable=true, baseActivity=null, isLocked=false, mNeedHide=false, hasMultipleTasks=false, cti1Key=, cti2Key=, cti1Task=, cti2Task=] , mThumbnailInfo=TaskThumbnailInfo{isSnapshotInvalidate=false}, mThumbnailBitmapRect=Rect(0, 0 - 1220, 2552)
07-23 02:39:14.284 D/TaskViewThumbnail( 2484): updateThumbnailScale, t=[TaskKey{id=50693, stackId=0, baseIntent=Intent { act=android.intent.action.MAIN cat=[android.intent.category.LAUNCHER] flg=0x10000000 pkg=com.tantantribe.tribe cmp=com.tantantribe.tribe/com.p1.mobile.putong.ui.splash.SplashProxyAct }, userId=0, lastActiveTime=285284950, windowingMode=1, isThumbnailBlur=false, isAccessLocked=false, isScreening=false, topActivity=null, mHashCode=1511118715}, title=tantan, titleDescription=tantan, bounds=null, isLaunchTarget=false, isStackTask=true, isSystemApp=false, isDockable=true, baseActivity=null, isLocked=false, mNeedHide=false, hasMultipleTasks=false, cti1Key=, cti2Key=, cti1Task=, cti2Task=] , mThumbnailBitmapSizeAfterScaled=(663.6708, 1388.2688)
07-23 02:39:14.284 D/TaskViewThumbnail( 2484): updateThumbnailDrawInfo: transX=0.0, transY=0.0
07-23 02:39:14.284 D/BackGestureBreakController( 2484): mAppLaunchingButNotResume= false
07-23 02:39:14.284 I/PowerHalWrapper( 1821): amsBoostNotify pid:30868,activity:com.teslacoilsw.launcher.NovaLauncher, package:com.teslacoilsw.launcher, mProcessCreatePackcom.tantantribe.tribe 
07-23 02:39:14.284 I/PowerHalWrapper( 1821): state: 0 
07-23 02:39:14.284 D/RecentsImpl( 2484): mActivityStateObserver com.miui.home.recents.RecentsActivity
07-23 02:39:14.284 D/BackGestureBreakController( 2484): mAppLaunchingButNotResume= false
07-23 02:39:14.284 W/RecentsImpl( 2484): updateGestureWindowVisibleImpl, className=com.miui.home.recents.RecentsActivity
07-23 02:39:14.284 W/RecentsImpl( 2484): updateGestureWindowVisibleImpl, return. mNavStubView=null, mGestureStubLeft=null, mGestureStubRight=null, mIsInAnotherPro=false
07-23 02:39:14.284 I/ScnModule( 1821): [GameDetection] requestedPermissions1/1:: com.teslacoilsw.launcher:: [android.permission.POST_NOTIFICATIONS, com.google.android.gms.permission.AD_ID, BIND_GET_INSTALL_REFERRER_SERVICE, com.android.vending.CHECK_LICENSE, android.permission.KILL_BACKGROUND_PROCESSES, android.permission.INTERNET, android.permission.EXPAND_STATUS_BAR, com.android.vending.BILLING, android.permission.WRITE_SECURE_SETTINGS, android.permission.STATUS_BAR, android.permission.ACCESS_COARSE_LOCATION, android.permission.ACCESS_FINE_LOCATION, android.permission.WRITE_SETTINGS, android.permission.READ_EXTERNAL_STORAGE, android.permission.WRITE_EXTERNAL_STORAGE, android.permission.READ_MEDIA_AUDIO, android.permission.READ_CONTACTS, android.permission.READ_CALENDAR, android.permission.ACCESS_WIFI_STATE, android.permission.ACCESS_NETWORK_STATE, android.permission.BLUETOOTH, android.permission.BLUETOOTH_CONNECT, com.teslacoilsw.launcher.permission.NOVA, android.permission.CALL_PHONE, android.permission.SET_WALLPAPER, android.permission.VIBRATE, android.permission.SET_WALLPAPER_HINTS, android.permission.BIND_APPWIDGET, android.permission.RECEIVE_BOOT_COMPLETED, android.permission.REQUEST_DELETE_PACKAGES, android.permission.QUERY_ALL_PACKAGES, com.android.alarm.permission.SET_ALARM, android.permission.WRITE_EMBEDDED_SUBSCRIPTIONS, android.permission.MODIFY_PHONE_STATE, android.permission.READ_BASIC_PHONE_STATE, android.permission.ACCESS_ADSERVICES_TOPICS, android.permission.ACCESS_ADSERVICES_AD_ID, android.permission.ACCESS_ADSERVICES_ATTRIBUTION, android.permission.USE_BIOMETRIC, android.permission.USE_FINGERPRINT, android.permission.WAKE_LOCK, com.google.android.c2dm.permission.RECEIVE, com.google.android.finsky.permission.BIND_GET_INSTALL_REFERRER_SERVICE, android.permission.PACKAGE_USAGE_STATS, android.permission.FOREGROUND_SERVICE, com.amazon.privacypass.ATTEST, com.teslacoilsw.launcher.DYNAMIC_RECEIVER_NOT_EXPORTED_PERMISSION] 
07-23 02:39:14.285 I/ScnModule( 1821): [GameDetection] numOfPermissiom:: com.teslacoilsw.launcher:: 47 
07-23 02:39:14.285 I/DisplayModeDirectorImpl( 1821): SmartDisplayPolicyEnd
07-23 02:39:14.285 W/RecentsModel( 2484): getRunningTask   taskInfo=TaskInfo{userId=0 taskId=49867 effectiveUid=10150 displayId=0 isRunning=true baseIntent=Intent { act=android.intent.action.MAIN cat=[android.intent.category.DEFAULT] flg=0x10840000 cmp=com.mi.android.globallauncher/com.miui.home.recents.RecentsActivity } baseActivity=ComponentInfo{com.mi.android.globallauncher/com.miui.home.recents.RecentsActivity} topActivity=ComponentInfo{com.mi.android.globallauncher/com.miui.home.recents.RecentsActivity} origActivity=null realActivity=ComponentInfo{com.mi.android.globallauncher/com.miui.home.recents.RecentsActivity} numActivities=1 lastActiveTime=285294948 supportsSplitScreenMultiWindow=true mSoScDisplayMode=-1 supportsMultiWindow=true resizeMode=2 isResizeable=true minWidth=-1 minHeight=-1 defaultMinSize=200 token=WCT{android.window.IWindowContainerToken$Stub$Proxy@947a0fc} topActivityType=3 pictureInPictureParams=null shouldDockBigOverlays=false launchIntoPipHostTaskId=-1 lastParentTaskIdBeforePip=-1 displayCutoutSafeInsets=Rect(0, 0 - 0, 0) topActivityInfo=ActivityInfo{5748385 com.miui.home.recents.RecentsActivity} launchCookies=[] positionInParent=Point(0, 0) parentTaskId=-1 isFocused=true isVisible=true isVisibleRequested=true isTopActivityNoDisplay=false isSleeping=false locusId=null displayAreaFeatureId=1 isTopActivityTransparent=false isActivityStackTransparent=false lastNonFullscreenBounds=Rect(304, 726 - 916, 1946) capturedLink=null capturedLinkTimestamp=0 requestedVisibleTypes=-9 topActivityRequestOpenInBrowserEducationTimestamp=0 appCompatTaskInfo=AppCompatTaskInfo { topActivityInSizeCompat=false eligibleForLetterboxEducation= false topActivityInMiuiSizeCompat=false isLetterboxEducationEnabled= false isLetterboxDoubleTapEnabled= false eligibleForUserAspectRatioButton= false topActivityBoundsLetterboxed= false isFromLetterboxDoubleTap= false topActivityLetterboxVerticalPosition= -1 topActivityLetterboxHorizontalPosition= -1 topActivityLetterboxWidth=-1 topActivityLetterboxHeight=-1 topActivityAppBounds=Rect(0, 0 - 1220, 2712) isUserFullscreenOverrideEnabled=false isSystemFullscreenOverrideEnabled=false hasMinAspectRatioOverride=false topActivityLetterboxBounds=null cameraCompatTaskInfo=CameraCompatTaskInfo { freeformCameraCompatMode=inactive}} isImmersive=false mTopActivityRequestOrientation=-2 mStatusBarParent=null mNavBarParent=null mBehindAppLockPkg=null mOriginatingUid=0 isEmbedded=false shouldBeVisible=true isCreatedByOrganizer=false mIsCastMode=false mTopActivityMediaSize=null mTopActivityRecordName=ActivityRecord{116164879 u0 com.mi.android.globallauncher/com.miui.home.recents.RecentsActivity t49867} mTopActivityOrientation=3 topActivityMainWindowFrame=null}
07-23 02:39:14.285 D/MI-SF   ( 1184): updateScene: module = 268 (Animation), value = 0, pkg = perf_interaction
07-23 02:39:14.285 E/ActivityManagerWrapper( 2484): get all recent tasks force including 49867 userId =0
07-23 02:39:14.285 I/ScnModule( 1821): [GameDetection] inputPermissions:: com.teslacoilsw.launcher:: [0.0, 0.0, 0.0, 0.0, 1.0, 1.0, 0.0, 0.0, 0.0, 0.0, 0.0, 0.0, 1.0, 1.0, 1.0, 0.0, 0.0, 1.0, 1.0, 1.0, 0.0, 0.0, 0.0, 0.0, 1.0, 1.0, 1.0, 0.0, 0.0, 0.0, 1.0, 1.0, 1.0, 1.0, 1.0, 0.0, 1.0, 1.0, 1.0, 0.0, 0.0, 1.0, 1.0, 1.0, 0.0, 1.0, 0.0, 1.0, 0.0, 0.0, 0.0, 0.0, 0.0, 1.0, 0.0, 0.0, 1.0, 0.0, 0.0, 0.0, 0.0, 0.0, 0.0, 1.0, 1.0, 0.0, 1.0, 0.0, 0.0, 0.0, 0.0, 0.0, 1.0, 0.0, 0.0, 0.0, 0.0, 0.0, 0.0, 0.0, 0.0, 0.0, 0.0, 0.0, 0.0, 0.0, 1.0, 0.0, 0.0, 0.0, 1.0, 0.0, 0.0, 1.0, 0.0, 0.0, 0.0, 0.0, 0.0, 0.0, 0.0, 0.0, 0.0, 0.0, 1.0, 0.0, 0.0, 0.0, 0.0, 0.0, 0.0, 1.0, 0.0, 0.0, 0.0, 0.0, 0.0, 0.0, 0.0, 0.0, 0.0, 0.0, 0.0, 0.0, 0.0, 0.0, 0.0, 0.0, 0.0, 0.0, 0.0, 0.0, 1.0, 0.0, 0.0, 0.0, 0.0, 0.0, 0.0, 1.0, 0.0, 0.0, 0.0, 0.0, 0.0, 0.0, 0.0, 0.0, 0.0, 1.0, 0.0, 0.0, 0.0, 0.0, 0.0, 0.0, 0.0, 0.0, 0.0, 0.0, 0.0, 0.0, 0.0, 0.0, 0.0, 0.0, 0.0, 0.0, 0.0, 0.0, 0.0, 0.0, 0.0, 0.0, 0.0, 0.0, 0.0, 0.0, 0.0, 0.0, 0.0, 0.0, 0.0, 0.0, 0.0, 0.0, 0.0, 0.0, 0.0, 0.0, 0.0, 0.0, 0.0, 0.0, 0.0, 0.0, 0.0, 0.0, 0.0, 0.0] 
07-23 02:39:14.285 I/ScnModule( 1821): [GameDetection] inputGameFeature:: com.teslacoilsw.launcher:: [-0.13318138, 0.0, 0.0, 0.0] 
07-23 02:39:14.285 I/ScnModule( 1821): [GameDetection] GamePredictor:: com.teslacoilsw.launcher:: nonGame:41.2556,isGame:-42.4778 
07-23 02:39:14.285 I/mtkpower_client( 1821): [PowerHal_Wrap_notifyAppState] com.teslacoilsw.launcher/com.teslacoilsw.launcher.NovaLauncher pid=30868 activityId:1650046 state:0
07-23 02:39:14.285 I/MTK_APPList( 1087): [getForegroundAPPInfo]  com.mi.android.globallauncher/com.miui.home.recents.RecentsActivity (pid=2484)
07-23 02:39:14.285 I/vendor.mediatek.hardware.mtkpower_applist-service.mediatek( 1087): MIUI ADDpackName: com.mi.android.globallauncher actName: com.miui.home.recents.RecentsActivity
07-23 02:39:14.285 I/vendor.mediatek.hardware.mtkpower_applist-service.mediatek( 1087): powerhal get success
07-23 02:39:14.285 I/vendor.mediatek.hardware.mtkpower_applist-service.mediatek( 1087): packName: com.teslacoilsw.launcher actName: com.teslacoilsw.launcher.NovaLauncher pid: 30868 uid: 10617 state: 0
07-23 02:39:14.285 I/MTK_APPList( 1087): [notifyAPPstate] com.teslacoilsw.launcher/com.teslacoilsw.launcher.NovaLauncher, pid=30868, uid=10617, state:PAUSED, fps:-1, win:1
07-23 02:39:14.285 I/MTK_APPList( 1087): [notifyAPPstate] multi_resumed_app_count: 3
07-23 02:39:14.285 I/MTK_APPList( 1087): [notifyAPPstate] multi_resumed_app_info[0] android/android._31211484, pid:1821, fps:-1, isMultiWindow:0
07-23 02:39:14.285 I/MTK_APPList( 1087): [notifyAPPstate] multi_resumed_app_info[1] android/android._246910122, pid:1821, fps:-1, isMultiWindow:1
07-23 02:39:14.285 I/MTK_APPList( 1087): [notifyAPPstate] multi_resumed_app_info[2] com.mi.android.globallauncher/com.miui.home.recents.RecentsActivity, pid:2484, fps:-1, isMultiWindow:1
07-23 02:39:14.285 I/MTK_APPList( 1087): [getForegroundAPPCount] 3
07-23 02:39:14.285 I/MTK_APPList( 1087): [notifyNetdUID] 10150
07-23 02:39:14.285 D/LocalImageResolver( 2784): Couldn't use ImageDecoder for drawable, falling back to non-resized load.
07-23 02:39:14.286 W/InsetsSource( 2484): Has no intersection or mTmpFrame.height(), return Insets.NONE mTmpFrame.height() =0 hasIntersection =false
07-23 02:39:14.286 W/InsetsSource( 2484): Has no intersection or mTmpFrame.height(), return Insets.NONE mTmpFrame.height() =0 hasIntersection =false
07-23 02:39:14.286 W/InsetsSource( 2484): Has no intersection or mTmpFrame.height(), return Insets.NONE mTmpFrame.height() =0 hasIntersection =false
07-23 02:39:14.286 I/MTK_APPList( 1087): [notifyPID] 2484
07-23 02:39:14.286 D/DeskTopModeUtils( 2784): Failed to read MIUI_DESKTOP_MODE settings android.provider.Settings$SettingNotFoundException: miui_dkt_mode
07-23 02:39:14.286 I/PowerHalWrapper( 1821): amsBoostNotify AMS_BOOST_PROCESS_CREATE_BOOST:false 
07-23 02:39:14.287 W/RecentsImpl( 2484): disableTouchBySwipeStatusBar    disable=false
07-23 02:39:14.287 I/CameraActivitySceneMode( 1821): decideSceneMode: ActivityStateChange isn't resumend activityName = com.teslacoilsw.launcher.NovaLauncher, displayId = 0, state = 5, mIsVideocallResumed = false
07-23 02:39:14.287 I/SurfaceFlinger( 1184): onHandleDestroyed: layerId=138580, name=Transition Root #9381: Task=49867#138580
07-23 02:39:14.288 E/HwcComposer( 1184): presentOrValidateDisplay 0 presentFence:-1
07-23 02:39:14.289 I/libPowerHal( 1097): [perfSetSysInfo] pid type:24, 2484
07-23 02:39:14.289 D/KeyguardEditorHelper( 2784): onTopActivityMayChanged, topActivity=ComponentInfo{com.mi.android.globallauncher/com.miui.home.recents.RecentsActivity}; mState=IDEL
07-23 02:39:14.290 E/BoostHelper( 2784): increaseMainAndRenderThreadPriority current, don't increase
07-23 02:39:14.290 D/CommandQueueCallback( 2784): onSystemBarAttributesChanged (16777216, 24)
07-23 02:39:14.293 E/ActivityManagerWrapper( 2484): getRecentTasksForceIncludingTaskIdIfValid: getRecentTasks: size=12
07-23 02:39:14.293 E/ActivityManagerWrapper( 2484):  mainTaskId=50693   userId=0   windowMode=1   isExcludedFromRecents=false   baseIntent=Intent { act=android.intent.action.MAIN flag=268435456 cmp=ComponentInfo{com.tantantribe.tribe/com.p1.mobile.putong.ui.splash.SplashProxyAct} }
07-23 02:39:14.293 E/ActivityManagerWrapper( 2484):  mainTaskId=50667   userId=0   windowMode=1   isExcludedFromRecents=false   baseIntent=Intent { act=android.intent.action.MAIN flag=270532608 cmp=ComponentInfo{app.morphe.manager/app.morphe.manager.MainActivity_Dark_2} }
07-23 02:39:14.293 E/ActivityManagerWrapper( 2484):  mainTaskId=50689   userId=0   windowMode=1   isExcludedFromRecents=false   baseIntent=Intent { act=android.intent.action.MAIN flag=270532608 cmp=ComponentInfo{com.ubercab.eats/com.ubercab.eats.core.activity.LauncherActivity} }
07-23 02:39:14.293 E/ActivityManagerWrapper( 2484):  mainTaskId=50683   userId=0   windowMode=1   isExcludedFromRecents=false   baseIntent=Intent { act=android.intent.action.MAIN flag=270532608 cmp=ComponentInfo{org.thoughtcrime.securesms/org.thoughtcrime.securesms.RoutingActivity} }
07-23 02:39:14.293 E/ActivityManagerWrapper( 2484):  mainTaskId=49877   userId=0   windowMode=1   isExcludedFromRecents=false   baseIntent=Intent { act=android.intent.action.MAIN flag=270532608 cmp=ComponentInfo{com.beint.zangi/com.beint.project.MainActivity} }
07-23 02:39:14.293 E/ActivityManagerWrapper( 2484):  mainTaskId=50682   userId=0   windowMode=1   isExcludedFromRecents=false   baseIntent=Intent { act=android.intent.action.MAIN flag=270532608 cmp=ComponentInfo{org.telegram.messenger.web/org.telegram.messenger.DefaultIcon} }
07-23 02:39:14.293 E/ActivityManagerWrapper( 2484):  mainTaskId=50674   userId=0   windowMode=1   isExcludedFromRecents=false   baseIntent=Intent { act=android.intent.action.MAIN flag=270532608 cmp=ComponentInfo{app.revanced.android.gms/org.microg.gms.ui.SettingsActivityLauncher} }
07-23 02:39:14.293 E/ActivityManagerWrapper( 2484):  mainTaskId=50627   userId=0   windowMode=1   isExcludedFromRecents=false   baseIntent=Intent { act=android.intent.action.MAIN flag=270532608 cmp=ComponentInfo{com.google.android.apps.maps/com.google.android.maps.MapsActivity} }
07-23 02:39:14.293 E/ActivityManagerWrapper( 2484):  mainTaskId=50314   userId=0   windowMode=1   isExcludedFromRecents=false   baseIntent=Intent { act=android.intent.action.VIEW flag=335552512 cmp=ComponentInfo{com.chrome.dev/org.chromium.chrome.browser.ChromeTabbedActivity} }
07-23 02:39:14.293 E/ActivityManagerWrapper( 2484):  mainTaskId=50387   userId=0   windowMode=1   isExcludedFromRecents=false   baseIntent=Intent { act=android.intent.action.VIEW flag=268468224 cmp=ComponentInfo{com.google.android.gm/com.google.android.gm.ui.MailActivityGmail} }
07-23 02:39:14.293 E/ActivityManagerWrapper( 2484):  mainTaskId=50236   userId=0   windowMode=1   isExcludedFromRecents=false   baseIntent=Intent { act=android.intent.action.MAIN flag=270532608 cmp=ComponentInfo{com.google.android.apps.messaging/com.google.android.apps.messaging.ui.ConversationListActivity} }
07-23 02:39:14.293 E/ActivityManagerWrapper( 2484):  mainTaskId=50457   userId=0   windowMode=1   isExcludedFromRecents=false   baseIntent=Intent { act=android.intent.action.MAIN flag=270532608 cmp=ComponentInfo{com.adguard.android/com.adguard.android.ui.activity.SplashActivity} }
07-23 02:39:14.294 D/RecentsTaskLoader( 2484): reloadTasksData [TaskKey{id=50693, stackId=0, baseIntent=Intent { act=android.intent.action.MAIN cat=[android.intent.category.LAUNCHER] flg=0x10000000 pkg=com.tantantribe.tribe cmp=com.tantantribe.tribe/com.p1.mobile.putong.ui.splash.SplashProxyAct }, userId=0, lastActiveTime=285284950, windowingMode=1, isThumbnailBlur=false, isAccessLocked=false, isScreening=false, topActivity=null, mHashCode=1511118715}, title=tantan, titleDescription=tantan, bounds=null, isLaunchTarget=false, isStackTask=true, isSystemApp=false, isDockable=true, baseActivity=null, isLocked=false, mNeedHide=false, hasMultipleTasks=false, cti1Key=, cti2Key=, cti1Task=, cti2Task=] 
07-23 02:39:14.294 D/RecentsTaskLoader( 2484): reloadTasksData [TaskKey{id=50667, stackId=0, baseIntent=Intent { act=android.intent.action.MAIN cat=[android.intent.category.LAUNCHER] flg=0x10200000 cmp=app.morphe.manager/.MainActivity_Dark_2 }, userId=0, lastActiveTime=285273500, windowingMode=1, isThumbnailBlur=false, isAccessLocked=false, isScreening=false, topActivity=ComponentInfo{app.morphe.manager/app.morphe.manager.MainActivity}, mHashCode=1510344149}, title=Morphe, titleDescription=Morphe, bounds=null, isLaunchTarget=false, isStackTask=true, isSystemApp=false, isDockable=true, baseActivity=ComponentInfo{app.morphe.manager/app.morphe.manager.MainActivity}, isLocked=false, mNeedHide=false, hasMultipleTasks=false, cti1Key=, cti2Key=, cti1Task=, cti2Task=] 
07-23 02:39:14.294 D/RecentsTaskLoader( 2484): reloadTasksData [TaskKey{id=50689, stackId=0, baseIntent=Intent { act=android.intent.action.MAIN cat=[android.intent.category.LAUNCHER] flg=0x10200000 cmp=com.ubercab.eats/.core.activity.LauncherActivity }, userId=0, lastActiveTime=285172628, windowingMode=1, isThumbnailBlur=false, isAccessLocked=false, isScreening=false, topActivity=ComponentInfo{com.ubercab.eats/com.ubercab.eats.core.activity.RootActivity}, mHashCode=1510999551}, title=Uber Eats, titleDescription=Uber Eats, bounds=null, isLaunchTarget=false, isStackTask=true, isSystemApp=false, isDockable=true, baseActivity=ComponentInfo{com.ubercab.eats/com.ubercab.eats.core.activity.RootActivity}, isLocked=false, mNeedHide=false, hasMultipleTasks=false, cti1Key=, cti2Key=, cti1Task=, cti2Task=] 
07-23 02:39:14.294 D/RecentsTaskLoader( 2484): reloadTasksData [TaskKey{id=50683, stackId=0, baseIntent=Intent { act=android.intent.action.MAIN cat=[android.intent.category.LAUNCHER] flg=0x10200000 cmp=org.thoughtcrime.securesms/.RoutingActivity }, userId=0, lastActiveTime=283974040, windowingMode=1, isThumbnailBlur=false, isAccessLocked=false, isScreening=false, topActivity=ComponentInfo{org.thoughtcrime.securesms/org.thoughtcrime.securesms.MainActivity}, mHashCode=1510820805}, title=Signal, titleDescription=Signal, bounds=null, isLaunchTarget=false, isStackTask=true, isSystemApp=false, isDockable=true, baseActivity=ComponentInfo{org.thoughtcrime.securesms/org.thoughtcrime.securesms.MainActivity}, isLocked=false, mNeedHide=false, hasMultipleTasks=false, cti1Key=, cti2Key=, cti1Task=, cti2Task=] 
07-23 02:39:14.294 D/RecentsTaskLoader( 2484): reloadTasksData [TaskKey{id=49877, stackId=0, baseIntent=Intent { act=android.intent.action.MAIN cat=[android.intent.category.LAUNCHER] flg=0x10200000 cmp=com.beint.zangi/com.beint.project.MainActivity }, userId=0, lastActiveTime=283878188, windowingMode=1, isThumbnailBlur=false, isAccessLocked=false, isScreening=false, topActivity=ComponentInfo{com.beint.zangi/com.beint.project.MainActivity}, mHashCode=1486809259}, title=Zangi, titleDescription=Zangi, bounds=null, isLaunchTarget=true, isStackTask=true, isSystemApp=false, isDockable=true, baseActivity=ComponentInfo{com.beint.zangi/com.beint.project.MainActivity}, isLocked=true, mNeedHide=false, hasMultipleTasks=false, cti1Key=, cti2Key=, cti1Task=, cti2Task=] 
07-23 02:39:14.294 D/RecentsTaskLoader( 2484): reloadTasksData [TaskKey{id=50682, stackId=0, baseIntent=Intent { act=android.intent.action.MAIN cat=[android.intent.category.LAUNCHER] flg=0x10200000 cmp=org.telegram.messenger.web/org.telegram.messenger.DefaultIcon }, userId=0, lastActiveTime=283872712, windowingMode=1, isThumbnailBlur=false, isAccessLocked=false, isScreening=false, topActivity=ComponentInfo{org.telegram.messenger.web/org.telegram.ui.LaunchActivity}, mHashCode=1510791014}, title=Telegram, titleDescription=Telegram, bounds=null, isLaunchTarget=false, isStackTask=true, isSystemApp=false, isDockable=true, baseActivity=ComponentInfo{org.telegram.messenger.web/org.telegram.ui.LaunchActivity}, isLocked=false, mNeedHide=false, hasMultipleTasks=false, cti1Key=, cti2Key=, cti1Task=, cti2Task=] 
07-23 02:39:14.294 D/RecentsTaskLoader( 2484): reloadTasksData [TaskKey{id=50674, stackId=0, baseIntent=Intent { act=android.intent.action.MAIN cat=[android.intent.category.LAUNCHER] flg=0x10200000 cmp=app.revanced.android.gms/org.microg.gms.ui.SettingsActivityLauncher }, userId=0, lastActiveTime=280956023, windowingMode=1, isThumbnailBlur=false, isAccessLocked=false, isScreening=false, topActivity=ComponentInfo{app.revanced.android.gms/org.microg.gms.ui.MainSettingsActivity}, mHashCode=1510552686}, title=MicroG RE, titleDescription=MicroG RE, bounds=null, isLaunchTarget=false, isStackTask=true, isSystemApp=false, isDockable=true, baseActivity=ComponentInfo{app.revanced.android.gms/org.microg.gms.ui.MainSettingsActivity}, isLocked=false, mNeedHide=false, hasMultipleTasks=false, cti1Key=, cti2Key=, cti1Task=, cti2Task=] 
07-23 02:39:14.294 D/RecentsTaskLoader( 2484): reloadTasksData [TaskKey{id=50627, stackId=0, baseIntent=Intent { act=android.intent.action.MAIN cat=[android.intent.category.LAUNCHER] flg=0x10200000 cmp=com.google.android.apps.maps/com.google.android.maps.MapsActivity }, userId=0, lastActiveTime=271270152, windowingMode=1, isThumbnailBlur=false, isAccessLocked=false, isScreening=false, topActivity=ComponentInfo{com.google.android.apps.maps/com.google.android.maps.MapsActivity}, mHashCode=1509152509}, title=Maps, titleDescription=Maps, bounds=null, isLaunchTarget=false, isStackTask=true, isSystemApp=true, isDockable=true, baseActivity=ComponentInfo{com.google.android.apps.maps/com.google.android.maps.MapsActivity}, isLocked=false, mNeedHide=false, hasMultipleTasks=false, cti1Key=, cti2Key=, cti1Task=, cti2Task=] 
07-23 02:39:14.294 D/RecentsTaskLoader( 2484): reloadTasksData [TaskKey{id=50314, stackId=0, baseIntent=Intent { act=android.intent.action.VIEW dat=https://github.com/... flg=0x14002000 cmp=com.chrome.dev/org.chromium.chrome.browser.ChromeTabbedActivity }, userId=0, lastActiveTime=271115451, windowingMode=1, isThumbnailBlur=false, isAccessLocked=false, isScreening=false, topActivity=ComponentInfo{com.chrome.dev/org.chromium.chrome.browser.ChromeTabbedActivity}, mHashCode=1499827926}, title=Chrome Dev, titleDescription=Chrome Dev, bounds=null, isLaunchTarget=false, isStackTask=true, isSystemApp=false, isDockable=true, baseActivity=ComponentInfo{com.chrome.dev/org.chromium.chrome.browser.ChromeTabbedActivity}, isLocked=true, mNeedHide=false, hasMultipleTasks=false, cti1Key=, cti2Key=, cti1Task=, cti2Task=] 
07-23 02:39:14.294 D/RecentsTaskLoader( 2484): reloadTasksData [TaskKey{id=50387, stackId=0, baseIntent=Intent { act=android.intent.action.VIEW dat=content://com.google.android.gm.sapi/... typ=application/gmail-ls flg=0x10008000 cmp=com.google.android.gm/.ui.MailActivityGmail }, userId=0, lastActiveTime=247395855, windowingMode=1, isThumbnailBlur=false, isAccessLocked=false, isScreening=false, topActivity=ComponentInfo{com.google.android.gm/com.google.android.gm.ui.MailActivityGmail}, mHashCode=1502002669}, title=Gmail, titleDescription=Gmail, bounds=null, isLaunchTarget=false, isStackTask=true, isSystemApp=true, isDockable=true, baseActivity=ComponentInfo{com.google.android.gm/com.google.android.gm.ui.MailActivityGmail}, isLocked=true, mNeedHide=false, hasMultipleTasks=false, cti1Key=, cti2Key=, cti1Task=, cti2Task=] 
07-23 02:39:14.294 D/RecentsTaskLoader( 2484): reloadTasksData [TaskKey{id=50236, stackId=0, baseIntent=Intent { act=android.intent.action.MAIN cat=[android.intent.category.LAUNCHER] flg=0x10200000 cmp=com.google.android.apps.messaging/.ui.ConversationListActivity }, userId=0, lastActiveTime=238921873, windowingMode=1, isThumbnailBlur=false, isAccessLocked=false, isScreening=false, topActivity=ComponentInfo{com.google.android.apps.messaging/com.google.android.apps.messaging.main.MainActivity}, mHashCode=1497504228}, title=Messages, titleDescription=Messages, bounds=null, isLaunchTarget=false, isStackTask=true, isSystemApp=true, isDockable=true, baseActivity=ComponentInfo{com.google.android.apps.messaging/com.google.android.apps.messaging.main.MainActivity}, isLocked=false, mNeedHide=false, hasMultipleTasks=false, cti1Key=, cti2Key=, cti1Task=, cti2Task=] 
07-23 02:39:14.294 D/RecentsTaskLoader( 2484): reloadTasksData [TaskKey{id=50457, stackId=0, baseIntent=Intent { act=android.intent.action.MAIN cat=[android.intent.category.LAUNCHER] flg=0x10200000 cmp=com.adguard.android/.ui.activity.SplashActivity }, userId=0, lastActiveTime=224765385, windowingMode=1, isThumbnailBlur=false, isAccessLocked=false, isScreening=false, topActivity=ComponentInfo{com.adguard.android/com.adguard.android.ui.activity.MainActivity}, mHashCode=1504088039}, title=AdGuard, titleDescription=AdGuard, bounds=null, isLaunchTarget=false, isStackTask=true, isSystemApp=false, isDockable=true, baseActivity=ComponentInfo{com.adguard.android/com.adguard.android.ui.activity.MainActivity}, isLocked=false, mNeedHide=false, hasMultipleTasks=false, cti1Key=, cti2Key=, cti1Task=, cti2Task=] 
