07-23 02:39:14.708 W/System  (29257): ClassLoader referenced unknown path: 
07-23 02:39:14.708 D/nativeloader(29257): Configuring clns-11 for other apk . target_sdk_version=37, uses_libraries=, library_path=/data/app/~~0Zro_XVh9HMZ7agft6Cwrw==/com.google.android.gms-qBW6ZKW2I_8TbHRV6YIMxQ==/lib/arm64:/data/app/~~0Zro_XVh9HMZ7agft6Cwrw==/com.google.android.gms-qBW6ZKW2I_8TbHRV6YIMxQ==/base.apk!/lib/arm64-v8a, permitted_path=/data:/mnt/expand:/data/user/0/com.google.android.gms
07-23 02:39:14.709 I/MiuiNetworkPolicy( 1821): updateUidState uid = 10385, uidState = 11
07-23 02:39:14.709 I/MiuiNetworkPolicy( 1821): updateUidState uid = 10155, uidState = 11
07-23 02:39:14.709 I/MiuiNetworkPolicy( 1821): updateUidState uid = 10097, uidState = 11
07-23 02:39:14.709 I/touch_boost( 1282): enable=0, boost_up=0, boost_down=1, render_deboost=0, active_time=100, duration=50, idleprefer(TA,FG)=(1,1), util(TA,FG)=(1,1), freq(c0,c1,c2)=(1100000,1400000,400000)
07-23 02:39:14.709 I/mtkpower_client( 1282): perf_lock_rel, hdl:232663, tid:1282
07-23 02:39:14.710 I/mtkpower_client( 1282): IMtkPowerService_isDeclared 1
07-23 02:39:14.710 I/libPowerHal( 1097): [perfLockRel] hdl:232663, idx:12
07-23 02:39:14.710 I/libPowerHal( 1097): [PD] touch_boost update cmd:1404100 param:0
07-23 02:39:14.710 I/libPowerHal( 1097): [PD] touch_boost update cmd:1404300 param:0
07-23 02:39:14.710 I/libPowerHal( 1097): [PD] touch_boost update cmd:1408100 param:0
07-23 02:39:14.713 I/MIUIInput( 1821): [MotionEvent] notifyMotion - eventTime=262191105904000, deviceId=6, source=0x1002, policyFlags=0x0, action=0x1, flags=0x0, downTime=262191052199000
07-23 02:39:14.713 I/MIUIInput( 1821): [MotionEvent] publisher action=0x1, deviceId=6, 262191105, channel '8e75ad com.mi.android.globallauncher/com.miui.home.recents.RecentsActivity'
07-23 02:39:14.713 I/MIUIInput( 1821): [MotionEvent] publisher action=0x1, deviceId=6, 262191105, channel 'c777ba com.miui.miwallpaper.wallpaperservice.ImageWallpaper'
07-23 02:39:14.713 I/MIUIInput( 1821): [MotionEvent] publisher action=0x1, deviceId=6, 262191105, channel '[Gesture Monitor] WMShell'
07-23 02:39:14.713 I/MIUIInput( 1821): [MotionEvent] publisher action=0x1, deviceId=6, 262191105, channel '[Gesture Monitor] miui-gesture'
07-23 02:39:14.714 I/MIUIInput( 2484): [MotionEvent] ViewRootImpl windowName 'com.mi.android.globallauncher/com.miui.home.recents.RecentsActivity', { action=ACTION_UP, id[0]=0, pointerCount=1, eventTime=262191105, downTime=262191052, phoneEventTime=1784770754713 } moveCount:0
07-23 02:39:14.714 D/TaskStackViewTouchHandler( 2484): reset by scroll up
07-23 02:39:14.714 D/TaskView( 2484): launchTask,animate=true   freezeTaskList=false   isUserClick=true
07-23 02:39:14.714 D/AnimStateManager( 2484): send event 7010 currentState = IdleState windowElement = com.miui.home.recents.anim.WindowElement@c0d9d84
07-23 02:39:14.714 I/AnimStateManager( 2484): IdleState handle event 7010
07-23 02:39:14.714 I/AnimStateManager( 2484): go to state com.miui.home.recents.anim.StateManager$RecentState@ccf681c
07-23 02:39:14.714 I/AnimStateManager( 2484): RecentState handle event 7010
07-23 02:39:14.714 I/AnimStateManager( 2484): onWindowElementChanged. initWindowElement windowElement= com.miui.home.recents.anim.WindowElement@c0d9d84
07-23 02:39:14.714 I/TransitionCallback( 2484): setOpenTaskId = 50693
07-23 02:39:14.714 I/ActivityManagerWrapper( 2484): before startActivityFromRecents
07-23 02:39:14.714 D/Launcher.Boost( 2484): setDynamicVIPTaskIfNeeded::tid = 19110 duration = 1000
07-23 02:39:14.714 D/ActivityManagerWrapper( 2484): startActivityFromRecents,taskId=50693
07-23 02:39:14.714 I/AnimStateManager( 2484): go to state com.miui.home.recents.anim.StateManager$IdleState@4ce3c6
07-23 02:39:14.714 I/AnimStateManager( 2484): CommonState handle event 7010
07-23 02:39:14.714 I/libPowerHal( 1097): [perfLockRel] hdl:232662, idx:11
07-23 02:39:14.717 D/BarFollowAnimation( 1821): onTaskAppearedForCaptionBar Task{f7d7155 #50693 type=standard A=10714:com.tantantribe.tribe}
07-23 02:39:14.717 I/ActivityTaskManager( 1821): moveTaskToFront: Task{a96a38a #50020 type=home I=com.teslacoilsw.launcher/.NovaLauncher} caller trace:com.android.server.wm.TaskDisplayArea.onTaskMoved:461 com.android.server.wm.Task.updateTaskMovement:1758 com.android.server.wm.TaskDisplayArea.positionChildTaskAt:425 com.android.server.wm.TaskDisplayArea.positionChildAt:386 com.android.server.wm.Task.moveToFront:6245 com.android.server.wm.Task.moveToFront:6215 com.android.server.wm.Task.moveToFront:6205 com.android.server.wm.TaskDisplayArea.moveHomeRootTaskToFront:1825 com.android.server.wm.ActivityTaskSupervisor.startActivityFromRecents:3137 com.android.server.wm.ActivityTaskManagerService.startActivityFromRecents:2102 
07-23 02:39:14.718 E/HwcComposer( 1184): presentOrValidateDisplay 0 presentFence:-1
07-23 02:39:14.719 D/BarFollowAnimation( 1821):  CreateBarRunnable  mTask = Task{f7d7155 #50693 type=standard A=10714:com.tantantribe.tribe} mSurfaceControl = Surface(name=Task=50693#138583)/@0xdaccbb currentPid = 1821 currentThread name = BarFollowAnimation Thread currentThread id = 287
07-23 02:39:14.719 D/GreezeManager( 1821): updateCoreKernelID uid=0 add =true pkg=com.teslacoilsw.launcher
07-23 02:39:14.719 W/AppContinuityRouterStub( 1821): chooseCanStartActivityMoveToFront: mNotificationPolicyService is null.
07-23 02:39:14.719 W/AppContinuityRouterStub( 1821): startActivityBlockedFromRecent: mContinuityPolicyService is null.
07-23 02:39:14.721 D/OneHandedController( 2784): stopOneHanded state is 0
07-23 02:39:14.721 D/KeyguardEditorHelper( 2784): onTopActivityMayChanged, topActivity=ComponentInfo{com.teslacoilsw.launcher/com.teslacoilsw.launcher.NovaLauncher}; mState=IDEL
07-23 02:39:14.722 E/ActivityStarterImpl( 1821): checkDeviceGuardStartActivityPermission: request is null
07-23 02:39:14.722 I/SecurityManagerService( 1821): isVirtualDisplayActive, international rom, should not intercept
07-23 02:39:14.723 V/GrammaticalInflectionUtils( 1821): AttributionSource: android.content.AttributionSource@35cdd358 does not have READ_SYSTEM_GRAMMATICAL_GENDER permission.
07-23 02:39:14.724 I/a       ( 8730): 02:39:14.723 [main-2] ⬜ INFO  a — Received android.intent.action.CLOSE_SYSTEM_DIALOGS action
07-23 02:39:14.724 W/OptProp ( 1821): Cannot read opt property android.window.PROPERTY_COMPAT_ALLOW_RESIZEABLE_ACTIVITY_OVERRIDES
07-23 02:39:14.724 D/CompatChangeReporter( 1821): Compat change id reported: 357141415; UID 10714; state: ENABLED
07-23 02:39:14.724 I/MiuiNetworkPolicy( 1821): updateUidState uid = 10385, uidState = 19
07-23 02:39:14.724 W/OptProp ( 1821): Cannot read opt property android.window.PROPERTY_COMPAT_ALLOW_MIN_ASPECT_RATIO_OVERRIDE
07-23 02:39:14.724 D/BLASTSyncEngine( 1821): [DH_DEBUG]scheduleTimeout #9382 success=true timeoutMs=5000 callback=com.android.server.wm.BLASTSyncEngine$SyncGroup$$ExternalSyntheticLambda2@1407f0
07-23 02:39:14.724 I/MiuiNetworkPolicy( 1821): updateUidState uid = 10155, uidState = 19
07-23 02:39:14.724 D/AurogonImmobulusMode( 1821): launch app processName = com.tantantribe.tribe uid = 10714
07-23 02:39:14.724 I/MiuiNetworkPolicy( 1821): updateUidState uid = 10097, uidState = 19
07-23 02:39:14.725 I/ActivityStarterImpl( 1821): isKeyguardEditor: false, newTransition: TransitionRecord{692b169 id=9382 type=OPEN flags=0x0}
07-23 02:39:14.725 D/WindowManager( 1821): Collecting in transition 9382: ActivityRecord{247052270 u0 com.tantantribe.tribe/com.p1.mobile.putong.ui.splash.SplashProxyAct t-1} init visibleRequested:false dc:null
07-23 02:39:14.725 I/ActivityStarterImpl( 1821): boost cold start activity for com.tantantribe.tribe
07-23 02:39:14.725 D/MiuiFreeformServiceImpl( 1821): addLaunchFreeformActivityOptionIfNeed adjust sourceFreeFormActivity from caller: ProcessRecord{580d2ee 2484:com.mi.android.globallauncher/u0a150} sourceFreeFormActivity: null
07-23 02:39:14.725 D/MiuiFreeformServiceImpl( 1821): addLaunchFreeformActivityOptionIfNeed skip due to not find sourceTask: null sourceFfas: null sourceFreeFormActivity: null
07-23 02:39:14.725 I/mtkpower@impl( 1097): [setMode] type:5, enabled:1
07-23 02:39:14.726 I/libPowerHal( 1097): [perfLockAcq] idx:11 hdl:232664 hint:914 pid:1097 tid:1097 duration:3000 lock_user:vendor.mediatek => ret_hdl:232664
07-23 02:39:14.726 I/libPowerHal( 1097): [setClusterFreq] LAUNCH set cpufreq[0] min:1600000 max:-1 cpufreq[1] min:2200000 max:-1 cpufreq[2] min:2200000 max:-1 
07-23 02:39:14.726 I/libPowerHal( 1097): [setGPUFreq] LAUNCH user set gpu freq min:62, max:-1
07-23 02:39:14.726 I/libPowerHal( 1097): LAUNCH: set gpu opp level max: 0
07-23 02:39:14.726 I/libPowerHal( 1097): [setGPUFreq] Soft min/max = (62, 0); Hard min/max = (64, 0)
07-23 02:39:14.726 I/libPowerHal( 1097): [setGPUFreq] final min/max = (62, 0)
07-23 02:39:14.726 I/libPowerHal( 1097): LAUNCH: set gpu opp level: 62
07-23 02:39:14.726 I/libPowerHal( 1097): LAUNCH: set gpu opp level max: 0
07-23 02:39:14.726 I/libPowerHal( 1097): [PE] LAUNCH update cmd:300c000, param:15
07-23 02:39:14.727 D/AurogonBandwidthController( 1821): skinTemperature:39.285
07-23 02:39:14.727 D/AurogonBandwidthController( 1821): skinTemperature:39.285
07-23 02:39:14.727 D/RecentsModel( 2484): onTaskDescriptionChanged =  taskId = 50693
07-23 02:39:14.728 D/BarFollowAnimation( 1821): onTaskInfoChanedForCaptionBar Task{f7d7155 #50693 type=standard A=10714:com.tantantribe.tribe} shouldbeVisible:true isVisible:false isOnTop:false windowMode:1 preDisplayId:-1 displayId:0 mCaptionAssociatedTask:null mIsTouchedInCaption:false
07-23 02:39:14.728 D/BarFollowAnimation( 1821): onTaskInfoChanedForCaptionBar Task{f7d7155 #50693 type=standard A=10714:com.tantantribe.tribe} shouldbeVisible:true isVisible:false isOnTop:false windowMode:1 preDisplayId:-1 displayId:0 mCaptionAssociatedTask:null mIsTouchedInCaption:false
07-23 02:39:14.728 W/OptProp ( 1821): Cannot read opt property android.window.PROPERTY_COMPAT_ALLOW_ORIENTATION_OVERRIDE
07-23 02:39:14.729 D/BarFollowAnimation( 1821): onTaskInfoChanedForCaptionBar Task{f7d7155 #50693 type=standard A=10714:com.tantantribe.tribe} shouldbeVisible:true isVisible:false isOnTop:false windowMode:1 preDisplayId:-1 displayId:0 mCaptionAssociatedTask:null mIsTouchedInCaption:false
07-23 02:39:14.730 D/MiuiFreeFormManagerService( 1821): onStartActivityInner as = Task{f7d7155 #50693 type=standard A=10714:com.tantantribe.tribe} op = ActivityOptions(221652129), mPackageName=null, mAnimationType=11, mStartX=278, mStartY=651, mWidth=664, mHeight=1519, mLaunchDisplayId=-1, mLaunchBoundsnull, mElementSurfaceTransition = null, activityOptionsInjector=ActivityOptionsInjector={freeformScale: -1.0 mIsNormalFreeForm: true}
07-23 02:39:14.730 D/TaskStubImpl( 1821): setToBackByHome false for Task#50693
07-23 02:39:14.730 I/ActivityTaskManager( 1821): moveTaskToFront: Task{f7d7155 #50693 type=standard A=10714:com.tantantribe.tribe} caller trace:com.android.server.wm.TaskDisplayArea.onTaskMoved:461 com.android.server.wm.Task.updateTaskMovement:1758 com.android.server.wm.TaskDisplayArea.positionChildTaskAt:425 com.android.server.wm.TaskDisplayArea.positionChildAt:386 com.android.server.wm.Task.moveToFront:6245 com.android.server.wm.Task.moveToFront:6215 com.android.server.wm.ActivityStarter.startActivityInner:2487 com.android.server.wm.ActivityStarter.startActivityUnchecked:1989 com.android.server.wm.ActivityStarter.executeRequest:1801 com.android.server.wm.ActivityStarter.execute:1005 
07-23 02:39:14.730 I/WindowManager( 1821): Try to add startingWindow type = STARTING_WINDOW_TYPE_SPLASH_SCREEN this = ActivityRecord{247052270 u0 com.tantantribe.tribe/com.p1.mobile.putong.ui.splash.SplashProxyAct t50693} mOccludesParent = true preAllowTaskSnapshot = true afterAllowTaskSnapshot = true newTask = true taskSwitch = false processRunning = false activityCreated = false activityAllDrawn = false isSnapshotCompatible = false snapshotRotation = NaN resolvedTheme = 2131952238 theme = 2131952238
07-23 02:39:14.730 D/RecentsModel( 2484): onTaskDescriptionChanged =  taskId = 50693
07-23 02:39:14.731 I/.apps.translate(29257): AssetManager2(0xb400007525632978) locale list changing from [] to [en-GB]
07-23 02:39:14.731 D/TaskSnapshot_Helper( 1821): app is not pre-defined.
07-23 02:39:14.731 D/SchedBoostThread( 1821): thread tid=1821, priority is set to 1
07-23 02:39:14.731 D/SchedBoostThread( 1821): thread tid=2225, priority is set to 1
07-23 02:39:14.732 D/PreStartingManager( 1821): Get background color: fff8f8f8  key: com.tantantribe.tribe_night  containColor: true
07-23 02:39:14.732 W/BoostModuleDispatcher( 2784): Not found identify scenario.
07-23 02:39:14.732 D/PreStartingManager( 1821): Successfully loaded mColorSurfaceControl. color: fff8f8f8  isNextTransitionForward: true  isLetterboxed: false  colorSurfaceControl: Surface(name=PreColorStarting#138587)/@0xfbf687  ColorSurfaceSize: 1
07-23 02:39:14.732 D/PreStartingManager( 1821): Not fully loaded bitmap yet
07-23 02:39:14.732 D/SchedBoostThread( 1821): thread tid=3076, priority is set to 1
07-23 02:39:14.733 D/HWUI    ( 1821): ImageDecoder_nDecodeBitmap: width = 1220, height = 1694, encodedFormat = 6
07-23 02:39:14.733 D/CompatChangeReporter( 1821): Compat change id reported: 377864165; UID 10714; state: ENABLED
07-23 02:39:14.734 D/AudioTrackImpl( 9435): [audioTrackData][fine] 50s(f:50079 m:0 s:0 k:0 z:0) : pid 9435 uid 10682 sessionId 15289 sr 44100 ch 2 fmt 1 maxAmplitude 7296
07-23 02:39:14.736 D/HWUI    ( 2784): TAG_DDRE, CanvasContext::setDdreActivities: 
07-23 02:39:14.736 I/ViewRootImpl( 2784): Splash Screen com.tantantribe.tribe use first frame acceleration
07-23 02:39:14.736 W/BoostModuleDispatcher( 2784): Not found identify scenario.
07-23 02:39:14.737 D/SchedBoostThread( 1821): thread tid=1821, priority is set to -2
07-23 02:39:14.737 D/SchedBoostThread( 1821): thread tid=2225, priority is set to 0
07-23 02:39:14.737 D/HWUI    ( 2784): ImageDecoder_nDecodeBitmap: width = 1080, height = 1500, encodedFormat = 6
07-23 02:39:14.747 I/CameraActivitySceneMode( 1821): decideSceneMode: ActivityStateChange isn't resumend activityName = com.miui.home.recents.RecentsActivity, displayId = 0, state = 3, mIsVideocallResumed = false
07-23 02:39:14.747 W/AmsExtImpl( 1821): mResumedActivity not in top, reset!
07-23 02:39:14.747 I/PowerHalWrapper( 1821): amsBoostNotify pid:2484,activity:com.miui.home.recents.RecentsActivity, package:com.mi.android.globallauncher, mProcessCreatePackcom.tantantribe.tribe 
07-23 02:39:14.747 I/PowerHalWrapper( 1821): state: 0 
07-23 02:39:14.748 I/mtkpower_client( 1821): [PowerHal_Wrap_notifyAppState] com.mi.android.globallauncher/com.miui.home.recents.RecentsActivity pid=2484 activityId:116164879 state:0
07-23 02:39:14.749 I/MTK_APPList( 1087): [getForegroundAPPInfo]  com.mi.android.globallauncher/com.miui.home.recents.RecentsActivity (pid=2484)
07-23 02:39:14.749 I/vendor.mediatek.hardware.mtkpower_applist-service.mediatek( 1087): MIUI ADDpackName: com.mi.android.globallauncher actName: com.miui.home.recents.RecentsActivity
07-23 02:39:14.749 I/vendor.mediatek.hardware.mtkpower_applist-service.mediatek( 1087): powerhal get success
07-23 02:39:14.749 I/vendor.mediatek.hardware.mtkpower_applist-service.mediatek( 1087): packName: com.mi.android.globallauncher actName: com.miui.home.recents.RecentsActivity pid: 2484 uid: 10150 state: 0
07-23 02:39:14.749 I/MTK_APPList( 1087): [notifyAPPstate] com.mi.android.globallauncher/com.miui.home.recents.RecentsActivity, pid=2484, uid=10150, state:PAUSED, fps:-1, win:1
07-23 02:39:14.749 I/MTK_APPList( 1087): [notifyAPPstate] multi_resumed_app_count: 2
07-23 02:39:14.749 I/MTK_APPList( 1087): [notifyAPPstate] multi_resumed_app_info[0] android/android._31211484, pid:1821, fps:-1, isMultiWindow:0
07-23 02:39:14.749 I/MTK_APPList( 1087): [notifyAPPstate] multi_resumed_app_info[1] android/android._246910122, pid:1821, fps:-1, isMultiWindow:1
07-23 02:39:14.749 I/MTK_APPList( 1087): [getForegroundAPPCount] 2
07-23 02:39:14.749 I/MTK_APPList( 1087): [notifyNetdUID] 10150
07-23 02:39:14.749 I/MTK_APPList( 1087): [notifyPID] 2484
07-23 02:39:14.750 I/libPowerHal( 1097): [perfSetSysInfo] pid type:24, 2484
07-23 02:39:14.750 W/HWUI    ( 2784): Image decoding logging dropped!
07-23 02:39:14.750 D/HWUI    ( 2784): ImageDecoder_nDecodeBitmap: width = 1080, height = 210, encodedFormat = 6
07-23 02:39:14.751 I/PowerHalWrapper( 1821): amsBoostNotify AMS_BOOST_PROCESS_CREATE_BOOST:false 
07-23 02:39:14.751 D/Transition( 1821): setReady 9382 wc=Task{ff28b07 #49867 type=recents I=com.mi.android.globallauncher/com.miui.home.recents.RecentsActivity} ready=false
07-23 02:39:14.751 D/WindowManager( 1821): Collecting in transition 9382: ActivityRecord{247052270 u0 com.tantantribe.tribe/com.p1.mobile.putong.ui.splash.SplashProxyAct t50693} init visibleRequested:false dc:Display{#0 state=ON size=1220x2712 ROTATION_0}
07-23 02:39:14.751 I/MBrainServer( 1394): [INFO] MStaticInfoCenter.cpp:870 IsMBrainOff: disable MBrain, dynamic close
07-23 02:39:14.752 D/LibMBrainHookServer( 1394): Skip to dispatch event java app switch(2)
07-23 02:39:14.752 D/MBrainServiceWrapperAidl( 1821): MBrainServiceWrapper notifyEventToNativeService end
07-23 02:39:14.752 W/HWUI    ( 2784): Image decoding logging dropped!
07-23 02:39:14.752 D/SchedBoostThread( 1821): thread tid=2951, priority is set to 1
07-23 02:39:14.753 W/BoostModuleDispatcher( 2784): Not found identify scenario.
07-23 02:39:14.753 D/ShellSplitScreen( 2784): logExit: no-op, mLoggerSessionId is null
07-23 02:39:14.753 I/SoScStageCoordinator( 2784): Transition requested:TransitionRequestInfo { type = OPEN, triggerTask = TaskInfo{userId=0 taskId=50693 effectiveUid=10714 displayId=0 isRunning=true baseIntent=Intent { act=android.intent.action.MAIN cat=[android.intent.category.LAUNCHER] flg=0x10100000 pkg=com.tantantribe.tribe cmp=com.tantantribe.tribe/com.p1.mobile.putong.ui.splash.SplashProxyAct } baseActivity=ComponentInfo{com.tantantribe.tribe/com.p1.mobile.putong.ui.splash.SplashProxyAct} topActivity=ComponentInfo{com.tantantribe.tribe/com.p1.mobile.putong.ui.splash.SplashProxyAct} origActivity=null realActivity=ComponentInfo{com.tantantribe.tribe/com.p1.mobile.putong.ui.splash.SplashProxyAct} numActivities=1 lastActiveTime=285284950 supportsSplitScreenMultiWindow=true mSoScDisplayMode=-1 supportsMultiWindow=true resizeMode=1 isResizeable=true minWidth=-1 minHeight=-1 defaultMinSize=200 token=WCT{android.window.IWindowContainerToken$Stub$Proxy@841a907} topActivityType=1 pictureInPictureParams=null shouldDockBigOverlays=false launchIntoPipHostTaskId=-1 lastParentTaskIdBeforePip=-1 displayCutoutSafeInsets=Rect(0, 120 - 0, 0) topActivityInfo=ActivityInfo{7df4a34 com.p1.mobile.putong.ui.splash.SplashProxyAct} launchCookies=[] positionInParent=Point(0, 0) parentTaskId=-1 isFocused=false isVisible=false isVisibleRequested=false isTopActivityNoDisplay=false isSleeping=false locusId=null displayAreaFeatureId=1 isTopActivityTransparent=false isActivityStackTransparent=false lastNonFullscreenBounds=Rect(304, 726 - 916, 1946) capturedLink=null capturedLinkTimestamp=0 requestedVisibleTypes=-9 topActivityRequestOpenInBrowserEducationTimestamp=0 appCompatTaskInfo=AppCompatTaskInfo { topActivityInSizeCompat=false eligibleForLetterboxEducation= false topActivityInMiuiSizeCompat=false isLetterboxEducationEnabled= false isLetterboxDoubleTapEnabled= false eligibleForUserAspectRatioButton= false topActivityBoundsLetterboxed= false isFromLetterboxDoubleTap= false topActivityLetterboxVerticalPosition= -1 topActivityLetterboxHorizontalPosition= -1 topActivityLetterboxWidth=-1 topActivityLetterboxHeight=-1 topActivityAppBounds=Rect(0, 0 - 1220, 2712) isUserFullscreenOverrideEnabled=false isSystemFullscreenOverrideEnabled=false hasMinAspectRatioOverride=false topActivityLetterboxBounds=null cameraCompatTaskInfo=CameraCompatTaskInfo { freeformCameraCompatMode=inactive}} isImmersive=false mTopActivityRequestOrientation=-2 mStatusBarParent=null mNavBarParent=null mBehindAppLockPkg=null mOriginatingUid=0 isEmbedded=false shouldBeVisible=true isCreatedByOrganizer=false mIsCastMode=false mTopActivityMediaSize=null mTopActivityRecordName=ActivityRecord{247052270 u0 com.tantantribe.tribe/com.p1.mobile.putong.ui.splash.SplashProxyAct t50693} mTopActivityOrientation=-2 topActivityMainWindowFrame=null}, pipChange = null, remoteTransition = null, displayChange = null, flags = 0, debugId = 9382 } isSoScActive:false triggerTask:TaskInfo{userId=0 taskId=50693 effectiveUid=10714 displayId=0 isRunning=true baseIntent=Intent { act=android.intent.action.MAIN cat=[android.intent.category.LAUNCHER] flg=0x10100000 pkg=com.tantantribe.tribe cmp=com.tantantribe.tribe/com.p1.mobile.putong.ui.splash.SplashProxyAct } baseActivity=ComponentInfo{com.tantantribe.tribe/com.p1.mobile.putong.ui.splash.SplashProxyAct} topActivity=ComponentInfo{com.tantantribe.tribe/com.p1.mobile.putong.ui.splash.SplashProxyAct} origActivity=null realActivity=ComponentInfo{com.tantantribe.tribe/com.p1.mobile.putong.ui.splash.SplashProxyAct} numActivities=1 lastActiveTime=285284950 supportsSplitScreenMultiWindow=true mSoScDisplayMode=-1 supportsMultiWindow=true resizeMode=1 isResizeable=true minWidth=-1 minHeight=-1 defaultMinSize=200 token=WCT{android.window.IWindowContainerToken$Stub$Proxy@841a907} topActivityType=1 pictureInPictureParams=null shouldDockBigOverlays=false launchIntoPipHostTaskId=-1 lastParentTaskIdBeforePip=-1 displayCutoutSafeInsets=Rect(0, 120 - 0, 0) topActivityInfo=ActivityInfo{7df4a34 com.p1.mobile.putong.ui.splash.SplashProxyAct} launchCookies=[] positionInParent=Poi
07-23 02:39:14.753 D/MtkSceneIdentify( 2772): handleMessage: 200
07-23 02:39:14.754 I/.apps.translate(29257): AssetManager2(0xb40000752562c898) locale list changing from [] to [en-GB]
07-23 02:39:14.754 I/ActivityTaskManager( 1821): START u0 {act=android.intent.action.MAIN cat=[android.intent.category.LAUNCHER] flg=0x10100000 xflg=0x4 pkg=com.tantantribe.tribe cmp=com.tantantribe.tribe/com.p1.mobile.putong.ui.splash.SplashProxyAct} with LAUNCH_MULTIPLE from uid 10173 from pid -1 callingPackage com.miui.global.packageinstaller (realCallingUid=10150) (BAL_ALLOW_SAW_PERMISSION) result code=0
07-23 02:39:14.754 I/AppStartScenario( 1821): notifyScenarioChanged: active=true param=Bundle[{uid=10714, name=com.p1.mobile.putong.ui.splash.SplashProxyAct, type=2, preStartProc=false, state=1, processName=com.tantantribe.tribe, packageName=com.tantantribe.tribe, appSwitch=true}]
07-23 02:39:14.754 D/WindowManager( 1821): Set transition=TransitionRecord{692b169 id=9382 type=OPEN flags=0x0 c=[
07-23 02:39:14.754 D/WindowManager( 1821):    ChangeInfo{ef14d20 container=DefaultTaskDisplayArea@123017438 flags=0x0}
07-23 02:39:14.754 D/WindowManager( 1821):    ChangeInfo{8fdc6d9 container=Display{#0 state=ON size=1220x2712 ROTATION_0} flags=0x0}
07-23 02:39:14.754 D/WindowManager( 1821):    ChangeInfo{b79f89e container=ActivityRecord{247052270 u0 com.tantantribe.tribe/com.p1.mobile.putong.ui.splash.SplashProxyAct t50693} flags=0x0}
07-23 02:39:14.754 D/WindowManager( 1821):    ChangeInfo{4e32f7f container=Task{f7d7155 #50693 type=standard A=10714:com.tantantribe.tribe} flags=0x0}
07-23 02:39:14.754 D/WindowManager( 1821): ]
07-23 02:39:14.754 D/WindowManager( 1821): }, ready=false, SyncId=9382 info=used=true, override=false, defer=0, states=Display{#0 state=ON size=1220x2712 ROTATION_0}:false reason=com.android.server.wm.Transition.applyReady:1272 com.android.server.wm.Transition.start:898 com.android.server.wm.WindowOrganizerController.startTransition:540 com.android.server.wm.WindowOrganizerController.startTransition:415 android.window.IWindowOrganizerController$Stub.onTransact:295 com.android.server.wm.WindowOrganizerController.onTransact:269 android.os.Binder.execTransactInternal:1433 android.os.Binder.execTransact:1372 
07-23 02:39:14.754 D/SystemPerformanceHinter( 1821): startSession#HighPerfSession-d0-Transition
07-23 02:39:14.755 I/AnimationScenario( 1821): Big data animation scenario state changed to: true, type is 524
07-23 02:39:14.755 I/.apps.translate(29257): AssetManager2(0xb40000752562d838) locale list changing from [] to [en-GB]
07-23 02:39:14.756 D/PreStartingManager( 1821): notifyStartingAdded success, preSurfaceControl: null  colorSurfaceControl: Surface(name=PreColorStarting#138587)/@0xfbf687
07-23 02:39:14.756 D/MiuiMirrorInputMethodImpl( 1821): InsetsControlTarget invalid!:Window{8e75ad u0 com.mi.android.globallauncher/com.miui.home.recents.RecentsActivity}
07-23 02:39:14.757 I/CameraActivitySceneMode( 1821): decideSceneMode: ActivityStateChange isn't resumend activityName = com.miui.home.recents.RecentsActivity, displayId = 0, state = 4, mIsVideocallResumed = false
07-23 02:39:14.757 W/InsetsSource( 2784): Has no intersection or mTmpFrame.height(), return Insets.NONE mTmpFrame.height() =0 hasIntersection =false
07-23 02:39:14.757 W/InsetsSource( 2784): Has no intersection or mTmpFrame.height(), return Insets.NONE mTmpFrame.height() =0 hasIntersection =false
07-23 02:39:14.757 W/InsetsSource( 2784): Has no intersection or mTmpFrame.height(), return Insets.NONE mTmpFrame.height() =0 hasIntersection =false
07-23 02:39:14.757 D/InputEventReceiver( 2784): Input log is disabled in InputEventReceiver.
07-23 02:39:14.757 I/AppsFilter( 1821): interaction: PackageSetting{ccfbc37 com.android.microdroid.empty_payload/10556} -> PackageSetting{107a038 com.tantantribe.tribe/10714} BLOCKED
07-23 02:39:14.758 D/WindowManager( 1821): Collecting in transition 9382: ActivityRecord{247052270 u0 com.tantantribe.tribe/com.p1.mobile.putong.ui.splash.SplashProxyAct t50693} init visibleRequested:false dc:Display{#0 state=ON size=1220x2712 ROTATION_0}
07-23 02:39:14.758 D/Transition( 1821): setReady 9382 wc=Display{#0 state=ON size=1220x2712 ROTATION_0} ready=true
07-23 02:39:14.758 D/WindowManager( 1821): Set transition=TransitionRecord{692b169 id=9382 type=OPEN flags=0x0 overrideAnimOptions={t=CLIP_REVEAL bounds=Rect(278, 651 - 942, 2170) mUserId=0} c=[
07-23 02:39:14.758 D/WindowManager( 1821):    ChangeInfo{ef14d20 container=DefaultTaskDisplayArea@123017438 flags=0x0}
07-23 02:39:14.758 D/WindowManager( 1821):    ChangeInfo{8fdc6d9 container=Display{#0 state=ON size=1220x2712 ROTATION_0} flags=0x0}
07-23 02:39:14.758 D/WindowManager( 1821):    ChangeInfo{b79f89e container=ActivityRecord{247052270 u0 com.tantantribe.tribe/com.p1.mobile.putong.ui.splash.SplashProxyAct t50693} flags=0x0}
07-23 02:39:14.758 D/WindowManager( 1821):    ChangeInfo{4e32f7f container=Task{f7d7155 #50693 type=standard A=10714:com.tantantribe.tribe} flags=0x0}
07-23 02:39:14.758 D/WindowManager( 1821): ]
07-23 02:39:14.758 D/WindowManager( 1821): }, ready=true, SyncId=9382 info=used=true, override=false, defer=0, states=Display{#0 state=ON size=1220x2712 ROTATION_0}:true reason=com.android.server.wm.Transition.applyReady:1272 com.android.server.wm.Transition.setReady:1254 com.android.server.wm.TransitionController.setReady:1203 com.android.server.wm.TransitionController.setReady:1208 com.android.server.wm.DisplayContent.executeAppTransition:6376 com.android.server.wm.PreStartingManager.setReadyForPreStarting:295 com.android.server.wm.ActivityRecordImpl.setReadyForStartingWindow:2463 com.android.server.wm.ActivityRecord.setVisibleRequested:6348 
07-23 02:39:14.758 D/PreStartingManager( 1821): Execute transition immediately.
07-23 02:39:14.758 W/Transition( 1821): Transition already started id=9382 state=1
07-23 02:39:14.758 I/SmartPower: com.teslacoilsw.launcher/10617(30868)( 1821): visible->invisible(10308ms) R(become invisible) adj=600.
07-23 02:39:14.759 I/SmartPower: com.teslacoilsw.launcher/10617(30868)( 1821): invisible->background(0ms) R(become background) adj=600.
07-23 02:39:14.759 D/WindowManager( 1821): Collecting in transition 9382: ActivityRecord{116164879 u0 com.mi.android.globallauncher/com.miui.home.recents.RecentsActivity t49867} init visibleRequested:true dc:Display{#0 state=ON size=1220x2712 ROTATION_0}
07-23 02:39:14.759 D/WindowManager( 1821): Collecting in transition 9382: WallpaperWindowToken{2dc2ac0 showWhenLocked=true} init visibleRequested:true dc:Display{#0 state=ON size=1220x2712 ROTATION_0}
07-23 02:39:14.760 I/ATMSImpl( 1821): cacheTasksForDefaultDisplay size=10 topId=50693
07-23 02:39:14.761 I/TaskChangeWatcher( 1821): onTaskStackChanged
07-23 02:39:14.761 D/WallpaperControllerImpl( 1821): findWallpapers, containsMiuiDesktop = true, isSameMiuiWallpaper = false
07-23 02:39:14.761 D/WallpaperControllerImpl( 1821): findWallpapers, descriptor = miui.miwallpaper.desktop.Wallpaper, canShowWhenLocked = true
07-23 02:39:14.761 D/WindowManager( 1821): Collecting in transition 9382: WallpaperWindowToken{2dc2ac0 showWhenLocked=true} init visibleRequested:true dc:Display{#0 state=ON size=1220x2712 ROTATION_0}
07-23 02:39:14.761 D/DisplayContentStubImpl( 1821): onNewImeFrame: isImeVisible = false, imeFrame = Rect(0, 0 - 0, 0)
07-23 02:39:14.761 W/InsetsSource( 1821): Has no intersection or mTmpFrame.height(), return Insets.NONE mTmpFrame.height() =0 hasIntersection =false
07-23 02:39:14.761 W/InsetsSource( 1821): Has no intersection or mTmpFrame.height(), return Insets.NONE mTmpFrame.height() =0 hasIntersection =false
07-23 02:39:14.761 D/BarFollowAnimation( 1821): pairAppearanceRegionAndWin win=Window{8e75ad u0 com.mi.android.globallauncher/com.miui.home.recents.RecentsActivity} 8
07-23 02:39:14.762 D/BarFollowAnimation( 1821): isAppTaskBarOnTop win:Window{8e75ad u0 com.mi.android.globallauncher/com.miui.home.recents.RecentsActivity} (mCurrentTopTask:Task{f7d7155 #50693 type=standard A=10714:com.tantantribe.tribe} : true); (mAssociatedTask:null : false); (mHomeTask:Task{7ae3ae8 #50019 type=home} : false); mReparentToOriginParent:true mLastAppBarVisible:false mLastHomeBarVisible:true
07-23 02:39:14.762 D/MiuiRefreshRatePolicy( 1821): reset
07-23 02:39:14.763 D/WindowManager( 1821): isSyncFinished true. ar: ActivityRecord{247052270 u0 com.tantantribe.tribe/com.p1.mobile.putong.ui.splash.SplashProxyAct t50693}
07-23 02:39:14.763 D/PreStartingManager( 1821): showPreStarting, colorSurfaceControl: Surface(name=PreColorStarting#138587)/@0xfbf687  preSurfaceControl: null
07-23 02:39:14.763 I/SmartPower: com.tantantribe.tribe/10714(16926)( 1821): died->visible(10404ms) R(become visible) adj=-10000.
07-23 02:39:14.763 D/BarFollowAnimation( 1821): onTaskInfoChanedForCaptionBar Task{f7d7155 #50693 type=standard A=10714:com.tantantribe.tribe} shouldbeVisible:true isVisible:true isOnTop:true windowMode:1 preDisplayId:-1 displayId:0 mCaptionAssociatedTask:null mIsTouchedInCaption:false
07-23 02:39:14.763 I/Transition( 1821): calculateTargets isHomeOpen = false, isHomeLaunchApp = false
07-23 02:39:14.763 I/MultiTaskingTaskRepository( 2784): onTaskAppeared::taskId = 50693 mTasks: 50689, 50683, 50682, 50674, 50667, 50627, 50457, 50387, 50314, 50236, 50019, 49877, 49867, 9, 8, 7, 6, 5, 4, 
07-23 02:39:14.763 D/BarFollowAnimation( 1821): reparentStausBarToAppTask
07-23 02:39:14.763 D/MultiTaskingTaskRepository( 2784): addOrMoveFullscreenTaskToTop::taskId = 50693
07-23 02:39:14.763 D/MiuiMultiWindowRecommendHelper( 2784): device not support split screen recommend
07-23 02:39:14.763 D/WindowManager( 1821): Final targets: [ChangeInfo{4e32f7f container=Task{f7d7155 #50693 type=standard A=10714:com.tantantribe.tribe} flags=0x30}, ChangeInfo{c023e50 container=Task{ff28b07 #49867 type=recents I=com.mi.android.globallauncher/com.miui.home.recents.RecentsActivity} flags=0x10}, ChangeInfo{dd11849 container=WallpaperWindowToken{2dc2ac0 showWhenLocked=true} flags=0x0}]
07-23 02:39:14.763 D/MultiTaskingTaskRepository( 2784): putOrUpdateTaskInfo::taskInfo.taskId = 50693 current mMultiTaskingTaskInfoList:  ,50689 ,50683 ,50682 ,50674 ,50667 ,50627 ,50457 ,50387 ,50314 ,50236 ,49877 ,6 ,5
07-23 02:39:14.763 D/MultiTaskingTaskRepository( 2784): java.lang.Throwable
07-23 02:39:14.763 D/MultiTaskingTaskRepository( 2784): 	at com.android.wm.shell.multitasking.common.taskmanager.MultiTaskingTaskRepository.updateMultiTaskingTaskInfo(go/retraceme f3dc8efabbba06a104b98c7bb51187d8df1a83c76b21e71b40700c7eb4b5f534:71)
07-23 02:39:14.763 D/MultiTaskingTaskRepository( 2784): 	at com.android.wm.shell.multitasking.common.taskmanager.MultiTaskingTaskRepository.putOrUpdateTaskInfo(go/retraceme f3dc8efabbba06a104b98c7bb51187d8df1a83c76b21e71b40700c7eb4b5f534:40)
07-23 02:39:14.763 D/MultiTaskingTaskRepository( 2784): 	at com.android.wm.shell.multitasking.common.taskmanager.MultiTaskingTaskRepository.onTaskAppeared(go/retraceme f3dc8efabbba06a104b98c7bb51187d8df1a83c76b21e71b40700c7eb4b5f534:42)
07-23 02:39:14.763 D/MultiTaskingTaskRepository( 2784): 	at com.android.wm.shell.multitasking.common.taskmanager.MultiTaskingTaskListener.onTaskAppeared(go/retraceme f3dc8efabbba06a104b98c7bb51187d8df1a83c76b21e71b40700c7eb4b5f534:3)
07-23 02:39:14.763 D/MultiTaskingTaskRepository( 2784): 	at com.android.wm.shell.ShellTaskOrganizer.onTaskAppeared(go/retraceme f3dc8efabbba06a104b98c7bb51187d8df1a83c76b21e71b40700c7eb4b5f534:14)
07-23 02:39:14.763 D/MultiTaskingTaskRepository( 2784): 	at com.android.wm.shell.ShellTaskOrganizer.onTaskAppeared(go/retraceme f3dc8efabbba06a104b98c7bb51187d8df1a83c76b21e71b40700c7eb4b5f534:4)
07-23 02:39:14.763 D/MultiTaskingTaskRepository( 2784): 	at android.window.TaskOrganizer$1.lambda$onTaskAppeared$4(TaskOrganizer.java:290)
07-23 02:39:14.763 D/MultiTaskingTaskRepository( 2784): 	at android.window.TaskOrganizer$1.$r8$lambda$JFybI7116bqnvmWm835b0heUmQg(TaskOrganizer.java:0)
07-23 02:39:14.763 D/MultiTaskingTaskRepository( 2784): 	at android.window.TaskOrganizer$1$$ExternalSyntheticLambda13.run(D8$$SyntheticClass:0)
07-23 02:39:14.763 D/MultiTaskingTaskRepository( 2784): 	at android.os.Handler.handleCallback(Handler.java:1029)
07-23 02:39:14.763 D/MultiTaskingTaskRepository( 2784): 	at android.os.Handler.dispatchMessage(Handler.java:107)
07-23 02:39:14.763 D/MultiTaskingTaskRepository( 2784): 	at android.os.Looper.loopOnce(Looper.java:274)
07-23 02:39:14.763 D/MultiTaskingTaskRepository( 2784): 	at android.os.Looper.loop(Looper.java:369)
07-23 02:39:14.763 D/MultiTaskingTaskRepository( 2784): 	at android.os.HandlerThread.run(HandlerThread.java:85)
07-23 02:39:14.763 I/MultiTaskingTaskInfo( 2784): MultiTaskingBaseTaskInfo::MultiTaskingBaseTaskInfo::mTaskBounds = Rect(0, 0 - 1220, 2712), mTaskId = 50693
07-23 02:39:14.764 I/MultiTaskingCoverLayerController( 2784): create cover layer, tag = 50693
07-23 02:39:14.764 D/MultiTaskingAnimTarget( 2784): setAnimParam bounds: Rect(0, 0 - 1220, 2712) scaleX: 1.0 scaleY: 1.0
07-23 02:39:14.764 D/MultiTaskingAnimTarget( 2784): java.lang.Throwable
07-23 02:39:14.764 D/MultiTaskingAnimTarget( 2784): 	at com.android.wm.shell.multitasking.common.animation.MultiTaskingAnimTarget.setAnimParam(go/retraceme f3dc8efabbba06a104b98c7bb51187d8df1a83c76b21e71b40700c7eb4b5f534:36)
07-23 02:39:14.764 D/MultiTaskingAnimTarget( 2784): 	at com.android.wm.shell.multitasking.common.animation.MultiTaskingFolmeControl.updateBaseAnimParam(go/retraceme f3dc8efabbba06a104b98c7bb51187d8df1a83c76b21e71b40700c7eb4b5f534:15)
07-23 02:39:14.764 D/MultiTaskingAnimTarget( 2784): 	at com.android.wm.shell.multitasking.common.taskmanager.MultiTaskingTaskInfo.<init>(go/retraceme f3dc8efabbba06a104b98c7bb51187d8df1a83c76b21e71b40700c7eb4b5f534:35)
07-23 02:39:14.764 D/MultiTaskingAnimTarget( 2784): 	at com.android.wm.shell.multitasking.common.taskmanager.MultiTaskingTaskRepository.updateMultiTaskingTaskInfo(go/retraceme f3dc8efabbba06a104b98c7bb51187d8df1a83c76b21e71b40700c7eb4b5f534:102)
07-23 02:39:14.764 D/MultiTaskingAnimTarget( 2784): 	at com.android.wm.shell.multitasking.common.taskmanager.MultiTaskingTaskRepository.putOrUpdateTaskInfo(go/retraceme f3dc8efabbba06a104b98c7bb51187d8df1a83c76b21e71b40700c7eb4b5f534:40)
07-23 02:39:14.764 D/MultiTaskingAnimTarget( 2784): 	at com.android.wm.shell.multitasking.common.taskmanager.MultiTaskingTaskRepository.onTaskAppeared(go/retraceme f3dc8efabbba06a104b98c7bb51187d8df1a83c76b21e71b40700c7eb4b5f534:42)
07-23 02:39:14.764 D/MultiTaskingAnimTarget( 2784): 	at com.android.wm.shell.multitasking.common.taskmanager.MultiTaskingTaskListener.onTaskAppeared(go/retraceme f3dc8efabbba06a104b98c7bb51187d8df1a83c76b21e71b40700c7eb4b5f534:3)
07-23 02:39:14.764 D/MultiTaskingAnimTarget( 2784): 	at com.android.wm.shell.ShellTaskOrganizer.onTaskAppeared(go/retraceme f3dc8efabbba06a104b98c7bb51187d8df1a83c76b21e71b40700c7eb4b5f534:14)
07-23 02:39:14.764 D/MultiTaskingAnimTarget( 2784): 	at com.android.wm.shell.ShellTaskOrganizer.onTaskAppeared(go/retraceme f3dc8efabbba06a104b98c7bb51187d8df1a83c76b21e71b40700c7eb4b5f534:4)
07-23 02:39:14.764 D/MultiTaskingAnimTarget( 2784): 	at android.window.TaskOrganizer$1.lambda$onTaskAppeared$4(TaskOrganizer.java:290)
07-23 02:39:14.764 D/MultiTaskingAnimTarget( 2784): 	at android.window.TaskOrganizer$1.$r8$lambda$JFybI7116bqnvmWm835b0heUmQg(TaskOrganizer.java:0)
07-23 02:39:14.764 D/MultiTaskingAnimTarget( 2784): 	at android.window.TaskOrganizer$1$$ExternalSyntheticLambda13.run(D8$$SyntheticClass:0)
07-23 02:39:14.764 D/MultiTaskingAnimTarget( 2784): 	at android.os.Handler.handleCallback(Handler.java:1029)
07-23 02:39:14.764 D/MultiTaskingAnimTarget( 2784): 	at android.os.Handler.dispatchMessage(Handler.java:107)
07-23 02:39:14.764 D/MultiTaskingAnimTarget( 2784): 	at android.os.Looper.loopOnce(Looper.java:274)
07-23 02:39:14.764 D/MultiTaskingAnimTarget( 2784): 	at android.os.Looper.loop(Looper.java:369)
07-23 02:39:14.764 D/MultiTaskingAnimTarget( 2784): 	at android.os.HandlerThread.run(HandlerThread.java:85)
07-23 02:39:14.764 D/MultiTaskingFolmeControl( 2784): updateBaseAnimParam taskId = 50693 taskBounds : Rect(0, 0 - 1220, 2712)
07-23 02:39:14.764 I/SurfaceFlinger( 1184): [SF-ColorSample] Transition anim start
07-23 02:39:14.764 I/DynamicIslandService( 1821): elementSurfaceTransition is null for:com.tantantribe.tribe
07-23 02:39:14.764 D/EventBus( 2484): No subscribers registered for event class com.miui.home.recents.messages.RecentTasksChangedEvent
07-23 02:39:14.764 D/EventBus( 2484): No subscribers registered for event class org.greenrobot.eventbus.NoSubscriberEvent
07-23 02:39:14.764 I/system_server( 1821): AssetManager2(0xb40000752564f4d8) locale list changing from [] to [en-GB]
07-23 02:39:14.765 I/DynamicIslandService( 1821): elementSurfaceTransition is null for:com.mi.android.globallauncher
07-23 02:39:14.765 D/WindowManager( 1821): Calling onTransitionReady info={id=9382 t=OPEN f=0x0 trk=0 r=[0@Point(0, 0)] c=[{WCT{RemoteToken{53d7c3b Task{f7d7155 #50693 type=standard A=10714:com.tantantribe.tribe}}} m=TO_FRONT f=MOVE_TO_TOP leash=Surface(name=Task=50693#138583)/@0xdaccbb sb=Rect(0, 0 - 1220, 2712) eb=Rect(0, 0 - 1220, 2712) epz=Point(1220, 2712) d=0 taskParent=-1 v=trueMiuiChangeImpl {miuiEmbedding:false, scale:1.0}},{WCT{RemoteToken{f431324 Task{ff28b07 #49867 type=recents I=com.mi.android.globallauncher/com.miui.home.recents.RecentsActivity}}} m=TO_BACK f=SHOW_WALLPAPER leash=Surface(name=Task=49867#18158)/@0x6d6ed46 sb=Rect(0, 0 - 1220, 2712) eb=Rect(0, 0 - 1220, 2712) epz=Point(1220, 2712) d=0 taskParent=-1 v=falseMiuiChangeImpl {miuiEmbedding:false, scale:1.0}},{m=TO_BACK f=IS_WALLPAPER leash=Surface(name=WallpaperWindowToken{2dc2ac0 showWhenLocked=false}#60)/@0xd44e3f9 sb=Rect(0, 0 - 1220, 2712) eb=Rect(0, 0 - 1220, 2712) epz=Point(1220, 2712) d=0 v=falseMiuiChangeImpl {miuiEmbedding:false, scale:1.0}}] mk=[false] noAni=[false] df=[false] rsa=[false] oa=[false] nc=[0] ho=[false] hla=[false] iSync=[-1]}, mToken=Token{8bf8768 TransitionRecord{692b169 id=9382 type=OPEN flags=0x0 overrideAnimOptions={t=CLIP_REVEAL bounds=Rect(278, 651 - 942, 2170) mUserId=0} c=[
07-23 02:39:14.765 D/WindowManager( 1821):    ChangeInfo{dd11849 container=WallpaperWindowToken{2dc2ac0 showWhenLocked=true} flags=0x0}
07-23 02:39:14.765 D/WindowManager( 1821):    ChangeInfo{73e8781 container=ActivityRecord{116164879 u0 com.mi.android.globallauncher/com.miui.home.recents.RecentsActivity t49867} flags=0x0}
07-23 02:39:14.765 D/WindowManager( 1821):    ChangeInfo{ef14d20 container=DefaultTaskDisplayArea@123017438 flags=0x0}
07-23 02:39:14.765 D/WindowManager( 1821):    ChangeInfo{8fdc6d9 container=Display{#0 state=ON size=1220x2712 ROTATION_0} flags=0x0}
07-23 02:39:14.765 D/WindowManager( 1821):    ChangeInfo{b79f89e container=ActivityRecord{247052270 u0 com.tantantribe.tribe/com.p1.mobile.putong.ui.splash.SplashProxyAct t50693} flags=0x0}
07-23 02:39:14.765 D/WindowManager( 1821):    ChangeInfo{4e32f7f container=Task{f7d7155 #50693 type=standard A=10714:com.tantantribe.tribe} flags=0x30}
07-23 02:39:14.765 D/WindowManager( 1821):    ChangeInfo{c023e50 container=Task{ff28b07 #49867 type=recents I=com.mi.android.globallauncher/com.miui.home.recents.RecentsActivity} flags=0x10}
07-23 02:39:14.765 D/WindowManager( 1821): ]
07-23 02:39:14.765 D/WindowManager( 1821): }}
07-23 02:39:14.766 W/BpBinder( 1821): Large outgoing transaction of 25376 bytes, interface descriptor android.window.ITransitionPlayer, code 1 was sent
07-23 02:39:14.766 D/BLASTSyncEngine( 1821): [DH_DEBUG]remove timeout #9382 callback=com.android.server.wm.BLASTSyncEngine$SyncGroup$$ExternalSyntheticLambda2@1407f0
07-23 02:39:14.767 I/system_server( 1821): AssetManager2(0xb40000752570d578) locale list changing from [] to [en-GB]
07-23 02:39:14.767 D/BarFollowAnimation( 1821): disableBarAnimation change={WCT{RemoteToken{53d7c3b Task{f7d7155 #50693 type=standard A=10714:com.tantantribe.tribe}}} m=TO_FRONT f=MOVE_TO_TOP leash=Surface(name=Task=50693#138583)/@0xdaccbb sb=Rect(0, 0 - 1220, 2712) eb=Rect(0, 0 - 1220, 2712) epz=Point(1220, 2712) d=0 taskParent=-1 v=trueMiuiChangeImpl {miuiEmbedding:false, scale:1.0}} 1 1
07-23 02:39:14.767 D/BarFollowAnimation( 1821): disableBarAnimation change={WCT{RemoteToken{f431324 Task{ff28b07 #49867 type=recents I=com.mi.android.globallauncher/com.miui.home.recents.RecentsActivity}}} m=TO_BACK f=SHOW_WALLPAPER leash=Surface(name=Task=49867#18158)/@0x6d6ed46 sb=Rect(0, 0 - 1220, 2712) eb=Rect(0, 0 - 1220, 2712) epz=Point(1220, 2712) d=0 taskParent=-1 v=falseMiuiChangeImpl {miuiEmbedding:false, scale:1.0}} 1 1
07-23 02:39:14.767 D/BarFollowAnimation( 1821): disableBarAnimation change={m=TO_BACK f=IS_WALLPAPER leash=Surface(name=WallpaperWindowToken{2dc2ac0 showWhenLocked=false}#60)/@0xd44e3f9 sb=Rect(0, 0 - 1220, 2712) eb=Rect(0, 0 - 1220, 2712) epz=Point(1220, 2712) d=0 v=falseMiuiChangeImpl {miuiEmbedding:false, scale:1.0}} 1 1
07-23 02:39:14.767 D/BarFollowAnimation( 1821): startStatusBarAnimation change= {WCT{RemoteToken{53d7c3b Task{f7d7155 #50693 type=standard A=10714:com.tantantribe.tribe}}} m=TO_FRONT f=MOVE_TO_TOP leash=Surface(name=Task=50693#138583)/@0xdaccbb sb=Rect(0, 0 - 1220, 2712) eb=Rect(0, 0 - 1220, 2712) epz=Point(1220, 2712) d=0 taskParent=-1 v=trueMiuiChangeImpl {miuiEmbedding:false, scale:1.0}} isRecent=false startWindowMode=1 endWindowMode=1 statusState=-1 isRotationAnimation=false
07-23 02:39:14.767 D/BarFollowAnimation( 1821): startStatusBarAnimation change= {WCT{RemoteToken{f431324 Task{ff28b07 #49867 type=recents I=com.mi.android.globallauncher/com.miui.home.recents.RecentsActivity}}} m=TO_BACK f=SHOW_WALLPAPER leash=Surface(name=Task=49867#18158)/@0x6d6ed46 sb=Rect(0, 0 - 1220, 2712) eb=Rect(0, 0 - 1220, 2712) epz=Point(1220, 2712) d=0 taskParent=-1 v=falseMiuiChangeImpl {miuiEmbedding:false, scale:1.0}} isRecent=false startWindowMode=1 endWindowMode=1 statusState=-1 isRotationAnimation=false
07-23 02:39:14.767 D/BarFollowAnimation( 1821): startStatusBarAnimation hometask=Task{ff28b07 #49867 type=recents I=com.mi.android.globallauncher/com.miui.home.recents.RecentsActivity}
07-23 02:39:14.767 D/BarFollowAnimation( 1821): startStatusBarAnimation mHomeSurface=Surface(name=StatusBar Container of Task = 49867#18161)/@0x87d3ff
07-23 02:39:14.767 D/BarFollowAnimation( 1821): startStatusBarAnimation task=Task{f7d7155 #50693 type=standard A=10714:com.tantantribe.tribe}
07-23 02:39:14.767 D/BarFollowAnimation( 1821): startStatusBarAnimation mAppSurface=Surface(name=StatusBar Container of Task = 50693#138585)/@0x1188d31
07-23 02:39:14.767 D/BarFollowAnimation( 1821): bindAssociatedTask task=Task{f7d7155 #50693 type=standard A=10714:com.tantantribe.tribe}
07-23 02:39:14.768 W/HWUI    ( 1821): Image decoding logging dropped!
07-23 02:39:14.768 D/HWUI    ( 1821): ImageDecoder_nDecodeBitmap: width = 1220, height = 237, encodedFormat = 6
07-23 02:39:14.769 E/HwcComposer( 1184): presentOrValidateDisplay 0 presentFence:-1
07-23 02:39:14.769 W/SchedBoostThread( 1821): handleThreadSched, mode: 12 for tid: 2951 is still work
07-23 02:39:14.770 D/MultiTaskingTaskRepository( 2784): addOrMoveFullscreenTaskToTop::taskId = 50693
07-23 02:39:14.770 D/MiuiMultiWindowRecommendHelper( 2784): device not support split screen recommend
07-23 02:39:14.770 I/MultiTaskingTaskInfo( 2784): MultiTaskingBaseTaskInfo::update::mTaskBounds = Rect(0, 0 - 1220, 2712), mTaskId = 50693
07-23 02:39:14.770 D/MultiTaskingTransitionsHelper( 2784): skip updateBaseAnimParam taskId: 50693 pendingTransitions: [] readyDuringSync: [] tracks: [Track #0 readyTransitions: [{id=9382 t=OPEN f=0x0 trk=0 r=[0@Point(0, 0)] c=[{m=TO_FRONT f=MOVE_TO_TOP leash=Surface(name=Task=50693#138583)/@0xd6dabcc sb=Rect(0, 0 - 1220, 2712) eb=Rect(0, 0 - 1220, 2712) epz=Point(1220, 2712) d=0 taskParent=-1 v=trueMiuiChangeImpl {miuiEmbedding:false, scale:1.0}},{m=TO_BACK f=SHOW_WALLPAPER leash=Surface(name=Task=49867#18158)/@0x2546f1b sb=Rect(0, 0 - 1220, 2712) eb=Rect(0, 0 - 1220, 2712) epz=Point(1220, 2712) d=0 taskParent=-1 v=falseMiuiChangeImpl {miuiEmbedding:false, scale:1.0}},{m=TO_BACK f=IS_WALLPAPER leash=Surface(name=WallpaperWindowToken{2dc2ac0 showWhenLocked=false}#60)/@0x5c0e1f7 sb=Rect(0, 0 - 1220, 2712) eb=Rect(0, 0 - 1220, 2712) epz=Point(1220, 2712) d=0 v=falseMiuiChangeImpl {miuiEmbedding:false, scale:1.0}}] mk=[false] noAni=[false] df=[false] rsa=[false] oa=[false] nc=[0] ho=[false] hla=[false] iSync=[-1]}android.os.BinderProxy@c97c346]Track #1 readyTransitions: []Track #2 readyTransitions: []]
07-23 02:39:14.770 D/MulWinSwitchDecorViewModel( 2784): onTaskChanging taskId:50693 decoration = null
07-23 02:39:14.770 D/MulWinSwitchDecorViewModel( 2784): createWindowDecoration: taskId=50693, isHome=false, windowingMode=1, mWindowDecorByTaskId.size()=13, callers=com.android.wm.shell.multitasking.miuimultiwinswitch.miuiwindowdecor.MulWinSwitchDecorViewModel.onTaskChanging:95 com.android.wm.shell.freeform.FreeformTaskTransitionObserver.onTransitionReady:283 com.android.wm.shell.transition.Transitions.dispatchReady:241 com.android.wm.shell.transition.Transitions.onTransitionReady:280 com.android.wm.shell.transition.Transitions$TransitionPlayerImpl$$ExternalSyntheticLambda1.run:48 
07-23 02:39:14.770 D/MiuiDecorationController( 2784): relayout::taskId=50693, visible=true, bounds=Rect(0, 0 - 1220, 2712), focused=false, oldImmersive=false, newImmersive=false, windowMode=1, activityType=1, displayId=0, baseActivity=ComponentInfo{com.tantantribe.tribe/com.p1.mobile.putong.ui.splash.SplashProxyAct}, topActivity=ComponentInfo{com.tantantribe.tribe/com.p1.mobile.putong.ui.splash.SplashProxyAct}, callers=com.android.wm.shell.multitasking.miuimultiwinswitch.miuiwindowdecor.MulWinSwitchDecorViewModel.createWindowDecoration:317 com.android.wm.shell.multitasking.miuimultiwinswitch.miuiwindowdecor.MulWinSwitchDecorViewModel.onTaskChanging:95 com.android.wm.shell.freeform.FreeformTaskTransitionObserver.onTransitionReady:283 com.android.wm.shell.transition.Transitions.dispatchReady:241 com.android.wm.shell.transition.Transitions.onTransitionReady:280 
07-23 02:39:14.770 D/MiuiDecorationDot( 2784): needTopCaption: isFullscreen = true isPadDevice = false isFoldInnerScreen = false canShowCaptionWhenCasting = false
07-23 02:39:14.771 D/MiuiDecorationDot( 2784): releaseViews_TopCaption: taskId=50693
07-23 02:39:14.771 D/MiuiDecorationDot( 2784): releaseViews_TopCaption: taskId=50693
07-23 02:39:14.771 D/MiuiDecorationBottom( 2784): needBottomCaption: needSupportNavigationHandle = false
07-23 02:39:14.771 D/MiuiDecorationBottom( 2784): releaseViews_BottomCaption: taskId=50693
07-23 02:39:14.771 D/MiuiDecorationBottom( 2784): releaseViews_BottomCaption: taskId=50693
07-23 02:39:14.771 D/MulWinSwitchDecorViewModel( 2784): onTaskChanging taskId:49867 decoration = null
07-23 02:39:14.771 D/MulWinSwitchDecorViewModel( 2784): createWindowDecoration: already exist home bottom decoration. homeTaskId = 50019, taskId = 49867
07-23 02:39:14.771 D/MultiTaskingTransitionHandler( 2784): canHandleTransition try handler: com.android.wm.shell.multitasking.miuifreeform.MiuiFreeformModeAnimation@aa70d74
07-23 02:39:14.771 D/MultiTaskingTransitionHandler( 2784): canHandleTransition try handler: com.android.wm.shell.multitasking.miuimultiwinswitch.MulWinSwitchTransition@a037514
07-23 02:39:14.771 I/ShellTransitions( 2784): getMaybeHandlerType active = (#9382) android.os.BinderProxy@c97c346@0, type = 0
07-23 02:39:14.771 I/ShellTransitions( 2784): Is abandon offsetY: false
07-23 02:39:14.771 I/ShellTransitions( 2784): Is abandon offsetY: false
07-23 02:39:14.771 I/ShellTransitions( 2784): Is abandon offsetY: false
07-23 02:39:14.771 D/ShellSplitScreen( 2784): startAnimation: transition=9382 isSplitActive=false
07-23 02:39:14.771 D/SoScStageCoordinator( 2784): inCloseTransition:false inSoScUnactivie:true mDeferUpdateSoScStateCount:0
07-23 02:39:14.771 D/MultiTaskingTransitionHandler( 2784): startAnimation try handler: com.android.wm.shell.multitasking.miuifreeform.MiuiFreeformModeAnimation@aa70d74
07-23 02:39:14.771 D/MultiTaskingTransitionHandler( 2784): startAnimation try handler: com.android.wm.shell.multitasking.miuimultiwinswitch.MulWinSwitchTransition@a037514
07-23 02:39:14.771 W/MulWinSwitchTransition( 2784): startAnimation::receive an unknown transition:: token = android.os.BinderProxy@c97c346 type = OPEN
